CRITICAL - 2025-06-09 04:23:46 --> ErrorException: Undefined variable $producto
[Method: GET, Route: contacto]
in APPPATH\Views\admin\productos\crear.php on line 203.
 1 APPPATH\Views\admin\productos\crear.php(203): CodeIgniter\Debug\Exceptions->errorHandler(2, 'Undefined variable $producto', 'C:\\xampp\\htdocs\\proyecto_benitez_lopez\\app\\Views\\admin\\productos\\crear.php', 203)
 2 SYSTEMPATH\View\View.php(224): include('C:\\xampp\\htdocs\\proyecto_benitez_lopez\\app\\Views\\admin\\productos\\crear.php')
 3 SYSTEMPATH\View\View.php(227): CodeIgniter\View\View->CodeIgniter\View\{closure}()
 4 SYSTEMPATH\Common.php(1173): CodeIgniter\View\View->render('admin/productos/crear', [], true)
 5 APPPATH\Controllers\Home.php(25): view('admin/productos/crear')
 6 SYSTEMPATH\CodeIgniter.php(933): App\Controllers\Home->contacto()
 7 SYSTEMPATH\CodeIgniter.php(507): CodeIgniter\CodeIgniter->runController(Object(App\Controllers\Home))
 8 SYSTEMPATH\CodeIgniter.php(354): CodeIgniter\CodeIgniter->handleRequest(null, Object(Config\Cache), false)
 9 SYSTEMPATH\Boot.php(334): CodeIgniter\CodeIgniter->run()
10 SYSTEMPATH\Boot.php(67): CodeIgniter\Boot::runCodeIgniter(Object(CodeIgniter\CodeIgniter))
11 FCPATH\index.php(56): CodeIgniter\Boot::bootWeb(Object(Config\Paths))
CRITICAL - 2025-06-09 04:27:39 --> ErrorException: Undefined variable $producto
[Method: GET, Route: contacto]
in APPPATH\Views\admin\productos\crear.php on line 202.
 1 APPPATH\Views\admin\productos\crear.php(202): CodeIgniter\Debug\Exceptions->errorHandler(2, 'Undefined variable $producto', 'C:\\xampp\\htdocs\\proyecto_benitez_lopez\\app\\Views\\admin\\productos\\crear.php', 202)
 2 SYSTEMPATH\View\View.php(224): include('C:\\xampp\\htdocs\\proyecto_benitez_lopez\\app\\Views\\admin\\productos\\crear.php')
 3 SYSTEMPATH\View\View.php(227): CodeIgniter\View\View->CodeIgniter\View\{closure}()
 4 SYSTEMPATH\Common.php(1173): CodeIgniter\View\View->render('admin/productos/crear', [], true)
 5 APPPATH\Controllers\Home.php(25): view('admin/productos/crear')
 6 SYSTEMPATH\CodeIgniter.php(933): App\Controllers\Home->contacto()
 7 SYSTEMPATH\CodeIgniter.php(507): CodeIgniter\CodeIgniter->runController(Object(App\Controllers\Home))
 8 SYSTEMPATH\CodeIgniter.php(354): CodeIgniter\CodeIgniter->handleRequest(null, Object(Config\Cache), false)
 9 SYSTEMPATH\Boot.php(334): CodeIgniter\CodeIgniter->run()
10 SYSTEMPATH\Boot.php(67): CodeIgniter\Boot::runCodeIgniter(Object(CodeIgniter\CodeIgniter))
11 FCPATH\index.php(56): CodeIgniter\Boot::bootWeb(Object(Config\Paths))
CRITICAL - 2025-06-09 04:28:37 --> ErrorException: Undefined variable $producto
[Method: GET, Route: contacto]
in APPPATH\Views\admin\productos\crear.php on line 14.
 1 APPPATH\Views\admin\productos\crear.php(14): CodeIgniter\Debug\Exceptions->errorHandler(2, 'Undefined variable $producto', 'C:\\xampp\\htdocs\\proyecto_benitez_lopez\\app\\Views\\admin\\productos\\crear.php', 14)
 2 SYSTEMPATH\View\View.php(224): include('C:\\xampp\\htdocs\\proyecto_benitez_lopez\\app\\Views\\admin\\productos\\crear.php')
 3 SYSTEMPATH\View\View.php(227): CodeIgniter\View\View->CodeIgniter\View\{closure}()
 4 SYSTEMPATH\Common.php(1173): CodeIgniter\View\View->render('admin/productos/crear', [], true)
 5 APPPATH\Controllers\Home.php(25): view('admin/productos/crear')
 6 SYSTEMPATH\CodeIgniter.php(933): App\Controllers\Home->contacto()
 7 SYSTEMPATH\CodeIgniter.php(507): CodeIgniter\CodeIgniter->runController(Object(App\Controllers\Home))
 8 SYSTEMPATH\CodeIgniter.php(354): CodeIgniter\CodeIgniter->handleRequest(null, Object(Config\Cache), false)
 9 SYSTEMPATH\Boot.php(334): CodeIgniter\CodeIgniter->run()
10 SYSTEMPATH\Boot.php(67): CodeIgniter\Boot::runCodeIgniter(Object(CodeIgniter\CodeIgniter))
11 FCPATH\index.php(56): CodeIgniter\Boot::bootWeb(Object(Config\Paths))
CRITICAL - 2025-06-09 04:28:38 --> ErrorException: Undefined variable $producto
[Method: GET, Route: contacto]
in APPPATH\Views\admin\productos\crear.php on line 14.
 1 APPPATH\Views\admin\productos\crear.php(14): CodeIgniter\Debug\Exceptions->errorHandler(2, 'Undefined variable $producto', 'C:\\xampp\\htdocs\\proyecto_benitez_lopez\\app\\Views\\admin\\productos\\crear.php', 14)
 2 SYSTEMPATH\View\View.php(224): include('C:\\xampp\\htdocs\\proyecto_benitez_lopez\\app\\Views\\admin\\productos\\crear.php')
 3 SYSTEMPATH\View\View.php(227): CodeIgniter\View\View->CodeIgniter\View\{closure}()
 4 SYSTEMPATH\Common.php(1173): CodeIgniter\View\View->render('admin/productos/crear', [], true)
 5 APPPATH\Controllers\Home.php(25): view('admin/productos/crear')
 6 SYSTEMPATH\CodeIgniter.php(933): App\Controllers\Home->contacto()
 7 SYSTEMPATH\CodeIgniter.php(507): CodeIgniter\CodeIgniter->runController(Object(App\Controllers\Home))
 8 SYSTEMPATH\CodeIgniter.php(354): CodeIgniter\CodeIgniter->handleRequest(null, Object(Config\Cache), false)
 9 SYSTEMPATH\Boot.php(334): CodeIgniter\CodeIgniter->run()
10 SYSTEMPATH\Boot.php(67): CodeIgniter\Boot::runCodeIgniter(Object(CodeIgniter\CodeIgniter))
11 FCPATH\index.php(56): CodeIgniter\Boot::bootWeb(Object(Config\Paths))
CRITICAL - 2025-06-09 04:28:39 --> ErrorException: Undefined variable $producto
[Method: GET, Route: contacto]
in APPPATH\Views\admin\productos\crear.php on line 14.
 1 APPPATH\Views\admin\productos\crear.php(14): CodeIgniter\Debug\Exceptions->errorHandler(2, 'Undefined variable $producto', 'C:\\xampp\\htdocs\\proyecto_benitez_lopez\\app\\Views\\admin\\productos\\crear.php', 14)
 2 SYSTEMPATH\View\View.php(224): include('C:\\xampp\\htdocs\\proyecto_benitez_lopez\\app\\Views\\admin\\productos\\crear.php')
 3 SYSTEMPATH\View\View.php(227): CodeIgniter\View\View->CodeIgniter\View\{closure}()
 4 SYSTEMPATH\Common.php(1173): CodeIgniter\View\View->render('admin/productos/crear', [], true)
 5 APPPATH\Controllers\Home.php(25): view('admin/productos/crear')
 6 SYSTEMPATH\CodeIgniter.php(933): App\Controllers\Home->contacto()
 7 SYSTEMPATH\CodeIgniter.php(507): CodeIgniter\CodeIgniter->runController(Object(App\Controllers\Home))
 8 SYSTEMPATH\CodeIgniter.php(354): CodeIgniter\CodeIgniter->handleRequest(null, Object(Config\Cache), false)
 9 SYSTEMPATH\Boot.php(334): CodeIgniter\CodeIgniter->run()
10 SYSTEMPATH\Boot.php(67): CodeIgniter\Boot::runCodeIgniter(Object(CodeIgniter\CodeIgniter))
11 FCPATH\index.php(56): CodeIgniter\Boot::bootWeb(Object(Config\Paths))
CRITICAL - 2025-06-09 04:28:39 --> ErrorException: Undefined variable $producto
[Method: GET, Route: contacto]
in APPPATH\Views\admin\productos\crear.php on line 14.
 1 APPPATH\Views\admin\productos\crear.php(14): CodeIgniter\Debug\Exceptions->errorHandler(2, 'Undefined variable $producto', 'C:\\xampp\\htdocs\\proyecto_benitez_lopez\\app\\Views\\admin\\productos\\crear.php', 14)
 2 SYSTEMPATH\View\View.php(224): include('C:\\xampp\\htdocs\\proyecto_benitez_lopez\\app\\Views\\admin\\productos\\crear.php')
 3 SYSTEMPATH\View\View.php(227): CodeIgniter\View\View->CodeIgniter\View\{closure}()
 4 SYSTEMPATH\Common.php(1173): CodeIgniter\View\View->render('admin/productos/crear', [], true)
 5 APPPATH\Controllers\Home.php(25): view('admin/productos/crear')
 6 SYSTEMPATH\CodeIgniter.php(933): App\Controllers\Home->contacto()
 7 SYSTEMPATH\CodeIgniter.php(507): CodeIgniter\CodeIgniter->runController(Object(App\Controllers\Home))
 8 SYSTEMPATH\CodeIgniter.php(354): CodeIgniter\CodeIgniter->handleRequest(null, Object(Config\Cache), false)
 9 SYSTEMPATH\Boot.php(334): CodeIgniter\CodeIgniter->run()
10 SYSTEMPATH\Boot.php(67): CodeIgniter\Boot::runCodeIgniter(Object(CodeIgniter\CodeIgniter))
11 FCPATH\index.php(56): CodeIgniter\Boot::bootWeb(Object(Config\Paths))
CRITICAL - 2025-06-09 15:41:34 --> ErrorException: Undefined variable $categorias
[Method: GET, Route: contacto]
in APPPATH\Views\admin\productos\crear.php on line 136.
 1 APPPATH\Views\admin\productos\crear.php(136): CodeIgniter\Debug\Exceptions->errorHandler(2, 'Undefined variable $categorias', 'C:\\xampp\\htdocs\\proyecto_benitez_lopez\\app\\Views\\admin\\productos\\crear.php', 136)
 2 SYSTEMPATH\View\View.php(224): include('C:\\xampp\\htdocs\\proyecto_benitez_lopez\\app\\Views\\admin\\productos\\crear.php')
 3 SYSTEMPATH\View\View.php(227): CodeIgniter\View\View->CodeIgniter\View\{closure}()
 4 SYSTEMPATH\Common.php(1173): CodeIgniter\View\View->render('admin/productos/crear', [], true)
 5 APPPATH\Controllers\Home.php(25): view('admin/productos/crear')
 6 SYSTEMPATH\CodeIgniter.php(933): App\Controllers\Home->contacto()
 7 SYSTEMPATH\CodeIgniter.php(507): CodeIgniter\CodeIgniter->runController(Object(App\Controllers\Home))
 8 SYSTEMPATH\CodeIgniter.php(354): CodeIgniter\CodeIgniter->handleRequest(null, Object(Config\Cache), false)
 9 SYSTEMPATH\Boot.php(334): CodeIgniter\CodeIgniter->run()
10 SYSTEMPATH\Boot.php(67): CodeIgniter\Boot::runCodeIgniter(Object(CodeIgniter\CodeIgniter))
11 FCPATH\index.php(56): CodeIgniter\Boot::bootWeb(Object(Config\Paths))
CRITICAL - 2025-06-09 16:16:12 --> TypeError: CodeIgniter\Router\RouteCollection::processArrayCallableSyntax(): Return value must be of type string, array returned
[Method: GET, Route: productos/crear]
in SYSTEMPATH\Router\RouteCollection.php on line 1606.
 1 SYSTEMPATH\Router\RouteCollection.php(1457): CodeIgniter\Router\RouteCollection->processArrayCallableSyntax('productos/crear', [...])
 2 SYSTEMPATH\Router\RouteCollection.php(1052): CodeIgniter\Router\RouteCollection->create('GET', 'productos/crear', [...], null)
 3 APPPATH\Config\Routes.php(51): CodeIgniter\Router\RouteCollection->get('productos/crear', [...])
 4 SYSTEMPATH\Router\RouteCollection.php(339): require('C:\\xampp\\htdocs\\proyecto_benitez_lopez\\app\\Config\\Routes.php')
 5 SYSTEMPATH\CodeIgniter.php(821): CodeIgniter\Router\RouteCollection->loadRoutes()
 6 SYSTEMPATH\CodeIgniter.php(455): CodeIgniter\CodeIgniter->tryToRouteIt(null)
 7 SYSTEMPATH\CodeIgniter.php(354): CodeIgniter\CodeIgniter->handleRequest(null, Object(Config\Cache), false)
 8 SYSTEMPATH\Boot.php(334): CodeIgniter\CodeIgniter->run()
 9 SYSTEMPATH\Boot.php(67): CodeIgniter\Boot::runCodeIgniter(Object(CodeIgniter\CodeIgniter))
10 FCPATH\index.php(56): CodeIgniter\Boot::bootWeb(Object(Config\Paths))
CRITICAL - 2025-06-09 16:16:13 --> TypeError: CodeIgniter\Router\RouteCollection::processArrayCallableSyntax(): Return value must be of type string, array returned
[Method: GET, Route: productos/crear]
in SYSTEMPATH\Router\RouteCollection.php on line 1606.
 1 SYSTEMPATH\Router\RouteCollection.php(1457): CodeIgniter\Router\RouteCollection->processArrayCallableSyntax('productos/crear', [...])
 2 SYSTEMPATH\Router\RouteCollection.php(1052): CodeIgniter\Router\RouteCollection->create('GET', 'productos/crear', [...], null)
 3 APPPATH\Config\Routes.php(51): CodeIgniter\Router\RouteCollection->get('productos/crear', [...])
 4 SYSTEMPATH\Router\RouteCollection.php(339): require('C:\\xampp\\htdocs\\proyecto_benitez_lopez\\app\\Config\\Routes.php')
 5 SYSTEMPATH\CodeIgniter.php(821): CodeIgniter\Router\RouteCollection->loadRoutes()
 6 SYSTEMPATH\CodeIgniter.php(455): CodeIgniter\CodeIgniter->tryToRouteIt(null)
 7 SYSTEMPATH\CodeIgniter.php(354): CodeIgniter\CodeIgniter->handleRequest(null, Object(Config\Cache), false)
 8 SYSTEMPATH\Boot.php(334): CodeIgniter\CodeIgniter->run()
 9 SYSTEMPATH\Boot.php(67): CodeIgniter\Boot::runCodeIgniter(Object(CodeIgniter\CodeIgniter))
10 FCPATH\index.php(56): CodeIgniter\Boot::bootWeb(Object(Config\Paths))
CRITICAL - 2025-06-09 16:16:14 --> TypeError: CodeIgniter\Router\RouteCollection::processArrayCallableSyntax(): Return value must be of type string, array returned
[Method: GET, Route: productos/crear]
in SYSTEMPATH\Router\RouteCollection.php on line 1606.
 1 SYSTEMPATH\Router\RouteCollection.php(1457): CodeIgniter\Router\RouteCollection->processArrayCallableSyntax('productos/crear', [...])
 2 SYSTEMPATH\Router\RouteCollection.php(1052): CodeIgniter\Router\RouteCollection->create('GET', 'productos/crear', [...], null)
 3 APPPATH\Config\Routes.php(51): CodeIgniter\Router\RouteCollection->get('productos/crear', [...])
 4 SYSTEMPATH\Router\RouteCollection.php(339): require('C:\\xampp\\htdocs\\proyecto_benitez_lopez\\app\\Config\\Routes.php')
 5 SYSTEMPATH\CodeIgniter.php(821): CodeIgniter\Router\RouteCollection->loadRoutes()
 6 SYSTEMPATH\CodeIgniter.php(455): CodeIgniter\CodeIgniter->tryToRouteIt(null)
 7 SYSTEMPATH\CodeIgniter.php(354): CodeIgniter\CodeIgniter->handleRequest(null, Object(Config\Cache), false)
 8 SYSTEMPATH\Boot.php(334): CodeIgniter\CodeIgniter->run()
 9 SYSTEMPATH\Boot.php(67): CodeIgniter\Boot::runCodeIgniter(Object(CodeIgniter\CodeIgniter))
10 FCPATH\index.php(56): CodeIgniter\Boot::bootWeb(Object(Config\Paths))
CRITICAL - 2025-06-09 16:16:15 --> TypeError: CodeIgniter\Router\RouteCollection::processArrayCallableSyntax(): Return value must be of type string, array returned
[Method: GET, Route: productos/crear]
in SYSTEMPATH\Router\RouteCollection.php on line 1606.
 1 SYSTEMPATH\Router\RouteCollection.php(1457): CodeIgniter\Router\RouteCollection->processArrayCallableSyntax('productos/crear', [...])
 2 SYSTEMPATH\Router\RouteCollection.php(1052): CodeIgniter\Router\RouteCollection->create('GET', 'productos/crear', [...], null)
 3 APPPATH\Config\Routes.php(51): CodeIgniter\Router\RouteCollection->get('productos/crear', [...])
 4 SYSTEMPATH\Router\RouteCollection.php(339): require('C:\\xampp\\htdocs\\proyecto_benitez_lopez\\app\\Config\\Routes.php')
 5 SYSTEMPATH\CodeIgniter.php(821): CodeIgniter\Router\RouteCollection->loadRoutes()
 6 SYSTEMPATH\CodeIgniter.php(455): CodeIgniter\CodeIgniter->tryToRouteIt(null)
 7 SYSTEMPATH\CodeIgniter.php(354): CodeIgniter\CodeIgniter->handleRequest(null, Object(Config\Cache), false)
 8 SYSTEMPATH\Boot.php(334): CodeIgniter\CodeIgniter->run()
 9 SYSTEMPATH\Boot.php(67): CodeIgniter\Boot::runCodeIgniter(Object(CodeIgniter\CodeIgniter))
10 FCPATH\index.php(56): CodeIgniter\Boot::bootWeb(Object(Config\Paths))
CRITICAL - 2025-06-09 16:16:15 --> TypeError: CodeIgniter\Router\RouteCollection::processArrayCallableSyntax(): Return value must be of type string, array returned
[Method: GET, Route: productos/crear]
in SYSTEMPATH\Router\RouteCollection.php on line 1606.
 1 SYSTEMPATH\Router\RouteCollection.php(1457): CodeIgniter\Router\RouteCollection->processArrayCallableSyntax('productos/crear', [...])
 2 SYSTEMPATH\Router\RouteCollection.php(1052): CodeIgniter\Router\RouteCollection->create('GET', 'productos/crear', [...], null)
 3 APPPATH\Config\Routes.php(51): CodeIgniter\Router\RouteCollection->get('productos/crear', [...])
 4 SYSTEMPATH\Router\RouteCollection.php(339): require('C:\\xampp\\htdocs\\proyecto_benitez_lopez\\app\\Config\\Routes.php')
 5 SYSTEMPATH\CodeIgniter.php(821): CodeIgniter\Router\RouteCollection->loadRoutes()
 6 SYSTEMPATH\CodeIgniter.php(455): CodeIgniter\CodeIgniter->tryToRouteIt(null)
 7 SYSTEMPATH\CodeIgniter.php(354): CodeIgniter\CodeIgniter->handleRequest(null, Object(Config\Cache), false)
 8 SYSTEMPATH\Boot.php(334): CodeIgniter\CodeIgniter->run()
 9 SYSTEMPATH\Boot.php(67): CodeIgniter\Boot::runCodeIgniter(Object(CodeIgniter\CodeIgniter))
10 FCPATH\index.php(56): CodeIgniter\Boot::bootWeb(Object(Config\Paths))
CRITICAL - 2025-06-09 16:16:15 --> TypeError: CodeIgniter\Router\RouteCollection::processArrayCallableSyntax(): Return value must be of type string, array returned
[Method: GET, Route: productos/crear]
in SYSTEMPATH\Router\RouteCollection.php on line 1606.
 1 SYSTEMPATH\Router\RouteCollection.php(1457): CodeIgniter\Router\RouteCollection->processArrayCallableSyntax('productos/crear', [...])
 2 SYSTEMPATH\Router\RouteCollection.php(1052): CodeIgniter\Router\RouteCollection->create('GET', 'productos/crear', [...], null)
 3 APPPATH\Config\Routes.php(51): CodeIgniter\Router\RouteCollection->get('productos/crear', [...])
 4 SYSTEMPATH\Router\RouteCollection.php(339): require('C:\\xampp\\htdocs\\proyecto_benitez_lopez\\app\\Config\\Routes.php')
 5 SYSTEMPATH\CodeIgniter.php(821): CodeIgniter\Router\RouteCollection->loadRoutes()
 6 SYSTEMPATH\CodeIgniter.php(455): CodeIgniter\CodeIgniter->tryToRouteIt(null)
 7 SYSTEMPATH\CodeIgniter.php(354): CodeIgniter\CodeIgniter->handleRequest(null, Object(Config\Cache), false)
 8 SYSTEMPATH\Boot.php(334): CodeIgniter\CodeIgniter->run()
 9 SYSTEMPATH\Boot.php(67): CodeIgniter\Boot::runCodeIgniter(Object(CodeIgniter\CodeIgniter))
10 FCPATH\index.php(56): CodeIgniter\Boot::bootWeb(Object(Config\Paths))
CRITICAL - 2025-06-09 16:16:15 --> TypeError: CodeIgniter\Router\RouteCollection::processArrayCallableSyntax(): Return value must be of type string, array returned
[Method: GET, Route: productos/crear]
in SYSTEMPATH\Router\RouteCollection.php on line 1606.
 1 SYSTEMPATH\Router\RouteCollection.php(1457): CodeIgniter\Router\RouteCollection->processArrayCallableSyntax('productos/crear', [...])
 2 SYSTEMPATH\Router\RouteCollection.php(1052): CodeIgniter\Router\RouteCollection->create('GET', 'productos/crear', [...], null)
 3 APPPATH\Config\Routes.php(51): CodeIgniter\Router\RouteCollection->get('productos/crear', [...])
 4 SYSTEMPATH\Router\RouteCollection.php(339): require('C:\\xampp\\htdocs\\proyecto_benitez_lopez\\app\\Config\\Routes.php')
 5 SYSTEMPATH\CodeIgniter.php(821): CodeIgniter\Router\RouteCollection->loadRoutes()
 6 SYSTEMPATH\CodeIgniter.php(455): CodeIgniter\CodeIgniter->tryToRouteIt(null)
 7 SYSTEMPATH\CodeIgniter.php(354): CodeIgniter\CodeIgniter->handleRequest(null, Object(Config\Cache), false)
 8 SYSTEMPATH\Boot.php(334): CodeIgniter\CodeIgniter->run()
 9 SYSTEMPATH\Boot.php(67): CodeIgniter\Boot::runCodeIgniter(Object(CodeIgniter\CodeIgniter))
10 FCPATH\index.php(56): CodeIgniter\Boot::bootWeb(Object(Config\Paths))
CRITICAL - 2025-06-09 16:16:15 --> TypeError: CodeIgniter\Router\RouteCollection::processArrayCallableSyntax(): Return value must be of type string, array returned
[Method: GET, Route: productos/crear]
in SYSTEMPATH\Router\RouteCollection.php on line 1606.
 1 SYSTEMPATH\Router\RouteCollection.php(1457): CodeIgniter\Router\RouteCollection->processArrayCallableSyntax('productos/crear', [...])
 2 SYSTEMPATH\Router\RouteCollection.php(1052): CodeIgniter\Router\RouteCollection->create('GET', 'productos/crear', [...], null)
 3 APPPATH\Config\Routes.php(51): CodeIgniter\Router\RouteCollection->get('productos/crear', [...])
 4 SYSTEMPATH\Router\RouteCollection.php(339): require('C:\\xampp\\htdocs\\proyecto_benitez_lopez\\app\\Config\\Routes.php')
 5 SYSTEMPATH\CodeIgniter.php(821): CodeIgniter\Router\RouteCollection->loadRoutes()
 6 SYSTEMPATH\CodeIgniter.php(455): CodeIgniter\CodeIgniter->tryToRouteIt(null)
 7 SYSTEMPATH\CodeIgniter.php(354): CodeIgniter\CodeIgniter->handleRequest(null, Object(Config\Cache), false)
 8 SYSTEMPATH\Boot.php(334): CodeIgniter\CodeIgniter->run()
 9 SYSTEMPATH\Boot.php(67): CodeIgniter\Boot::runCodeIgniter(Object(CodeIgniter\CodeIgniter))
10 FCPATH\index.php(56): CodeIgniter\Boot::bootWeb(Object(Config\Paths))
CRITICAL - 2025-06-09 16:16:15 --> TypeError: CodeIgniter\Router\RouteCollection::processArrayCallableSyntax(): Return value must be of type string, array returned
[Method: GET, Route: productos/crear]
in SYSTEMPATH\Router\RouteCollection.php on line 1606.
 1 SYSTEMPATH\Router\RouteCollection.php(1457): CodeIgniter\Router\RouteCollection->processArrayCallableSyntax('productos/crear', [...])
 2 SYSTEMPATH\Router\RouteCollection.php(1052): CodeIgniter\Router\RouteCollection->create('GET', 'productos/crear', [...], null)
 3 APPPATH\Config\Routes.php(51): CodeIgniter\Router\RouteCollection->get('productos/crear', [...])
 4 SYSTEMPATH\Router\RouteCollection.php(339): require('C:\\xampp\\htdocs\\proyecto_benitez_lopez\\app\\Config\\Routes.php')
 5 SYSTEMPATH\CodeIgniter.php(821): CodeIgniter\Router\RouteCollection->loadRoutes()
 6 SYSTEMPATH\CodeIgniter.php(455): CodeIgniter\CodeIgniter->tryToRouteIt(null)
 7 SYSTEMPATH\CodeIgniter.php(354): CodeIgniter\CodeIgniter->handleRequest(null, Object(Config\Cache), false)
 8 SYSTEMPATH\Boot.php(334): CodeIgniter\CodeIgniter->run()
 9 SYSTEMPATH\Boot.php(67): CodeIgniter\Boot::runCodeIgniter(Object(CodeIgniter\CodeIgniter))
10 FCPATH\index.php(56): CodeIgniter\Boot::bootWeb(Object(Config\Paths))
CRITICAL - 2025-06-09 16:16:16 --> TypeError: CodeIgniter\Router\RouteCollection::processArrayCallableSyntax(): Return value must be of type string, array returned
[Method: GET, Route: productos/crear]
in SYSTEMPATH\Router\RouteCollection.php on line 1606.
 1 SYSTEMPATH\Router\RouteCollection.php(1457): CodeIgniter\Router\RouteCollection->processArrayCallableSyntax('productos/crear', [...])
 2 SYSTEMPATH\Router\RouteCollection.php(1052): CodeIgniter\Router\RouteCollection->create('GET', 'productos/crear', [...], null)
 3 APPPATH\Config\Routes.php(51): CodeIgniter\Router\RouteCollection->get('productos/crear', [...])
 4 SYSTEMPATH\Router\RouteCollection.php(339): require('C:\\xampp\\htdocs\\proyecto_benitez_lopez\\app\\Config\\Routes.php')
 5 SYSTEMPATH\CodeIgniter.php(821): CodeIgniter\Router\RouteCollection->loadRoutes()
 6 SYSTEMPATH\CodeIgniter.php(455): CodeIgniter\CodeIgniter->tryToRouteIt(null)
 7 SYSTEMPATH\CodeIgniter.php(354): CodeIgniter\CodeIgniter->handleRequest(null, Object(Config\Cache), false)
 8 SYSTEMPATH\Boot.php(334): CodeIgniter\CodeIgniter->run()
 9 SYSTEMPATH\Boot.php(67): CodeIgniter\Boot::runCodeIgniter(Object(CodeIgniter\CodeIgniter))
10 FCPATH\index.php(56): CodeIgniter\Boot::bootWeb(Object(Config\Paths))
CRITICAL - 2025-06-09 16:16:16 --> TypeError: CodeIgniter\Router\RouteCollection::processArrayCallableSyntax(): Return value must be of type string, array returned
[Method: GET, Route: productos/crear]
in SYSTEMPATH\Router\RouteCollection.php on line 1606.
 1 SYSTEMPATH\Router\RouteCollection.php(1457): CodeIgniter\Router\RouteCollection->processArrayCallableSyntax('productos/crear', [...])
 2 SYSTEMPATH\Router\RouteCollection.php(1052): CodeIgniter\Router\RouteCollection->create('GET', 'productos/crear', [...], null)
 3 APPPATH\Config\Routes.php(51): CodeIgniter\Router\RouteCollection->get('productos/crear', [...])
 4 SYSTEMPATH\Router\RouteCollection.php(339): require('C:\\xampp\\htdocs\\proyecto_benitez_lopez\\app\\Config\\Routes.php')
 5 SYSTEMPATH\CodeIgniter.php(821): CodeIgniter\Router\RouteCollection->loadRoutes()
 6 SYSTEMPATH\CodeIgniter.php(455): CodeIgniter\CodeIgniter->tryToRouteIt(null)
 7 SYSTEMPATH\CodeIgniter.php(354): CodeIgniter\CodeIgniter->handleRequest(null, Object(Config\Cache), false)
 8 SYSTEMPATH\Boot.php(334): CodeIgniter\CodeIgniter->run()
 9 SYSTEMPATH\Boot.php(67): CodeIgniter\Boot::runCodeIgniter(Object(CodeIgniter\CodeIgniter))
10 FCPATH\index.php(56): CodeIgniter\Boot::bootWeb(Object(Config\Paths))
CRITICAL - 2025-06-09 16:16:16 --> TypeError: CodeIgniter\Router\RouteCollection::processArrayCallableSyntax(): Return value must be of type string, array returned
[Method: GET, Route: productos/crear]
in SYSTEMPATH\Router\RouteCollection.php on line 1606.
 1 SYSTEMPATH\Router\RouteCollection.php(1457): CodeIgniter\Router\RouteCollection->processArrayCallableSyntax('productos/crear', [...])
 2 SYSTEMPATH\Router\RouteCollection.php(1052): CodeIgniter\Router\RouteCollection->create('GET', 'productos/crear', [...], null)
 3 APPPATH\Config\Routes.php(51): CodeIgniter\Router\RouteCollection->get('productos/crear', [...])
 4 SYSTEMPATH\Router\RouteCollection.php(339): require('C:\\xampp\\htdocs\\proyecto_benitez_lopez\\app\\Config\\Routes.php')
 5 SYSTEMPATH\CodeIgniter.php(821): CodeIgniter\Router\RouteCollection->loadRoutes()
 6 SYSTEMPATH\CodeIgniter.php(455): CodeIgniter\CodeIgniter->tryToRouteIt(null)
 7 SYSTEMPATH\CodeIgniter.php(354): CodeIgniter\CodeIgniter->handleRequest(null, Object(Config\Cache), false)
 8 SYSTEMPATH\Boot.php(334): CodeIgniter\CodeIgniter->run()
 9 SYSTEMPATH\Boot.php(67): CodeIgniter\Boot::runCodeIgniter(Object(CodeIgniter\CodeIgniter))
10 FCPATH\index.php(56): CodeIgniter\Boot::bootWeb(Object(Config\Paths))
CRITICAL - 2025-06-09 16:16:16 --> TypeError: CodeIgniter\Router\RouteCollection::processArrayCallableSyntax(): Return value must be of type string, array returned
[Method: GET, Route: productos/crear]
in SYSTEMPATH\Router\RouteCollection.php on line 1606.
 1 SYSTEMPATH\Router\RouteCollection.php(1457): CodeIgniter\Router\RouteCollection->processArrayCallableSyntax('productos/crear', [...])
 2 SYSTEMPATH\Router\RouteCollection.php(1052): CodeIgniter\Router\RouteCollection->create('GET', 'productos/crear', [...], null)
 3 APPPATH\Config\Routes.php(51): CodeIgniter\Router\RouteCollection->get('productos/crear', [...])
 4 SYSTEMPATH\Router\RouteCollection.php(339): require('C:\\xampp\\htdocs\\proyecto_benitez_lopez\\app\\Config\\Routes.php')
 5 SYSTEMPATH\CodeIgniter.php(821): CodeIgniter\Router\RouteCollection->loadRoutes()
 6 SYSTEMPATH\CodeIgniter.php(455): CodeIgniter\CodeIgniter->tryToRouteIt(null)
 7 SYSTEMPATH\CodeIgniter.php(354): CodeIgniter\CodeIgniter->handleRequest(null, Object(Config\Cache), false)
 8 SYSTEMPATH\Boot.php(334): CodeIgniter\CodeIgniter->run()
 9 SYSTEMPATH\Boot.php(67): CodeIgniter\Boot::runCodeIgniter(Object(CodeIgniter\CodeIgniter))
10 FCPATH\index.php(56): CodeIgniter\Boot::bootWeb(Object(Config\Paths))
CRITICAL - 2025-06-09 16:16:17 --> TypeError: CodeIgniter\Router\RouteCollection::processArrayCallableSyntax(): Return value must be of type string, array returned
[Method: GET, Route: productos/crear]
in SYSTEMPATH\Router\RouteCollection.php on line 1606.
 1 SYSTEMPATH\Router\RouteCollection.php(1457): CodeIgniter\Router\RouteCollection->processArrayCallableSyntax('productos/crear', [...])
 2 SYSTEMPATH\Router\RouteCollection.php(1052): CodeIgniter\Router\RouteCollection->create('GET', 'productos/crear', [...], null)
 3 APPPATH\Config\Routes.php(51): CodeIgniter\Router\RouteCollection->get('productos/crear', [...])
 4 SYSTEMPATH\Router\RouteCollection.php(339): require('C:\\xampp\\htdocs\\proyecto_benitez_lopez\\app\\Config\\Routes.php')
 5 SYSTEMPATH\CodeIgniter.php(821): CodeIgniter\Router\RouteCollection->loadRoutes()
 6 SYSTEMPATH\CodeIgniter.php(455): CodeIgniter\CodeIgniter->tryToRouteIt(null)
 7 SYSTEMPATH\CodeIgniter.php(354): CodeIgniter\CodeIgniter->handleRequest(null, Object(Config\Cache), false)
 8 SYSTEMPATH\Boot.php(334): CodeIgniter\CodeIgniter->run()
 9 SYSTEMPATH\Boot.php(67): CodeIgniter\Boot::runCodeIgniter(Object(CodeIgniter\CodeIgniter))
10 FCPATH\index.php(56): CodeIgniter\Boot::bootWeb(Object(Config\Paths))
CRITICAL - 2025-06-09 16:16:17 --> TypeError: CodeIgniter\Router\RouteCollection::processArrayCallableSyntax(): Return value must be of type string, array returned
[Method: GET, Route: productos/crear]
in SYSTEMPATH\Router\RouteCollection.php on line 1606.
 1 SYSTEMPATH\Router\RouteCollection.php(1457): CodeIgniter\Router\RouteCollection->processArrayCallableSyntax('productos/crear', [...])
 2 SYSTEMPATH\Router\RouteCollection.php(1052): CodeIgniter\Router\RouteCollection->create('GET', 'productos/crear', [...], null)
 3 APPPATH\Config\Routes.php(51): CodeIgniter\Router\RouteCollection->get('productos/crear', [...])
 4 SYSTEMPATH\Router\RouteCollection.php(339): require('C:\\xampp\\htdocs\\proyecto_benitez_lopez\\app\\Config\\Routes.php')
 5 SYSTEMPATH\CodeIgniter.php(821): CodeIgniter\Router\RouteCollection->loadRoutes()
 6 SYSTEMPATH\CodeIgniter.php(455): CodeIgniter\CodeIgniter->tryToRouteIt(null)
 7 SYSTEMPATH\CodeIgniter.php(354): CodeIgniter\CodeIgniter->handleRequest(null, Object(Config\Cache), false)
 8 SYSTEMPATH\Boot.php(334): CodeIgniter\CodeIgniter->run()
 9 SYSTEMPATH\Boot.php(67): CodeIgniter\Boot::runCodeIgniter(Object(CodeIgniter\CodeIgniter))
10 FCPATH\index.php(56): CodeIgniter\Boot::bootWeb(Object(Config\Paths))
CRITICAL - 2025-06-09 16:16:18 --> TypeError: CodeIgniter\Router\RouteCollection::processArrayCallableSyntax(): Return value must be of type string, array returned
[Method: GET, Route: productos/crear]
in SYSTEMPATH\Router\RouteCollection.php on line 1606.
 1 SYSTEMPATH\Router\RouteCollection.php(1457): CodeIgniter\Router\RouteCollection->processArrayCallableSyntax('productos/crear', [...])
 2 SYSTEMPATH\Router\RouteCollection.php(1052): CodeIgniter\Router\RouteCollection->create('GET', 'productos/crear', [...], null)
 3 APPPATH\Config\Routes.php(51): CodeIgniter\Router\RouteCollection->get('productos/crear', [...])
 4 SYSTEMPATH\Router\RouteCollection.php(339): require('C:\\xampp\\htdocs\\proyecto_benitez_lopez\\app\\Config\\Routes.php')
 5 SYSTEMPATH\CodeIgniter.php(821): CodeIgniter\Router\RouteCollection->loadRoutes()
 6 SYSTEMPATH\CodeIgniter.php(455): CodeIgniter\CodeIgniter->tryToRouteIt(null)
 7 SYSTEMPATH\CodeIgniter.php(354): CodeIgniter\CodeIgniter->handleRequest(null, Object(Config\Cache), false)
 8 SYSTEMPATH\Boot.php(334): CodeIgniter\CodeIgniter->run()
 9 SYSTEMPATH\Boot.php(67): CodeIgniter\Boot::runCodeIgniter(Object(CodeIgniter\CodeIgniter))
10 FCPATH\index.php(56): CodeIgniter\Boot::bootWeb(Object(Config\Paths))
CRITICAL - 2025-06-09 16:17:10 --> TypeError: CodeIgniter\Router\RouteCollection::processArrayCallableSyntax(): Return value must be of type string, array returned
[Method: GET, Route: productos/crear]
in SYSTEMPATH\Router\RouteCollection.php on line 1606.
 1 SYSTEMPATH\Router\RouteCollection.php(1457): CodeIgniter\Router\RouteCollection->processArrayCallableSyntax('productos/crear', [...])
 2 SYSTEMPATH\Router\RouteCollection.php(1052): CodeIgniter\Router\RouteCollection->create('GET', 'productos/crear', [...], null)
 3 APPPATH\Config\Routes.php(51): CodeIgniter\Router\RouteCollection->get('productos/crear', [...])
 4 SYSTEMPATH\Router\RouteCollection.php(339): require('C:\\xampp\\htdocs\\proyecto_benitez_lopez\\app\\Config\\Routes.php')
 5 SYSTEMPATH\CodeIgniter.php(821): CodeIgniter\Router\RouteCollection->loadRoutes()
 6 SYSTEMPATH\CodeIgniter.php(455): CodeIgniter\CodeIgniter->tryToRouteIt(null)
 7 SYSTEMPATH\CodeIgniter.php(354): CodeIgniter\CodeIgniter->handleRequest(null, Object(Config\Cache), false)
 8 SYSTEMPATH\Boot.php(334): CodeIgniter\CodeIgniter->run()
 9 SYSTEMPATH\Boot.php(67): CodeIgniter\Boot::runCodeIgniter(Object(CodeIgniter\CodeIgniter))
10 FCPATH\index.php(56): CodeIgniter\Boot::bootWeb(Object(Config\Paths))
CRITICAL - 2025-06-09 16:17:11 --> TypeError: CodeIgniter\Router\RouteCollection::processArrayCallableSyntax(): Return value must be of type string, array returned
[Method: GET, Route: productos/crear]
in SYSTEMPATH\Router\RouteCollection.php on line 1606.
 1 SYSTEMPATH\Router\RouteCollection.php(1457): CodeIgniter\Router\RouteCollection->processArrayCallableSyntax('productos/crear', [...])
 2 SYSTEMPATH\Router\RouteCollection.php(1052): CodeIgniter\Router\RouteCollection->create('GET', 'productos/crear', [...], null)
 3 APPPATH\Config\Routes.php(51): CodeIgniter\Router\RouteCollection->get('productos/crear', [...])
 4 SYSTEMPATH\Router\RouteCollection.php(339): require('C:\\xampp\\htdocs\\proyecto_benitez_lopez\\app\\Config\\Routes.php')
 5 SYSTEMPATH\CodeIgniter.php(821): CodeIgniter\Router\RouteCollection->loadRoutes()
 6 SYSTEMPATH\CodeIgniter.php(455): CodeIgniter\CodeIgniter->tryToRouteIt(null)
 7 SYSTEMPATH\CodeIgniter.php(354): CodeIgniter\CodeIgniter->handleRequest(null, Object(Config\Cache), false)
 8 SYSTEMPATH\Boot.php(334): CodeIgniter\CodeIgniter->run()
 9 SYSTEMPATH\Boot.php(67): CodeIgniter\Boot::runCodeIgniter(Object(CodeIgniter\CodeIgniter))
10 FCPATH\index.php(56): CodeIgniter\Boot::bootWeb(Object(Config\Paths))
CRITICAL - 2025-06-09 16:17:12 --> TypeError: CodeIgniter\Router\RouteCollection::processArrayCallableSyntax(): Return value must be of type string, array returned
[Method: GET, Route: productos/crear]
in SYSTEMPATH\Router\RouteCollection.php on line 1606.
 1 SYSTEMPATH\Router\RouteCollection.php(1457): CodeIgniter\Router\RouteCollection->processArrayCallableSyntax('productos/crear', [...])
 2 SYSTEMPATH\Router\RouteCollection.php(1052): CodeIgniter\Router\RouteCollection->create('GET', 'productos/crear', [...], null)
 3 APPPATH\Config\Routes.php(51): CodeIgniter\Router\RouteCollection->get('productos/crear', [...])
 4 SYSTEMPATH\Router\RouteCollection.php(339): require('C:\\xampp\\htdocs\\proyecto_benitez_lopez\\app\\Config\\Routes.php')
 5 SYSTEMPATH\CodeIgniter.php(821): CodeIgniter\Router\RouteCollection->loadRoutes()
 6 SYSTEMPATH\CodeIgniter.php(455): CodeIgniter\CodeIgniter->tryToRouteIt(null)
 7 SYSTEMPATH\CodeIgniter.php(354): CodeIgniter\CodeIgniter->handleRequest(null, Object(Config\Cache), false)
 8 SYSTEMPATH\Boot.php(334): CodeIgniter\CodeIgniter->run()
 9 SYSTEMPATH\Boot.php(67): CodeIgniter\Boot::runCodeIgniter(Object(CodeIgniter\CodeIgniter))
10 FCPATH\index.php(56): CodeIgniter\Boot::bootWeb(Object(Config\Paths))
CRITICAL - 2025-06-09 16:18:14 --> TypeError: CodeIgniter\Router\RouteCollection::processArrayCallableSyntax(): Return value must be of type string, array returned
[Method: GET, Route: productos/crear]
in SYSTEMPATH\Router\RouteCollection.php on line 1606.
 1 SYSTEMPATH\Router\RouteCollection.php(1457): CodeIgniter\Router\RouteCollection->processArrayCallableSyntax('productos/crear', [...])
 2 SYSTEMPATH\Router\RouteCollection.php(1052): CodeIgniter\Router\RouteCollection->create('GET', 'productos/crear', [...], null)
 3 APPPATH\Config\Routes.php(51): CodeIgniter\Router\RouteCollection->get('productos/crear', [...])
 4 SYSTEMPATH\Router\RouteCollection.php(339): require('C:\\xampp\\htdocs\\proyecto_benitez_lopez\\app\\Config\\Routes.php')
 5 SYSTEMPATH\CodeIgniter.php(821): CodeIgniter\Router\RouteCollection->loadRoutes()
 6 SYSTEMPATH\CodeIgniter.php(455): CodeIgniter\CodeIgniter->tryToRouteIt(null)
 7 SYSTEMPATH\CodeIgniter.php(354): CodeIgniter\CodeIgniter->handleRequest(null, Object(Config\Cache), false)
 8 SYSTEMPATH\Boot.php(334): CodeIgniter\CodeIgniter->run()
 9 SYSTEMPATH\Boot.php(67): CodeIgniter\Boot::runCodeIgniter(Object(CodeIgniter\CodeIgniter))
10 FCPATH\index.php(56): CodeIgniter\Boot::bootWeb(Object(Config\Paths))
CRITICAL - 2025-06-09 16:18:15 --> TypeError: CodeIgniter\Router\RouteCollection::processArrayCallableSyntax(): Return value must be of type string, array returned
[Method: GET, Route: productos/crear]
in SYSTEMPATH\Router\RouteCollection.php on line 1606.
 1 SYSTEMPATH\Router\RouteCollection.php(1457): CodeIgniter\Router\RouteCollection->processArrayCallableSyntax('productos/crear', [...])
 2 SYSTEMPATH\Router\RouteCollection.php(1052): CodeIgniter\Router\RouteCollection->create('GET', 'productos/crear', [...], null)
 3 APPPATH\Config\Routes.php(51): CodeIgniter\Router\RouteCollection->get('productos/crear', [...])
 4 SYSTEMPATH\Router\RouteCollection.php(339): require('C:\\xampp\\htdocs\\proyecto_benitez_lopez\\app\\Config\\Routes.php')
 5 SYSTEMPATH\CodeIgniter.php(821): CodeIgniter\Router\RouteCollection->loadRoutes()
 6 SYSTEMPATH\CodeIgniter.php(455): CodeIgniter\CodeIgniter->tryToRouteIt(null)
 7 SYSTEMPATH\CodeIgniter.php(354): CodeIgniter\CodeIgniter->handleRequest(null, Object(Config\Cache), false)
 8 SYSTEMPATH\Boot.php(334): CodeIgniter\CodeIgniter->run()
 9 SYSTEMPATH\Boot.php(67): CodeIgniter\Boot::runCodeIgniter(Object(CodeIgniter\CodeIgniter))
10 FCPATH\index.php(56): CodeIgniter\Boot::bootWeb(Object(Config\Paths))
CRITICAL - 2025-06-09 16:18:15 --> TypeError: CodeIgniter\Router\RouteCollection::processArrayCallableSyntax(): Return value must be of type string, array returned
[Method: GET, Route: productos/crear]
in SYSTEMPATH\Router\RouteCollection.php on line 1606.
 1 SYSTEMPATH\Router\RouteCollection.php(1457): CodeIgniter\Router\RouteCollection->processArrayCallableSyntax('productos/crear', [...])
 2 SYSTEMPATH\Router\RouteCollection.php(1052): CodeIgniter\Router\RouteCollection->create('GET', 'productos/crear', [...], null)
 3 APPPATH\Config\Routes.php(51): CodeIgniter\Router\RouteCollection->get('productos/crear', [...])
 4 SYSTEMPATH\Router\RouteCollection.php(339): require('C:\\xampp\\htdocs\\proyecto_benitez_lopez\\app\\Config\\Routes.php')
 5 SYSTEMPATH\CodeIgniter.php(821): CodeIgniter\Router\RouteCollection->loadRoutes()
 6 SYSTEMPATH\CodeIgniter.php(455): CodeIgniter\CodeIgniter->tryToRouteIt(null)
 7 SYSTEMPATH\CodeIgniter.php(354): CodeIgniter\CodeIgniter->handleRequest(null, Object(Config\Cache), false)
 8 SYSTEMPATH\Boot.php(334): CodeIgniter\CodeIgniter->run()
 9 SYSTEMPATH\Boot.php(67): CodeIgniter\Boot::runCodeIgniter(Object(CodeIgniter\CodeIgniter))
10 FCPATH\index.php(56): CodeIgniter\Boot::bootWeb(Object(Config\Paths))
CRITICAL - 2025-06-09 16:18:15 --> TypeError: CodeIgniter\Router\RouteCollection::processArrayCallableSyntax(): Return value must be of type string, array returned
[Method: GET, Route: productos/crear]
in SYSTEMPATH\Router\RouteCollection.php on line 1606.
 1 SYSTEMPATH\Router\RouteCollection.php(1457): CodeIgniter\Router\RouteCollection->processArrayCallableSyntax('productos/crear', [...])
 2 SYSTEMPATH\Router\RouteCollection.php(1052): CodeIgniter\Router\RouteCollection->create('GET', 'productos/crear', [...], null)
 3 APPPATH\Config\Routes.php(51): CodeIgniter\Router\RouteCollection->get('productos/crear', [...])
 4 SYSTEMPATH\Router\RouteCollection.php(339): require('C:\\xampp\\htdocs\\proyecto_benitez_lopez\\app\\Config\\Routes.php')
 5 SYSTEMPATH\CodeIgniter.php(821): CodeIgniter\Router\RouteCollection->loadRoutes()
 6 SYSTEMPATH\CodeIgniter.php(455): CodeIgniter\CodeIgniter->tryToRouteIt(null)
 7 SYSTEMPATH\CodeIgniter.php(354): CodeIgniter\CodeIgniter->handleRequest(null, Object(Config\Cache), false)
 8 SYSTEMPATH\Boot.php(334): CodeIgniter\CodeIgniter->run()
 9 SYSTEMPATH\Boot.php(67): CodeIgniter\Boot::runCodeIgniter(Object(CodeIgniter\CodeIgniter))
10 FCPATH\index.php(56): CodeIgniter\Boot::bootWeb(Object(Config\Paths))
CRITICAL - 2025-06-09 16:18:20 --> TypeError: CodeIgniter\Router\RouteCollection::processArrayCallableSyntax(): Return value must be of type string, array returned
[Method: GET, Route: productos/crear]
in SYSTEMPATH\Router\RouteCollection.php on line 1606.
 1 SYSTEMPATH\Router\RouteCollection.php(1457): CodeIgniter\Router\RouteCollection->processArrayCallableSyntax('productos/crear', [...])
 2 SYSTEMPATH\Router\RouteCollection.php(1052): CodeIgniter\Router\RouteCollection->create('GET', 'productos/crear', [...], null)
 3 APPPATH\Config\Routes.php(51): CodeIgniter\Router\RouteCollection->get('productos/crear', [...])
 4 SYSTEMPATH\Router\RouteCollection.php(339): require('C:\\xampp\\htdocs\\proyecto_benitez_lopez\\app\\Config\\Routes.php')
 5 SYSTEMPATH\CodeIgniter.php(821): CodeIgniter\Router\RouteCollection->loadRoutes()
 6 SYSTEMPATH\CodeIgniter.php(455): CodeIgniter\CodeIgniter->tryToRouteIt(null)
 7 SYSTEMPATH\CodeIgniter.php(354): CodeIgniter\CodeIgniter->handleRequest(null, Object(Config\Cache), false)
 8 SYSTEMPATH\Boot.php(334): CodeIgniter\CodeIgniter->run()
 9 SYSTEMPATH\Boot.php(67): CodeIgniter\Boot::runCodeIgniter(Object(CodeIgniter\CodeIgniter))
10 FCPATH\index.php(56): CodeIgniter\Boot::bootWeb(Object(Config\Paths))
CRITICAL - 2025-06-09 16:19:54 --> TypeError: CodeIgniter\Router\RouteCollection::processArrayCallableSyntax(): Return value must be of type string, array returned
[Method: GET, Route: productos/crear]
in SYSTEMPATH\Router\RouteCollection.php on line 1606.
 1 SYSTEMPATH\Router\RouteCollection.php(1457): CodeIgniter\Router\RouteCollection->processArrayCallableSyntax('productos/crear', [...])
 2 SYSTEMPATH\Router\RouteCollection.php(1052): CodeIgniter\Router\RouteCollection->create('GET', 'productos/crear', [...], null)
 3 APPPATH\Config\Routes.php(51): CodeIgniter\Router\RouteCollection->get('productos/crear', [...])
 4 SYSTEMPATH\Router\RouteCollection.php(339): require('C:\\xampp\\htdocs\\proyecto_benitez_lopez\\app\\Config\\Routes.php')
 5 SYSTEMPATH\CodeIgniter.php(821): CodeIgniter\Router\RouteCollection->loadRoutes()
 6 SYSTEMPATH\CodeIgniter.php(455): CodeIgniter\CodeIgniter->tryToRouteIt(null)
 7 SYSTEMPATH\CodeIgniter.php(354): CodeIgniter\CodeIgniter->handleRequest(null, Object(Config\Cache), false)
 8 SYSTEMPATH\Boot.php(334): CodeIgniter\CodeIgniter->run()
 9 SYSTEMPATH\Boot.php(67): CodeIgniter\Boot::runCodeIgniter(Object(CodeIgniter\CodeIgniter))
10 FCPATH\index.php(56): CodeIgniter\Boot::bootWeb(Object(Config\Paths))
CRITICAL - 2025-06-09 16:19:59 --> TypeError: CodeIgniter\Router\RouteCollection::processArrayCallableSyntax(): Return value must be of type string, array returned
[Method: GET, Route: productos/crear]
in SYSTEMPATH\Router\RouteCollection.php on line 1606.
 1 SYSTEMPATH\Router\RouteCollection.php(1457): CodeIgniter\Router\RouteCollection->processArrayCallableSyntax('productos/crear', [...])
 2 SYSTEMPATH\Router\RouteCollection.php(1052): CodeIgniter\Router\RouteCollection->create('GET', 'productos/crear', [...], null)
 3 APPPATH\Config\Routes.php(51): CodeIgniter\Router\RouteCollection->get('productos/crear', [...])
 4 SYSTEMPATH\Router\RouteCollection.php(339): require('C:\\xampp\\htdocs\\proyecto_benitez_lopez\\app\\Config\\Routes.php')
 5 SYSTEMPATH\CodeIgniter.php(821): CodeIgniter\Router\RouteCollection->loadRoutes()
 6 SYSTEMPATH\CodeIgniter.php(455): CodeIgniter\CodeIgniter->tryToRouteIt(null)
 7 SYSTEMPATH\CodeIgniter.php(354): CodeIgniter\CodeIgniter->handleRequest(null, Object(Config\Cache), false)
 8 SYSTEMPATH\Boot.php(334): CodeIgniter\CodeIgniter->run()
 9 SYSTEMPATH\Boot.php(67): CodeIgniter\Boot::runCodeIgniter(Object(CodeIgniter\CodeIgniter))
10 FCPATH\index.php(56): CodeIgniter\Boot::bootWeb(Object(Config\Paths))
CRITICAL - 2025-06-09 22:38:12 --> ParseError: syntax error, unexpected double-quoted string " class=", expecting "," or ";"
[Method: GET, Route: admin/productos/listar]
in APPPATH\Views\admin\productos\listar.php on line 4.
 1 SYSTEMPATH\View\View.php(227): CodeIgniter\View\View->CodeIgniter\View\{closure}()
 2 SYSTEMPATH\Common.php(1173): CodeIgniter\View\View->render('admin/productos/listar', [], true)
 3 APPPATH\Controllers\ProductoController.php(33): view('admin/productos/listar')
 4 SYSTEMPATH\CodeIgniter.php(933): App\Controllers\ProductoController->listar()
 5 SYSTEMPATH\CodeIgniter.php(507): CodeIgniter\CodeIgniter->runController(Object(App\Controllers\ProductoController))
 6 SYSTEMPATH\CodeIgniter.php(354): CodeIgniter\CodeIgniter->handleRequest(null, Object(Config\Cache), false)
 7 SYSTEMPATH\Boot.php(334): CodeIgniter\CodeIgniter->run()
 8 SYSTEMPATH\Boot.php(67): CodeIgniter\Boot::runCodeIgniter(Object(CodeIgniter\CodeIgniter))
 9 FCPATH\index.php(56): CodeIgniter\Boot::bootWeb(Object(Config\Paths))
CRITICAL - 2025-06-09 23:47:41 --> ErrorException: Undefined variable $categorias
[Method: GET, Route: admin/productos/listar]
in APPPATH\Views\admin\productos\listar.php on line 23.
 1 APPPATH\Views\admin\productos\listar.php(23): CodeIgniter\Debug\Exceptions->errorHandler(2, 'Undefined variable $categorias', 'C:\\xampp\\htdocs\\proyecto_benitez_lopez\\app\\Views\\admin\\productos\\listar.php', 23)
 2 SYSTEMPATH\View\View.php(224): include('C:\\xampp\\htdocs\\proyecto_benitez_lopez\\app\\Views\\admin\\productos\\listar.php')
 3 SYSTEMPATH\View\View.php(227): CodeIgniter\View\View->CodeIgniter\View\{closure}()
 4 SYSTEMPATH\Common.php(1173): CodeIgniter\View\View->render('admin/productos/listar', [], true)
 5 APPPATH\Controllers\ProductoController.php(33): view('admin/productos/listar')
 6 SYSTEMPATH\CodeIgniter.php(933): App\Controllers\ProductoController->listar()
 7 SYSTEMPATH\CodeIgniter.php(507): CodeIgniter\CodeIgniter->runController(Object(App\Controllers\ProductoController))
 8 SYSTEMPATH\CodeIgniter.php(354): CodeIgniter\CodeIgniter->handleRequest(null, Object(Config\Cache), false)
 9 SYSTEMPATH\Boot.php(334): CodeIgniter\CodeIgniter->run()
10 SYSTEMPATH\Boot.php(67): CodeIgniter\Boot::runCodeIgniter(Object(CodeIgniter\CodeIgniter))
11 FCPATH\index.php(56): CodeIgniter\Boot::bootWeb(Object(Config\Paths))
CRITICAL - 2025-06-09 23:48:59 --> ParseError: syntax error, unexpected token "return", expecting "function" or "const"
[Method: GET, Route: admin/productos/listar]
in APPPATH\Controllers\ProductoController.php on line 41.
 1 SYSTEMPATH\Autoloader\Autoloader.php(295): CodeIgniter\Autoloader\Autoloader->includeFile('C:\\xampp\\htdocs\\proyecto_benitez_lopez\\app\\Controllers\\ProductoController.php')
 2 SYSTEMPATH\Autoloader\Autoloader.php(271): CodeIgniter\Autoloader\Autoloader->loadInNamespace('App\\Controllers\\ProductoController')
 3 [internal function]: CodeIgniter\Autoloader\Autoloader->loadClass('App\\Controllers\\ProductoController')
 4 SYSTEMPATH\CodeIgniter.php(885): class_exists('\\App\\Controllers\\ProductoController', true)
 5 SYSTEMPATH\CodeIgniter.php(494): CodeIgniter\CodeIgniter->startController()
 6 SYSTEMPATH\CodeIgniter.php(354): CodeIgniter\CodeIgniter->handleRequest(null, Object(Config\Cache), false)
 7 SYSTEMPATH\Boot.php(334): CodeIgniter\CodeIgniter->run()
 8 SYSTEMPATH\Boot.php(67): CodeIgniter\Boot::runCodeIgniter(Object(CodeIgniter\CodeIgniter))
 9 FCPATH\index.php(56): CodeIgniter\Boot::bootWeb(Object(Config\Paths))
CRITICAL - 2025-06-09 23:49:00 --> ParseError: syntax error, unexpected token "return", expecting "function" or "const"
[Method: GET, Route: admin/productos/listar]
in APPPATH\Controllers\ProductoController.php on line 41.
 1 SYSTEMPATH\Autoloader\Autoloader.php(295): CodeIgniter\Autoloader\Autoloader->includeFile('C:\\xampp\\htdocs\\proyecto_benitez_lopez\\app\\Controllers\\ProductoController.php')
 2 SYSTEMPATH\Autoloader\Autoloader.php(271): CodeIgniter\Autoloader\Autoloader->loadInNamespace('App\\Controllers\\ProductoController')
 3 [internal function]: CodeIgniter\Autoloader\Autoloader->loadClass('App\\Controllers\\ProductoController')
 4 SYSTEMPATH\CodeIgniter.php(885): class_exists('\\App\\Controllers\\ProductoController', true)
 5 SYSTEMPATH\CodeIgniter.php(494): CodeIgniter\CodeIgniter->startController()
 6 SYSTEMPATH\CodeIgniter.php(354): CodeIgniter\CodeIgniter->handleRequest(null, Object(Config\Cache), false)
 7 SYSTEMPATH\Boot.php(334): CodeIgniter\CodeIgniter->run()
 8 SYSTEMPATH\Boot.php(67): CodeIgniter\Boot::runCodeIgniter(Object(CodeIgniter\CodeIgniter))
 9 FCPATH\index.php(56): CodeIgniter\Boot::bootWeb(Object(Config\Paths))
CRITICAL - 2025-06-09 23:49:00 --> ParseError: syntax error, unexpected token "return", expecting "function" or "const"
[Method: GET, Route: admin/productos/listar]
in APPPATH\Controllers\ProductoController.php on line 41.
 1 SYSTEMPATH\Autoloader\Autoloader.php(295): CodeIgniter\Autoloader\Autoloader->includeFile('C:\\xampp\\htdocs\\proyecto_benitez_lopez\\app\\Controllers\\ProductoController.php')
 2 SYSTEMPATH\Autoloader\Autoloader.php(271): CodeIgniter\Autoloader\Autoloader->loadInNamespace('App\\Controllers\\ProductoController')
 3 [internal function]: CodeIgniter\Autoloader\Autoloader->loadClass('App\\Controllers\\ProductoController')
 4 SYSTEMPATH\CodeIgniter.php(885): class_exists('\\App\\Controllers\\ProductoController', true)
 5 SYSTEMPATH\CodeIgniter.php(494): CodeIgniter\CodeIgniter->startController()
 6 SYSTEMPATH\CodeIgniter.php(354): CodeIgniter\CodeIgniter->handleRequest(null, Object(Config\Cache), false)
 7 SYSTEMPATH\Boot.php(334): CodeIgniter\CodeIgniter->run()
 8 SYSTEMPATH\Boot.php(67): CodeIgniter\Boot::runCodeIgniter(Object(CodeIgniter\CodeIgniter))
 9 FCPATH\index.php(56): CodeIgniter\Boot::bootWeb(Object(Config\Paths))
CRITICAL - 2025-06-09 23:49:00 --> ParseError: syntax error, unexpected token "return", expecting "function" or "const"
[Method: GET, Route: admin/productos/listar]
in APPPATH\Controllers\ProductoController.php on line 41.
 1 SYSTEMPATH\Autoloader\Autoloader.php(295): CodeIgniter\Autoloader\Autoloader->includeFile('C:\\xampp\\htdocs\\proyecto_benitez_lopez\\app\\Controllers\\ProductoController.php')
 2 SYSTEMPATH\Autoloader\Autoloader.php(271): CodeIgniter\Autoloader\Autoloader->loadInNamespace('App\\Controllers\\ProductoController')
 3 [internal function]: CodeIgniter\Autoloader\Autoloader->loadClass('App\\Controllers\\ProductoController')
 4 SYSTEMPATH\CodeIgniter.php(885): class_exists('\\App\\Controllers\\ProductoController', true)
 5 SYSTEMPATH\CodeIgniter.php(494): CodeIgniter\CodeIgniter->startController()
 6 SYSTEMPATH\CodeIgniter.php(354): CodeIgniter\CodeIgniter->handleRequest(null, Object(Config\Cache), false)
 7 SYSTEMPATH\Boot.php(334): CodeIgniter\CodeIgniter->run()
 8 SYSTEMPATH\Boot.php(67): CodeIgniter\Boot::runCodeIgniter(Object(CodeIgniter\CodeIgniter))
 9 FCPATH\index.php(56): CodeIgniter\Boot::bootWeb(Object(Config\Paths))
CRITICAL - 2025-06-09 23:49:01 --> ParseError: syntax error, unexpected token "return", expecting "function" or "const"
[Method: GET, Route: admin/productos/listar]
in APPPATH\Controllers\ProductoController.php on line 41.
 1 SYSTEMPATH\Autoloader\Autoloader.php(295): CodeIgniter\Autoloader\Autoloader->includeFile('C:\\xampp\\htdocs\\proyecto_benitez_lopez\\app\\Controllers\\ProductoController.php')
 2 SYSTEMPATH\Autoloader\Autoloader.php(271): CodeIgniter\Autoloader\Autoloader->loadInNamespace('App\\Controllers\\ProductoController')
 3 [internal function]: CodeIgniter\Autoloader\Autoloader->loadClass('App\\Controllers\\ProductoController')
 4 SYSTEMPATH\CodeIgniter.php(885): class_exists('\\App\\Controllers\\ProductoController', true)
 5 SYSTEMPATH\CodeIgniter.php(494): CodeIgniter\CodeIgniter->startController()
 6 SYSTEMPATH\CodeIgniter.php(354): CodeIgniter\CodeIgniter->handleRequest(null, Object(Config\Cache), false)
 7 SYSTEMPATH\Boot.php(334): CodeIgniter\CodeIgniter->run()
 8 SYSTEMPATH\Boot.php(67): CodeIgniter\Boot::runCodeIgniter(Object(CodeIgniter\CodeIgniter))
 9 FCPATH\index.php(56): CodeIgniter\Boot::bootWeb(Object(Config\Paths))
CRITICAL - 2025-06-09 23:49:01 --> ParseError: syntax error, unexpected token "return", expecting "function" or "const"
[Method: GET, Route: admin/productos/listar]
in APPPATH\Controllers\ProductoController.php on line 41.
 1 SYSTEMPATH\Autoloader\Autoloader.php(295): CodeIgniter\Autoloader\Autoloader->includeFile('C:\\xampp\\htdocs\\proyecto_benitez_lopez\\app\\Controllers\\ProductoController.php')
 2 SYSTEMPATH\Autoloader\Autoloader.php(271): CodeIgniter\Autoloader\Autoloader->loadInNamespace('App\\Controllers\\ProductoController')
 3 [internal function]: CodeIgniter\Autoloader\Autoloader->loadClass('App\\Controllers\\ProductoController')
 4 SYSTEMPATH\CodeIgniter.php(885): class_exists('\\App\\Controllers\\ProductoController', true)
 5 SYSTEMPATH\CodeIgniter.php(494): CodeIgniter\CodeIgniter->startController()
 6 SYSTEMPATH\CodeIgniter.php(354): CodeIgniter\CodeIgniter->handleRequest(null, Object(Config\Cache), false)
 7 SYSTEMPATH\Boot.php(334): CodeIgniter\CodeIgniter->run()
 8 SYSTEMPATH\Boot.php(67): CodeIgniter\Boot::runCodeIgniter(Object(CodeIgniter\CodeIgniter))
 9 FCPATH\index.php(56): CodeIgniter\Boot::bootWeb(Object(Config\Paths))
CRITICAL - 2025-06-09 23:49:03 --> ParseError: syntax error, unexpected token "return", expecting "function" or "const"
[Method: GET, Route: admin/productos/listar]
in APPPATH\Controllers\ProductoController.php on line 41.
 1 SYSTEMPATH\Autoloader\Autoloader.php(295): CodeIgniter\Autoloader\Autoloader->includeFile('C:\\xampp\\htdocs\\proyecto_benitez_lopez\\app\\Controllers\\ProductoController.php')
 2 SYSTEMPATH\Autoloader\Autoloader.php(271): CodeIgniter\Autoloader\Autoloader->loadInNamespace('App\\Controllers\\ProductoController')
 3 [internal function]: CodeIgniter\Autoloader\Autoloader->loadClass('App\\Controllers\\ProductoController')
 4 SYSTEMPATH\CodeIgniter.php(885): class_exists('\\App\\Controllers\\ProductoController', true)
 5 SYSTEMPATH\CodeIgniter.php(494): CodeIgniter\CodeIgniter->startController()
 6 SYSTEMPATH\CodeIgniter.php(354): CodeIgniter\CodeIgniter->handleRequest(null, Object(Config\Cache), false)
 7 SYSTEMPATH\Boot.php(334): CodeIgniter\CodeIgniter->run()
 8 SYSTEMPATH\Boot.php(67): CodeIgniter\Boot::runCodeIgniter(Object(CodeIgniter\CodeIgniter))
 9 FCPATH\index.php(56): CodeIgniter\Boot::bootWeb(Object(Config\Paths))
CRITICAL - 2025-06-09 23:49:04 --> ParseError: syntax error, unexpected token "return", expecting "function" or "const"
[Method: GET, Route: admin/productos/listar]
in APPPATH\Controllers\ProductoController.php on line 41.
 1 SYSTEMPATH\Autoloader\Autoloader.php(295): CodeIgniter\Autoloader\Autoloader->includeFile('C:\\xampp\\htdocs\\proyecto_benitez_lopez\\app\\Controllers\\ProductoController.php')
 2 SYSTEMPATH\Autoloader\Autoloader.php(271): CodeIgniter\Autoloader\Autoloader->loadInNamespace('App\\Controllers\\ProductoController')
 3 [internal function]: CodeIgniter\Autoloader\Autoloader->loadClass('App\\Controllers\\ProductoController')
 4 SYSTEMPATH\CodeIgniter.php(885): class_exists('\\App\\Controllers\\ProductoController', true)
 5 SYSTEMPATH\CodeIgniter.php(494): CodeIgniter\CodeIgniter->startController()
 6 SYSTEMPATH\CodeIgniter.php(354): CodeIgniter\CodeIgniter->handleRequest(null, Object(Config\Cache), false)
 7 SYSTEMPATH\Boot.php(334): CodeIgniter\CodeIgniter->run()
 8 SYSTEMPATH\Boot.php(67): CodeIgniter\Boot::runCodeIgniter(Object(CodeIgniter\CodeIgniter))
 9 FCPATH\index.php(56): CodeIgniter\Boot::bootWeb(Object(Config\Paths))
CRITICAL - 2025-06-09 23:49:04 --> ParseError: syntax error, unexpected token "return", expecting "function" or "const"
[Method: GET, Route: admin/productos/listar]
in APPPATH\Controllers\ProductoController.php on line 41.
 1 SYSTEMPATH\Autoloader\Autoloader.php(295): CodeIgniter\Autoloader\Autoloader->includeFile('C:\\xampp\\htdocs\\proyecto_benitez_lopez\\app\\Controllers\\ProductoController.php')
 2 SYSTEMPATH\Autoloader\Autoloader.php(271): CodeIgniter\Autoloader\Autoloader->loadInNamespace('App\\Controllers\\ProductoController')
 3 [internal function]: CodeIgniter\Autoloader\Autoloader->loadClass('App\\Controllers\\ProductoController')
 4 SYSTEMPATH\CodeIgniter.php(885): class_exists('\\App\\Controllers\\ProductoController', true)
 5 SYSTEMPATH\CodeIgniter.php(494): CodeIgniter\CodeIgniter->startController()
 6 SYSTEMPATH\CodeIgniter.php(354): CodeIgniter\CodeIgniter->handleRequest(null, Object(Config\Cache), false)
 7 SYSTEMPATH\Boot.php(334): CodeIgniter\CodeIgniter->run()
 8 SYSTEMPATH\Boot.php(67): CodeIgniter\Boot::runCodeIgniter(Object(CodeIgniter\CodeIgniter))
 9 FCPATH\index.php(56): CodeIgniter\Boot::bootWeb(Object(Config\Paths))
CRITICAL - 2025-06-09 23:49:04 --> ParseError: syntax error, unexpected token "return", expecting "function" or "const"
[Method: GET, Route: admin/productos/listar]
in APPPATH\Controllers\ProductoController.php on line 41.
 1 SYSTEMPATH\Autoloader\Autoloader.php(295): CodeIgniter\Autoloader\Autoloader->includeFile('C:\\xampp\\htdocs\\proyecto_benitez_lopez\\app\\Controllers\\ProductoController.php')
 2 SYSTEMPATH\Autoloader\Autoloader.php(271): CodeIgniter\Autoloader\Autoloader->loadInNamespace('App\\Controllers\\ProductoController')
 3 [internal function]: CodeIgniter\Autoloader\Autoloader->loadClass('App\\Controllers\\ProductoController')
 4 SYSTEMPATH\CodeIgniter.php(885): class_exists('\\App\\Controllers\\ProductoController', true)
 5 SYSTEMPATH\CodeIgniter.php(494): CodeIgniter\CodeIgniter->startController()
 6 SYSTEMPATH\CodeIgniter.php(354): CodeIgniter\CodeIgniter->handleRequest(null, Object(Config\Cache), false)
 7 SYSTEMPATH\Boot.php(334): CodeIgniter\CodeIgniter->run()
 8 SYSTEMPATH\Boot.php(67): CodeIgniter\Boot::runCodeIgniter(Object(CodeIgniter\CodeIgniter))
 9 FCPATH\index.php(56): CodeIgniter\Boot::bootWeb(Object(Config\Paths))
CRITICAL - 2025-06-09 23:49:04 --> ParseError: syntax error, unexpected token "return", expecting "function" or "const"
[Method: GET, Route: admin/productos/listar]
in APPPATH\Controllers\ProductoController.php on line 41.
 1 SYSTEMPATH\Autoloader\Autoloader.php(295): CodeIgniter\Autoloader\Autoloader->includeFile('C:\\xampp\\htdocs\\proyecto_benitez_lopez\\app\\Controllers\\ProductoController.php')
 2 SYSTEMPATH\Autoloader\Autoloader.php(271): CodeIgniter\Autoloader\Autoloader->loadInNamespace('App\\Controllers\\ProductoController')
 3 [internal function]: CodeIgniter\Autoloader\Autoloader->loadClass('App\\Controllers\\ProductoController')
 4 SYSTEMPATH\CodeIgniter.php(885): class_exists('\\App\\Controllers\\ProductoController', true)
 5 SYSTEMPATH\CodeIgniter.php(494): CodeIgniter\CodeIgniter->startController()
 6 SYSTEMPATH\CodeIgniter.php(354): CodeIgniter\CodeIgniter->handleRequest(null, Object(Config\Cache), false)
 7 SYSTEMPATH\Boot.php(334): CodeIgniter\CodeIgniter->run()
 8 SYSTEMPATH\Boot.php(67): CodeIgniter\Boot::runCodeIgniter(Object(CodeIgniter\CodeIgniter))
 9 FCPATH\index.php(56): CodeIgniter\Boot::bootWeb(Object(Config\Paths))
CRITICAL - 2025-06-09 23:49:05 --> ParseError: syntax error, unexpected token "return", expecting "function" or "const"
[Method: GET, Route: admin/productos/editar/3]
in APPPATH\Controllers\ProductoController.php on line 41.
 1 SYSTEMPATH\Autoloader\Autoloader.php(295): CodeIgniter\Autoloader\Autoloader->includeFile('C:\\xampp\\htdocs\\proyecto_benitez_lopez\\app\\Controllers\\ProductoController.php')
 2 SYSTEMPATH\Autoloader\Autoloader.php(271): CodeIgniter\Autoloader\Autoloader->loadInNamespace('App\\Controllers\\ProductoController')
 3 [internal function]: CodeIgniter\Autoloader\Autoloader->loadClass('App\\Controllers\\ProductoController')
 4 SYSTEMPATH\CodeIgniter.php(885): class_exists('\\App\\Controllers\\ProductoController', true)
 5 SYSTEMPATH\CodeIgniter.php(494): CodeIgniter\CodeIgniter->startController()
 6 SYSTEMPATH\CodeIgniter.php(354): CodeIgniter\CodeIgniter->handleRequest(null, Object(Config\Cache), false)
 7 SYSTEMPATH\Boot.php(334): CodeIgniter\CodeIgniter->run()
 8 SYSTEMPATH\Boot.php(67): CodeIgniter\Boot::runCodeIgniter(Object(CodeIgniter\CodeIgniter))
 9 FCPATH\index.php(56): CodeIgniter\Boot::bootWeb(Object(Config\Paths))
CRITICAL - 2025-06-09 23:49:06 --> ParseError: syntax error, unexpected token "return", expecting "function" or "const"
[Method: GET, Route: admin/productos/listar]
in APPPATH\Controllers\ProductoController.php on line 41.
 1 SYSTEMPATH\Autoloader\Autoloader.php(295): CodeIgniter\Autoloader\Autoloader->includeFile('C:\\xampp\\htdocs\\proyecto_benitez_lopez\\app\\Controllers\\ProductoController.php')
 2 SYSTEMPATH\Autoloader\Autoloader.php(271): CodeIgniter\Autoloader\Autoloader->loadInNamespace('App\\Controllers\\ProductoController')
 3 [internal function]: CodeIgniter\Autoloader\Autoloader->loadClass('App\\Controllers\\ProductoController')
 4 SYSTEMPATH\CodeIgniter.php(885): class_exists('\\App\\Controllers\\ProductoController', true)
 5 SYSTEMPATH\CodeIgniter.php(494): CodeIgniter\CodeIgniter->startController()
 6 SYSTEMPATH\CodeIgniter.php(354): CodeIgniter\CodeIgniter->handleRequest(null, Object(Config\Cache), false)
 7 SYSTEMPATH\Boot.php(334): CodeIgniter\CodeIgniter->run()
 8 SYSTEMPATH\Boot.php(67): CodeIgniter\Boot::runCodeIgniter(Object(CodeIgniter\CodeIgniter))
 9 FCPATH\index.php(56): CodeIgniter\Boot::bootWeb(Object(Config\Paths))
CRITICAL - 2025-06-09 23:49:07 --> ParseError: syntax error, unexpected token "return", expecting "function" or "const"
[Method: GET, Route: admin/productos/editar/1]
in APPPATH\Controllers\ProductoController.php on line 41.
 1 SYSTEMPATH\Autoloader\Autoloader.php(295): CodeIgniter\Autoloader\Autoloader->includeFile('C:\\xampp\\htdocs\\proyecto_benitez_lopez\\app\\Controllers\\ProductoController.php')
 2 SYSTEMPATH\Autoloader\Autoloader.php(271): CodeIgniter\Autoloader\Autoloader->loadInNamespace('App\\Controllers\\ProductoController')
 3 [internal function]: CodeIgniter\Autoloader\Autoloader->loadClass('App\\Controllers\\ProductoController')
 4 SYSTEMPATH\CodeIgniter.php(885): class_exists('\\App\\Controllers\\ProductoController', true)
 5 SYSTEMPATH\CodeIgniter.php(494): CodeIgniter\CodeIgniter->startController()
 6 SYSTEMPATH\CodeIgniter.php(354): CodeIgniter\CodeIgniter->handleRequest(null, Object(Config\Cache), false)
 7 SYSTEMPATH\Boot.php(334): CodeIgniter\CodeIgniter->run()
 8 SYSTEMPATH\Boot.php(67): CodeIgniter\Boot::runCodeIgniter(Object(CodeIgniter\CodeIgniter))
 9 FCPATH\index.php(56): CodeIgniter\Boot::bootWeb(Object(Config\Paths))
CRITICAL - 2025-06-09 23:49:13 --> ParseError: syntax error, unexpected token "return", expecting "function" or "const"
[Method: GET, Route: admin/productos/listar]
in APPPATH\Controllers\ProductoController.php on line 41.
 1 SYSTEMPATH\Autoloader\Autoloader.php(295): CodeIgniter\Autoloader\Autoloader->includeFile('C:\\xampp\\htdocs\\proyecto_benitez_lopez\\app\\Controllers\\ProductoController.php')
 2 SYSTEMPATH\Autoloader\Autoloader.php(271): CodeIgniter\Autoloader\Autoloader->loadInNamespace('App\\Controllers\\ProductoController')
 3 [internal function]: CodeIgniter\Autoloader\Autoloader->loadClass('App\\Controllers\\ProductoController')
 4 SYSTEMPATH\CodeIgniter.php(885): class_exists('\\App\\Controllers\\ProductoController', true)
 5 SYSTEMPATH\CodeIgniter.php(494): CodeIgniter\CodeIgniter->startController()
 6 SYSTEMPATH\CodeIgniter.php(354): CodeIgniter\CodeIgniter->handleRequest(null, Object(Config\Cache), false)
 7 SYSTEMPATH\Boot.php(334): CodeIgniter\CodeIgniter->run()
 8 SYSTEMPATH\Boot.php(67): CodeIgniter\Boot::runCodeIgniter(Object(CodeIgniter\CodeIgniter))
 9 FCPATH\index.php(56): CodeIgniter\Boot::bootWeb(Object(Config\Paths))
CRITICAL - 2025-06-09 23:49:25 --> ParseError: syntax error, unexpected token "return", expecting "function" or "const"
[Method: GET, Route: admin/productos/crear]
in APPPATH\Controllers\ProductoController.php on line 41.
 1 SYSTEMPATH\Autoloader\Autoloader.php(295): CodeIgniter\Autoloader\Autoloader->includeFile('C:\\xampp\\htdocs\\proyecto_benitez_lopez\\app\\Controllers\\ProductoController.php')
 2 SYSTEMPATH\Autoloader\Autoloader.php(271): CodeIgniter\Autoloader\Autoloader->loadInNamespace('App\\Controllers\\ProductoController')
 3 [internal function]: CodeIgniter\Autoloader\Autoloader->loadClass('App\\Controllers\\ProductoController')
 4 SYSTEMPATH\CodeIgniter.php(885): class_exists('\\App\\Controllers\\ProductoController', true)
 5 SYSTEMPATH\CodeIgniter.php(494): CodeIgniter\CodeIgniter->startController()
 6 SYSTEMPATH\CodeIgniter.php(354): CodeIgniter\CodeIgniter->handleRequest(null, Object(Config\Cache), false)
 7 SYSTEMPATH\Boot.php(334): CodeIgniter\CodeIgniter->run()
 8 SYSTEMPATH\Boot.php(67): CodeIgniter\Boot::runCodeIgniter(Object(CodeIgniter\CodeIgniter))
 9 FCPATH\index.php(56): CodeIgniter\Boot::bootWeb(Object(Config\Paths))
CRITICAL - 2025-06-09 23:49:50 --> ErrorException: Undefined property: CodeIgniter\View\View::$categoriaModel
[Method: GET, Route: admin/productos/listar]
in APPPATH\Views\admin\productos\listar.php on line 54.
 1 APPPATH\Views\admin\productos\listar.php(54): CodeIgniter\Debug\Exceptions->errorHandler(2, 'Undefined property: CodeIgniter\\View\\View::$categoriaModel', 'C:\\xampp\\htdocs\\proyecto_benitez_lopez\\app\\Views\\admin\\productos\\listar.php', 54)
 2 SYSTEMPATH\View\View.php(224): include('C:\\xampp\\htdocs\\proyecto_benitez_lopez\\app\\Views\\admin\\productos\\listar.php')
 3 SYSTEMPATH\View\View.php(227): CodeIgniter\View\View->CodeIgniter\View\{closure}()
 4 SYSTEMPATH\Common.php(1173): CodeIgniter\View\View->render('admin/productos/listar', [], true)
 5 APPPATH\Controllers\ProductoController.php(38): view('admin/productos/listar')
 6 SYSTEMPATH\CodeIgniter.php(933): App\Controllers\ProductoController->listar()
 7 SYSTEMPATH\CodeIgniter.php(507): CodeIgniter\CodeIgniter->runController(Object(App\Controllers\ProductoController))
 8 SYSTEMPATH\CodeIgniter.php(354): CodeIgniter\CodeIgniter->handleRequest(null, Object(Config\Cache), false)
 9 SYSTEMPATH\Boot.php(334): CodeIgniter\CodeIgniter->run()
10 SYSTEMPATH\Boot.php(67): CodeIgniter\Boot::runCodeIgniter(Object(CodeIgniter\CodeIgniter))
11 FCPATH\index.php(56): CodeIgniter\Boot::bootWeb(Object(Config\Paths))
CRITICAL - 2025-06-09 23:50:00 --> ErrorException: foreach() argument must be of type array|object, null given
[Method: GET, Route: admin/productos/editar/5]
in APPPATH\Views\admin\productos\editar.php on line 75.
 1 APPPATH\Views\admin\productos\editar.php(75): CodeIgniter\Debug\Exceptions->errorHandler(2, 'foreach() argument must be of type array|object, null given', 'C:\\xampp\\htdocs\\proyecto_benitez_lopez\\app\\Views\\admin\\productos\\editar.php', 75)
 2 SYSTEMPATH\View\View.php(224): include('C:\\xampp\\htdocs\\proyecto_benitez_lopez\\app\\Views\\admin\\productos\\editar.php')
 3 SYSTEMPATH\View\View.php(227): CodeIgniter\View\View->CodeIgniter\View\{closure}()
 4 SYSTEMPATH\Common.php(1173): CodeIgniter\View\View->render('admin/productos/editar', [], true)
 5 APPPATH\Controllers\ProductoController.php(226): view('admin/productos/editar')
 6 SYSTEMPATH\CodeIgniter.php(933): App\Controllers\ProductoController->editarProducto('5')
 7 SYSTEMPATH\CodeIgniter.php(507): CodeIgniter\CodeIgniter->runController(Object(App\Controllers\ProductoController))
 8 SYSTEMPATH\CodeIgniter.php(354): CodeIgniter\CodeIgniter->handleRequest(null, Object(Config\Cache), false)
 9 SYSTEMPATH\Boot.php(334): CodeIgniter\CodeIgniter->run()
10 SYSTEMPATH\Boot.php(67): CodeIgniter\Boot::runCodeIgniter(Object(CodeIgniter\CodeIgniter))
11 FCPATH\index.php(56): CodeIgniter\Boot::bootWeb(Object(Config\Paths))
CRITICAL - 2025-06-09 23:50:12 --> ErrorException: foreach() argument must be of type array|object, null given
[Method: GET, Route: admin/productos/editar/4]
in APPPATH\Views\admin\productos\editar.php on line 75.
 1 APPPATH\Views\admin\productos\editar.php(75): CodeIgniter\Debug\Exceptions->errorHandler(2, 'foreach() argument must be of type array|object, null given', 'C:\\xampp\\htdocs\\proyecto_benitez_lopez\\app\\Views\\admin\\productos\\editar.php', 75)
 2 SYSTEMPATH\View\View.php(224): include('C:\\xampp\\htdocs\\proyecto_benitez_lopez\\app\\Views\\admin\\productos\\editar.php')
 3 SYSTEMPATH\View\View.php(227): CodeIgniter\View\View->CodeIgniter\View\{closure}()
 4 SYSTEMPATH\Common.php(1173): CodeIgniter\View\View->render('admin/productos/editar', [], true)
 5 APPPATH\Controllers\ProductoController.php(226): view('admin/productos/editar')
 6 SYSTEMPATH\CodeIgniter.php(933): App\Controllers\ProductoController->editarProducto('4')
 7 SYSTEMPATH\CodeIgniter.php(507): CodeIgniter\CodeIgniter->runController(Object(App\Controllers\ProductoController))
 8 SYSTEMPATH\CodeIgniter.php(354): CodeIgniter\CodeIgniter->handleRequest(null, Object(Config\Cache), false)
 9 SYSTEMPATH\Boot.php(334): CodeIgniter\CodeIgniter->run()
10 SYSTEMPATH\Boot.php(67): CodeIgniter\Boot::runCodeIgniter(Object(CodeIgniter\CodeIgniter))
11 FCPATH\index.php(56): CodeIgniter\Boot::bootWeb(Object(Config\Paths))
CRITICAL - 2025-06-09 23:51:24 --> ErrorException: foreach() argument must be of type array|object, null given
[Method: GET, Route: admin/productos/editar/5]
in APPPATH\Views\admin\productos\editar.php on line 75.
 1 APPPATH\Views\admin\productos\editar.php(75): CodeIgniter\Debug\Exceptions->errorHandler(2, 'foreach() argument must be of type array|object, null given', 'C:\\xampp\\htdocs\\proyecto_benitez_lopez\\app\\Views\\admin\\productos\\editar.php', 75)
 2 SYSTEMPATH\View\View.php(224): include('C:\\xampp\\htdocs\\proyecto_benitez_lopez\\app\\Views\\admin\\productos\\editar.php')
 3 SYSTEMPATH\View\View.php(227): CodeIgniter\View\View->CodeIgniter\View\{closure}()
 4 SYSTEMPATH\Common.php(1173): CodeIgniter\View\View->render('admin/productos/editar', [], true)
 5 APPPATH\Controllers\ProductoController.php(226): view('admin/productos/editar')
 6 SYSTEMPATH\CodeIgniter.php(933): App\Controllers\ProductoController->editarProducto('5')
 7 SYSTEMPATH\CodeIgniter.php(507): CodeIgniter\CodeIgniter->runController(Object(App\Controllers\ProductoController))
 8 SYSTEMPATH\CodeIgniter.php(354): CodeIgniter\CodeIgniter->handleRequest(null, Object(Config\Cache), false)
 9 SYSTEMPATH\Boot.php(334): CodeIgniter\CodeIgniter->run()
10 SYSTEMPATH\Boot.php(67): CodeIgniter\Boot::runCodeIgniter(Object(CodeIgniter\CodeIgniter))
11 FCPATH\index.php(56): CodeIgniter\Boot::bootWeb(Object(Config\Paths))
CRITICAL - 2025-06-09 23:51:29 --> ErrorException: foreach() argument must be of type array|object, null given
[Method: GET, Route: admin/productos/editar/11]
in APPPATH\Views\admin\productos\editar.php on line 75.
 1 APPPATH\Views\admin\productos\editar.php(75): CodeIgniter\Debug\Exceptions->errorHandler(2, 'foreach() argument must be of type array|object, null given', 'C:\\xampp\\htdocs\\proyecto_benitez_lopez\\app\\Views\\admin\\productos\\editar.php', 75)
 2 SYSTEMPATH\View\View.php(224): include('C:\\xampp\\htdocs\\proyecto_benitez_lopez\\app\\Views\\admin\\productos\\editar.php')
 3 SYSTEMPATH\View\View.php(227): CodeIgniter\View\View->CodeIgniter\View\{closure}()
 4 SYSTEMPATH\Common.php(1173): CodeIgniter\View\View->render('admin/productos/editar', [], true)
 5 APPPATH\Controllers\ProductoController.php(226): view('admin/productos/editar')
 6 SYSTEMPATH\CodeIgniter.php(933): App\Controllers\ProductoController->editarProducto('11')
 7 SYSTEMPATH\CodeIgniter.php(507): CodeIgniter\CodeIgniter->runController(Object(App\Controllers\ProductoController))
 8 SYSTEMPATH\CodeIgniter.php(354): CodeIgniter\CodeIgniter->handleRequest(null, Object(Config\Cache), false)
 9 SYSTEMPATH\Boot.php(334): CodeIgniter\CodeIgniter->run()
10 SYSTEMPATH\Boot.php(67): CodeIgniter\Boot::runCodeIgniter(Object(CodeIgniter\CodeIgniter))
11 FCPATH\index.php(56): CodeIgniter\Boot::bootWeb(Object(Config\Paths))
CRITICAL - 2025-06-09 23:51:32 --> ErrorException: foreach() argument must be of type array|object, null given
[Method: GET, Route: admin/productos/editar/11]
in APPPATH\Views\admin\productos\editar.php on line 75.
 1 APPPATH\Views\admin\productos\editar.php(75): CodeIgniter\Debug\Exceptions->errorHandler(2, 'foreach() argument must be of type array|object, null given', 'C:\\xampp\\htdocs\\proyecto_benitez_lopez\\app\\Views\\admin\\productos\\editar.php', 75)
 2 SYSTEMPATH\View\View.php(224): include('C:\\xampp\\htdocs\\proyecto_benitez_lopez\\app\\Views\\admin\\productos\\editar.php')
 3 SYSTEMPATH\View\View.php(227): CodeIgniter\View\View->CodeIgniter\View\{closure}()
 4 SYSTEMPATH\Common.php(1173): CodeIgniter\View\View->render('admin/productos/editar', [], true)
 5 APPPATH\Controllers\ProductoController.php(226): view('admin/productos/editar')
 6 SYSTEMPATH\CodeIgniter.php(933): App\Controllers\ProductoController->editarProducto('11')
 7 SYSTEMPATH\CodeIgniter.php(507): CodeIgniter\CodeIgniter->runController(Object(App\Controllers\ProductoController))
 8 SYSTEMPATH\CodeIgniter.php(354): CodeIgniter\CodeIgniter->handleRequest(null, Object(Config\Cache), false)
 9 SYSTEMPATH\Boot.php(334): CodeIgniter\CodeIgniter->run()
10 SYSTEMPATH\Boot.php(67): CodeIgniter\Boot::runCodeIgniter(Object(CodeIgniter\CodeIgniter))
11 FCPATH\index.php(56): CodeIgniter\Boot::bootWeb(Object(Config\Paths))
CRITICAL - 2025-06-09 23:51:33 --> ErrorException: foreach() argument must be of type array|object, null given
[Method: GET, Route: admin/productos/editar/11]
in APPPATH\Views\admin\productos\editar.php on line 75.
 1 APPPATH\Views\admin\productos\editar.php(75): CodeIgniter\Debug\Exceptions->errorHandler(2, 'foreach() argument must be of type array|object, null given', 'C:\\xampp\\htdocs\\proyecto_benitez_lopez\\app\\Views\\admin\\productos\\editar.php', 75)
 2 SYSTEMPATH\View\View.php(224): include('C:\\xampp\\htdocs\\proyecto_benitez_lopez\\app\\Views\\admin\\productos\\editar.php')
 3 SYSTEMPATH\View\View.php(227): CodeIgniter\View\View->CodeIgniter\View\{closure}()
 4 SYSTEMPATH\Common.php(1173): CodeIgniter\View\View->render('admin/productos/editar', [], true)
 5 APPPATH\Controllers\ProductoController.php(226): view('admin/productos/editar')
 6 SYSTEMPATH\CodeIgniter.php(933): App\Controllers\ProductoController->editarProducto('11')
 7 SYSTEMPATH\CodeIgniter.php(507): CodeIgniter\CodeIgniter->runController(Object(App\Controllers\ProductoController))
 8 SYSTEMPATH\CodeIgniter.php(354): CodeIgniter\CodeIgniter->handleRequest(null, Object(Config\Cache), false)
 9 SYSTEMPATH\Boot.php(334): CodeIgniter\CodeIgniter->run()
10 SYSTEMPATH\Boot.php(67): CodeIgniter\Boot::runCodeIgniter(Object(CodeIgniter\CodeIgniter))
11 FCPATH\index.php(56): CodeIgniter\Boot::bootWeb(Object(Config\Paths))
CRITICAL - 2025-06-09 23:51:33 --> ErrorException: foreach() argument must be of type array|object, null given
[Method: GET, Route: admin/productos/editar/11]
in APPPATH\Views\admin\productos\editar.php on line 75.
 1 APPPATH\Views\admin\productos\editar.php(75): CodeIgniter\Debug\Exceptions->errorHandler(2, 'foreach() argument must be of type array|object, null given', 'C:\\xampp\\htdocs\\proyecto_benitez_lopez\\app\\Views\\admin\\productos\\editar.php', 75)
 2 SYSTEMPATH\View\View.php(224): include('C:\\xampp\\htdocs\\proyecto_benitez_lopez\\app\\Views\\admin\\productos\\editar.php')
 3 SYSTEMPATH\View\View.php(227): CodeIgniter\View\View->CodeIgniter\View\{closure}()
 4 SYSTEMPATH\Common.php(1173): CodeIgniter\View\View->render('admin/productos/editar', [], true)
 5 APPPATH\Controllers\ProductoController.php(226): view('admin/productos/editar')
 6 SYSTEMPATH\CodeIgniter.php(933): App\Controllers\ProductoController->editarProducto('11')
 7 SYSTEMPATH\CodeIgniter.php(507): CodeIgniter\CodeIgniter->runController(Object(App\Controllers\ProductoController))
 8 SYSTEMPATH\CodeIgniter.php(354): CodeIgniter\CodeIgniter->handleRequest(null, Object(Config\Cache), false)
 9 SYSTEMPATH\Boot.php(334): CodeIgniter\CodeIgniter->run()
10 SYSTEMPATH\Boot.php(67): CodeIgniter\Boot::runCodeIgniter(Object(CodeIgniter\CodeIgniter))
11 FCPATH\index.php(56): CodeIgniter\Boot::bootWeb(Object(Config\Paths))
CRITICAL - 2025-06-09 23:51:45 --> CodeIgniter\HTTP\Exceptions\BadRequestException: The URI you submitted has disallowed characters: "$1"
[Method: GET, Route: admin/productos/editar/$1]
in SYSTEMPATH\Router\Router.php on line 739.
 1 SYSTEMPATH\Router\Router.php(207): CodeIgniter\Router\Router->checkDisallowedChars('admin/productos/editar/$1')
 2 SYSTEMPATH\CodeIgniter.php(832): CodeIgniter\Router\Router->handle('admin/productos/editar/$1')
 3 SYSTEMPATH\CodeIgniter.php(455): CodeIgniter\CodeIgniter->tryToRouteIt(Object(CodeIgniter\Router\RouteCollection))
 4 SYSTEMPATH\CodeIgniter.php(354): CodeIgniter\CodeIgniter->handleRequest(null, Object(Config\Cache), false)
 5 SYSTEMPATH\Boot.php(334): CodeIgniter\CodeIgniter->run()
 6 SYSTEMPATH\Boot.php(67): CodeIgniter\Boot::runCodeIgniter(Object(CodeIgniter\CodeIgniter))
 7 FCPATH\index.php(56): CodeIgniter\Boot::bootWeb(Object(Config\Paths))
