ERROR - 2025-05-17 02:55:40 --> mysqli_sql_exception: Unknown column 'nombre' in 'field list' in C:\xampp\htdocs\proyecto_benitez_lopez\system\Database\MySQLi\Connection.php:327
Stack trace:
#0 C:\xampp\htdocs\proyecto_benitez_lopez\system\Database\MySQLi\Connection.php(327): mysqli->query('INSERT INTO `us...', 0)
#1 C:\xampp\htdocs\proyecto_benitez_lopez\system\Database\BaseConnection.php(738): CodeIgniter\Database\MySQLi\Connection->execute('INSERT INTO `us...')
#2 C:\xampp\htdocs\proyecto_benitez_lopez\system\Database\BaseConnection.php(652): CodeIgniter\Database\BaseConnection->simpleQuery('INSERT INTO `us...')
#3 C:\xampp\htdocs\proyecto_benitez_lopez\system\Database\BaseBuilder.php(2345): CodeIgniter\Database\BaseConnection->query('INSERT INTO `us...', Array, false)
#4 C:\xampp\htdocs\proyecto_benitez_lopez\system\Model.php(394): CodeIgniter\Database\BaseBuilder->insert()
#5 C:\xampp\htdocs\proyecto_benitez_lopez\system\BaseModel.php(839): CodeIgniter\Model->doInsert(Array)
#6 C:\xampp\htdocs\proyecto_benitez_lopez\system\Model.php(800): CodeIgniter\BaseModel->insert(Array, true)
#7 C:\xampp\htdocs\proyecto_benitez_lopez\app\Controllers\AuthController.php(29): CodeIgniter\Model->insert(Array)
#8 C:\xampp\htdocs\proyecto_benitez_lopez\system\CodeIgniter.php(933): App\Controllers\AuthController->register()
#9 C:\xampp\htdocs\proyecto_benitez_lopez\system\CodeIgniter.php(507): CodeIgniter\CodeIgniter->runController(Object(App\Controllers\AuthController))
#10 C:\xampp\htdocs\proyecto_benitez_lopez\system\CodeIgniter.php(354): CodeIgniter\CodeIgniter->handleRequest(NULL, Object(Config\Cache), false)
#11 C:\xampp\htdocs\proyecto_benitez_lopez\system\Boot.php(334): CodeIgniter\CodeIgniter->run()
#12 C:\xampp\htdocs\proyecto_benitez_lopez\system\Boot.php(67): CodeIgniter\Boot::runCodeIgniter(Object(CodeIgniter\CodeIgniter))
#13 C:\xampp\htdocs\proyecto_benitez_lopez\index.php(56): CodeIgniter\Boot::bootWeb(Object(Config\Paths))
#14 {main}
CRITICAL - 2025-05-17 02:55:40 --> CodeIgniter\Database\Exceptions\DatabaseException: Unknown column 'nombre' in 'field list'
[Method: POST, Route: register]
in SYSTEMPATH\Database\BaseConnection.php on line 692.
 1 SYSTEMPATH\Database\BaseBuilder.php(2345): CodeIgniter\Database\BaseConnection->query('INSERT INTO `usuarios` (`nombre`, `apellido`, `email`, `password`, `rol`, `created_at`, `updated_at`) VALUES (:nombre:, :apellido:, :email:, :password:, :rol:, :created_at:, :updated_at:)', [...], false)
 2 SYSTEMPATH\Model.php(394): CodeIgniter\Database\BaseBuilder->insert()
 3 SYSTEMPATH\BaseModel.php(839): CodeIgniter\Model->doInsert([...])
 4 SYSTEMPATH\Model.php(800): CodeIgniter\BaseModel->insert([...], true)
 5 APPPATH\Controllers\AuthController.php(29): CodeIgniter\Model->insert([...])
 6 SYSTEMPATH\CodeIgniter.php(933): App\Controllers\AuthController->register()
 7 SYSTEMPATH\CodeIgniter.php(507): CodeIgniter\CodeIgniter->runController(Object(App\Controllers\AuthController))
 8 SYSTEMPATH\CodeIgniter.php(354): CodeIgniter\CodeIgniter->handleRequest(null, Object(Config\Cache), false)
 9 SYSTEMPATH\Boot.php(334): CodeIgniter\CodeIgniter->run()
10 SYSTEMPATH\Boot.php(67): CodeIgniter\Boot::runCodeIgniter(Object(CodeIgniter\CodeIgniter))
11 FCPATH\index.php(56): CodeIgniter\Boot::bootWeb(Object(Config\Paths))
CRITICAL - 2025-05-17 02:55:40 --> [Caused by] CodeIgniter\Database\Exceptions\DatabaseException: Unknown column 'nombre' in 'field list'
in SYSTEMPATH\Database\MySQLi\Connection.php on line 332.
 1 SYSTEMPATH\Database\BaseConnection.php(738): CodeIgniter\Database\MySQLi\Connection->execute('INSERT INTO `usuarios` (`nombre`, `apellido`, `email`, `password`, `rol`, `created_at`, `updated_at`) VALUES (\'Enzo Benitez\', NULL, \'mauri@gmail.com\', \'$2y$10$6rw7XogDiXjnjGkhoMY9X.dtBLs3X2aoLvu9cC.pB0au5DtzYjZWK\', \'usuario\', \'2025-05-17 02:55:40\', \'2025-05-17 02:55:40\')')
 2 SYSTEMPATH\Database\BaseConnection.php(652): CodeIgniter\Database\BaseConnection->simpleQuery('INSERT INTO `usuarios` (`nombre`, `apellido`, `email`, `password`, `rol`, `created_at`, `updated_at`) VALUES (\'Enzo Benitez\', NULL, \'mauri@gmail.com\', \'$2y$10$6rw7XogDiXjnjGkhoMY9X.dtBLs3X2aoLvu9cC.pB0au5DtzYjZWK\', \'usuario\', \'2025-05-17 02:55:40\', \'2025-05-17 02:55:40\')')
 3 SYSTEMPATH\Database\BaseBuilder.php(2345): CodeIgniter\Database\BaseConnection->query('INSERT INTO `usuarios` (`nombre`, `apellido`, `email`, `password`, `rol`, `created_at`, `updated_at`) VALUES (:nombre:, :apellido:, :email:, :password:, :rol:, :created_at:, :updated_at:)', [...], false)
 4 SYSTEMPATH\Model.php(394): CodeIgniter\Database\BaseBuilder->insert()
 5 SYSTEMPATH\BaseModel.php(839): CodeIgniter\Model->doInsert([...])
 6 SYSTEMPATH\Model.php(800): CodeIgniter\BaseModel->insert([...], true)
 7 APPPATH\Controllers\AuthController.php(29): CodeIgniter\Model->insert([...])
 8 SYSTEMPATH\CodeIgniter.php(933): App\Controllers\AuthController->register()
 9 SYSTEMPATH\CodeIgniter.php(507): CodeIgniter\CodeIgniter->runController(Object(App\Controllers\AuthController))
10 SYSTEMPATH\CodeIgniter.php(354): CodeIgniter\CodeIgniter->handleRequest(null, Object(Config\Cache), false)
11 SYSTEMPATH\Boot.php(334): CodeIgniter\CodeIgniter->run()
12 SYSTEMPATH\Boot.php(67): CodeIgniter\Boot::runCodeIgniter(Object(CodeIgniter\CodeIgniter))
13 FCPATH\index.php(56): CodeIgniter\Boot::bootWeb(Object(Config\Paths))
CRITICAL - 2025-05-17 02:55:40 --> [Caused by] mysqli_sql_exception: Unknown column 'nombre' in 'field list'
in SYSTEMPATH\Database\MySQLi\Connection.php on line 327.
 1 SYSTEMPATH\Database\MySQLi\Connection.php(327): mysqli->query('INSERT INTO `usuarios` (`nombre`, `apellido`, `email`, `password`, `rol`, `created_at`, `updated_at`) VALUES (\'Enzo Benitez\', NULL, \'mauri@gmail.com\', \'$2y$10$6rw7XogDiXjnjGkhoMY9X.dtBLs3X2aoLvu9cC.pB0au5DtzYjZWK\', \'usuario\', \'2025-05-17 02:55:40\', \'2025-05-17 02:55:40\')', 0)
 2 SYSTEMPATH\Database\BaseConnection.php(738): CodeIgniter\Database\MySQLi\Connection->execute('INSERT INTO `usuarios` (`nombre`, `apellido`, `email`, `password`, `rol`, `created_at`, `updated_at`) VALUES (\'Enzo Benitez\', NULL, \'mauri@gmail.com\', \'$2y$10$6rw7XogDiXjnjGkhoMY9X.dtBLs3X2aoLvu9cC.pB0au5DtzYjZWK\', \'usuario\', \'2025-05-17 02:55:40\', \'2025-05-17 02:55:40\')')
 3 SYSTEMPATH\Database\BaseConnection.php(652): CodeIgniter\Database\BaseConnection->simpleQuery('INSERT INTO `usuarios` (`nombre`, `apellido`, `email`, `password`, `rol`, `created_at`, `updated_at`) VALUES (\'Enzo Benitez\', NULL, \'mauri@gmail.com\', \'$2y$10$6rw7XogDiXjnjGkhoMY9X.dtBLs3X2aoLvu9cC.pB0au5DtzYjZWK\', \'usuario\', \'2025-05-17 02:55:40\', \'2025-05-17 02:55:40\')')
 4 SYSTEMPATH\Database\BaseBuilder.php(2345): CodeIgniter\Database\BaseConnection->query('INSERT INTO `usuarios` (`nombre`, `apellido`, `email`, `password`, `rol`, `created_at`, `updated_at`) VALUES (:nombre:, :apellido:, :email:, :password:, :rol:, :created_at:, :updated_at:)', [...], false)
 5 SYSTEMPATH\Model.php(394): CodeIgniter\Database\BaseBuilder->insert()
 6 SYSTEMPATH\BaseModel.php(839): CodeIgniter\Model->doInsert([...])
 7 SYSTEMPATH\Model.php(800): CodeIgniter\BaseModel->insert([...], true)
 8 APPPATH\Controllers\AuthController.php(29): CodeIgniter\Model->insert([...])
 9 SYSTEMPATH\CodeIgniter.php(933): App\Controllers\AuthController->register()
10 SYSTEMPATH\CodeIgniter.php(507): CodeIgniter\CodeIgniter->runController(Object(App\Controllers\AuthController))
11 SYSTEMPATH\CodeIgniter.php(354): CodeIgniter\CodeIgniter->handleRequest(null, Object(Config\Cache), false)
12 SYSTEMPATH\Boot.php(334): CodeIgniter\CodeIgniter->run()
13 SYSTEMPATH\Boot.php(67): CodeIgniter\Boot::runCodeIgniter(Object(CodeIgniter\CodeIgniter))
14 FCPATH\index.php(56): CodeIgniter\Boot::bootWeb(Object(Config\Paths))
ERROR - 2025-05-17 03:07:10 --> mysqli_sql_exception: Unknown column 'nombre' in 'field list' in C:\xampp\htdocs\proyecto_benitez_lopez\system\Database\MySQLi\Connection.php:327
Stack trace:
#0 C:\xampp\htdocs\proyecto_benitez_lopez\system\Database\MySQLi\Connection.php(327): mysqli->query('INSERT INTO `us...', 0)
#1 C:\xampp\htdocs\proyecto_benitez_lopez\system\Database\BaseConnection.php(738): CodeIgniter\Database\MySQLi\Connection->execute('INSERT INTO `us...')
#2 C:\xampp\htdocs\proyecto_benitez_lopez\system\Database\BaseConnection.php(652): CodeIgniter\Database\BaseConnection->simpleQuery('INSERT INTO `us...')
#3 C:\xampp\htdocs\proyecto_benitez_lopez\system\Database\BaseBuilder.php(2345): CodeIgniter\Database\BaseConnection->query('INSERT INTO `us...', Array, false)
#4 C:\xampp\htdocs\proyecto_benitez_lopez\system\Model.php(394): CodeIgniter\Database\BaseBuilder->insert()
#5 C:\xampp\htdocs\proyecto_benitez_lopez\system\BaseModel.php(839): CodeIgniter\Model->doInsert(Array)
#6 C:\xampp\htdocs\proyecto_benitez_lopez\system\Model.php(800): CodeIgniter\BaseModel->insert(Array, true)
#7 C:\xampp\htdocs\proyecto_benitez_lopez\app\Controllers\AuthController.php(29): CodeIgniter\Model->insert(Array)
#8 C:\xampp\htdocs\proyecto_benitez_lopez\system\CodeIgniter.php(933): App\Controllers\AuthController->register()
#9 C:\xampp\htdocs\proyecto_benitez_lopez\system\CodeIgniter.php(507): CodeIgniter\CodeIgniter->runController(Object(App\Controllers\AuthController))
#10 C:\xampp\htdocs\proyecto_benitez_lopez\system\CodeIgniter.php(354): CodeIgniter\CodeIgniter->handleRequest(NULL, Object(Config\Cache), false)
#11 C:\xampp\htdocs\proyecto_benitez_lopez\system\Boot.php(334): CodeIgniter\CodeIgniter->run()
#12 C:\xampp\htdocs\proyecto_benitez_lopez\system\Boot.php(67): CodeIgniter\Boot::runCodeIgniter(Object(CodeIgniter\CodeIgniter))
#13 C:\xampp\htdocs\proyecto_benitez_lopez\index.php(56): CodeIgniter\Boot::bootWeb(Object(Config\Paths))
#14 {main}
CRITICAL - 2025-05-17 03:07:10 --> CodeIgniter\Database\Exceptions\DatabaseException: Unknown column 'nombre' in 'field list'
[Method: POST, Route: register]
in SYSTEMPATH\Database\BaseConnection.php on line 692.
 1 SYSTEMPATH\Database\BaseBuilder.php(2345): CodeIgniter\Database\BaseConnection->query('INSERT INTO `usuarios` (`nombre`, `apellido`, `email`, `password`, `rol`, `created_at`, `updated_at`) VALUES (:nombre:, :apellido:, :email:, :password:, :rol:, :created_at:, :updated_at:)', [...], false)
 2 SYSTEMPATH\Model.php(394): CodeIgniter\Database\BaseBuilder->insert()
 3 SYSTEMPATH\BaseModel.php(839): CodeIgniter\Model->doInsert([...])
 4 SYSTEMPATH\Model.php(800): CodeIgniter\BaseModel->insert([...], true)
 5 APPPATH\Controllers\AuthController.php(29): CodeIgniter\Model->insert([...])
 6 SYSTEMPATH\CodeIgniter.php(933): App\Controllers\AuthController->register()
 7 SYSTEMPATH\CodeIgniter.php(507): CodeIgniter\CodeIgniter->runController(Object(App\Controllers\AuthController))
 8 SYSTEMPATH\CodeIgniter.php(354): CodeIgniter\CodeIgniter->handleRequest(null, Object(Config\Cache), false)
 9 SYSTEMPATH\Boot.php(334): CodeIgniter\CodeIgniter->run()
10 SYSTEMPATH\Boot.php(67): CodeIgniter\Boot::runCodeIgniter(Object(CodeIgniter\CodeIgniter))
11 FCPATH\index.php(56): CodeIgniter\Boot::bootWeb(Object(Config\Paths))
CRITICAL - 2025-05-17 03:07:10 --> [Caused by] CodeIgniter\Database\Exceptions\DatabaseException: Unknown column 'nombre' in 'field list'
in SYSTEMPATH\Database\MySQLi\Connection.php on line 332.
 1 SYSTEMPATH\Database\BaseConnection.php(738): CodeIgniter\Database\MySQLi\Connection->execute('INSERT INTO `usuarios` (`nombre`, `apellido`, `email`, `password`, `rol`, `created_at`, `updated_at`) VALUES (\'Enzo\', \'Benitez\', \'mauriciobenitezok@gmail.com\', \'$2y$10$G43G1zFKFeRNrrUfDHOux.ucYVL8NvmTF3B58ktBleLc2f.YrFazy\', \'usuario\', \'2025-05-17 03:07:10\', \'2025-05-17 03:07:10\')')
 2 SYSTEMPATH\Database\BaseConnection.php(652): CodeIgniter\Database\BaseConnection->simpleQuery('INSERT INTO `usuarios` (`nombre`, `apellido`, `email`, `password`, `rol`, `created_at`, `updated_at`) VALUES (\'Enzo\', \'Benitez\', \'mauriciobenitezok@gmail.com\', \'$2y$10$G43G1zFKFeRNrrUfDHOux.ucYVL8NvmTF3B58ktBleLc2f.YrFazy\', \'usuario\', \'2025-05-17 03:07:10\', \'2025-05-17 03:07:10\')')
 3 SYSTEMPATH\Database\BaseBuilder.php(2345): CodeIgniter\Database\BaseConnection->query('INSERT INTO `usuarios` (`nombre`, `apellido`, `email`, `password`, `rol`, `created_at`, `updated_at`) VALUES (:nombre:, :apellido:, :email:, :password:, :rol:, :created_at:, :updated_at:)', [...], false)
 4 SYSTEMPATH\Model.php(394): CodeIgniter\Database\BaseBuilder->insert()
 5 SYSTEMPATH\BaseModel.php(839): CodeIgniter\Model->doInsert([...])
 6 SYSTEMPATH\Model.php(800): CodeIgniter\BaseModel->insert([...], true)
 7 APPPATH\Controllers\AuthController.php(29): CodeIgniter\Model->insert([...])
 8 SYSTEMPATH\CodeIgniter.php(933): App\Controllers\AuthController->register()
 9 SYSTEMPATH\CodeIgniter.php(507): CodeIgniter\CodeIgniter->runController(Object(App\Controllers\AuthController))
10 SYSTEMPATH\CodeIgniter.php(354): CodeIgniter\CodeIgniter->handleRequest(null, Object(Config\Cache), false)
11 SYSTEMPATH\Boot.php(334): CodeIgniter\CodeIgniter->run()
12 SYSTEMPATH\Boot.php(67): CodeIgniter\Boot::runCodeIgniter(Object(CodeIgniter\CodeIgniter))
13 FCPATH\index.php(56): CodeIgniter\Boot::bootWeb(Object(Config\Paths))
CRITICAL - 2025-05-17 03:07:10 --> [Caused by] mysqli_sql_exception: Unknown column 'nombre' in 'field list'
in SYSTEMPATH\Database\MySQLi\Connection.php on line 327.
 1 SYSTEMPATH\Database\MySQLi\Connection.php(327): mysqli->query('INSERT INTO `usuarios` (`nombre`, `apellido`, `email`, `password`, `rol`, `created_at`, `updated_at`) VALUES (\'Enzo\', \'Benitez\', \'mauriciobenitezok@gmail.com\', \'$2y$10$G43G1zFKFeRNrrUfDHOux.ucYVL8NvmTF3B58ktBleLc2f.YrFazy\', \'usuario\', \'2025-05-17 03:07:10\', \'2025-05-17 03:07:10\')', 0)
 2 SYSTEMPATH\Database\BaseConnection.php(738): CodeIgniter\Database\MySQLi\Connection->execute('INSERT INTO `usuarios` (`nombre`, `apellido`, `email`, `password`, `rol`, `created_at`, `updated_at`) VALUES (\'Enzo\', \'Benitez\', \'mauriciobenitezok@gmail.com\', \'$2y$10$G43G1zFKFeRNrrUfDHOux.ucYVL8NvmTF3B58ktBleLc2f.YrFazy\', \'usuario\', \'2025-05-17 03:07:10\', \'2025-05-17 03:07:10\')')
 3 SYSTEMPATH\Database\BaseConnection.php(652): CodeIgniter\Database\BaseConnection->simpleQuery('INSERT INTO `usuarios` (`nombre`, `apellido`, `email`, `password`, `rol`, `created_at`, `updated_at`) VALUES (\'Enzo\', \'Benitez\', \'mauriciobenitezok@gmail.com\', \'$2y$10$G43G1zFKFeRNrrUfDHOux.ucYVL8NvmTF3B58ktBleLc2f.YrFazy\', \'usuario\', \'2025-05-17 03:07:10\', \'2025-05-17 03:07:10\')')
 4 SYSTEMPATH\Database\BaseBuilder.php(2345): CodeIgniter\Database\BaseConnection->query('INSERT INTO `usuarios` (`nombre`, `apellido`, `email`, `password`, `rol`, `created_at`, `updated_at`) VALUES (:nombre:, :apellido:, :email:, :password:, :rol:, :created_at:, :updated_at:)', [...], false)
 5 SYSTEMPATH\Model.php(394): CodeIgniter\Database\BaseBuilder->insert()
 6 SYSTEMPATH\BaseModel.php(839): CodeIgniter\Model->doInsert([...])
 7 SYSTEMPATH\Model.php(800): CodeIgniter\BaseModel->insert([...], true)
 8 APPPATH\Controllers\AuthController.php(29): CodeIgniter\Model->insert([...])
 9 SYSTEMPATH\CodeIgniter.php(933): App\Controllers\AuthController->register()
10 SYSTEMPATH\CodeIgniter.php(507): CodeIgniter\CodeIgniter->runController(Object(App\Controllers\AuthController))
11 SYSTEMPATH\CodeIgniter.php(354): CodeIgniter\CodeIgniter->handleRequest(null, Object(Config\Cache), false)
12 SYSTEMPATH\Boot.php(334): CodeIgniter\CodeIgniter->run()
13 SYSTEMPATH\Boot.php(67): CodeIgniter\Boot::runCodeIgniter(Object(CodeIgniter\CodeIgniter))
14 FCPATH\index.php(56): CodeIgniter\Boot::bootWeb(Object(Config\Paths))
ERROR - 2025-05-17 03:07:15 --> mysqli_sql_exception: Unknown column 'nombre' in 'field list' in C:\xampp\htdocs\proyecto_benitez_lopez\system\Database\MySQLi\Connection.php:327
Stack trace:
#0 C:\xampp\htdocs\proyecto_benitez_lopez\system\Database\MySQLi\Connection.php(327): mysqli->query('INSERT INTO `us...', 0)
#1 C:\xampp\htdocs\proyecto_benitez_lopez\system\Database\BaseConnection.php(738): CodeIgniter\Database\MySQLi\Connection->execute('INSERT INTO `us...')
#2 C:\xampp\htdocs\proyecto_benitez_lopez\system\Database\BaseConnection.php(652): CodeIgniter\Database\BaseConnection->simpleQuery('INSERT INTO `us...')
#3 C:\xampp\htdocs\proyecto_benitez_lopez\system\Database\BaseBuilder.php(2345): CodeIgniter\Database\BaseConnection->query('INSERT INTO `us...', Array, false)
#4 C:\xampp\htdocs\proyecto_benitez_lopez\system\Model.php(394): CodeIgniter\Database\BaseBuilder->insert()
#5 C:\xampp\htdocs\proyecto_benitez_lopez\system\BaseModel.php(839): CodeIgniter\Model->doInsert(Array)
#6 C:\xampp\htdocs\proyecto_benitez_lopez\system\Model.php(800): CodeIgniter\BaseModel->insert(Array, true)
#7 C:\xampp\htdocs\proyecto_benitez_lopez\app\Controllers\AuthController.php(29): CodeIgniter\Model->insert(Array)
#8 C:\xampp\htdocs\proyecto_benitez_lopez\system\CodeIgniter.php(933): App\Controllers\AuthController->register()
#9 C:\xampp\htdocs\proyecto_benitez_lopez\system\CodeIgniter.php(507): CodeIgniter\CodeIgniter->runController(Object(App\Controllers\AuthController))
#10 C:\xampp\htdocs\proyecto_benitez_lopez\system\CodeIgniter.php(354): CodeIgniter\CodeIgniter->handleRequest(NULL, Object(Config\Cache), false)
#11 C:\xampp\htdocs\proyecto_benitez_lopez\system\Boot.php(334): CodeIgniter\CodeIgniter->run()
#12 C:\xampp\htdocs\proyecto_benitez_lopez\system\Boot.php(67): CodeIgniter\Boot::runCodeIgniter(Object(CodeIgniter\CodeIgniter))
#13 C:\xampp\htdocs\proyecto_benitez_lopez\index.php(56): CodeIgniter\Boot::bootWeb(Object(Config\Paths))
#14 {main}
CRITICAL - 2025-05-17 03:07:15 --> CodeIgniter\Database\Exceptions\DatabaseException: Unknown column 'nombre' in 'field list'
[Method: POST, Route: register]
in SYSTEMPATH\Database\BaseConnection.php on line 692.
 1 SYSTEMPATH\Database\BaseBuilder.php(2345): CodeIgniter\Database\BaseConnection->query('INSERT INTO `usuarios` (`nombre`, `apellido`, `email`, `password`, `rol`, `created_at`, `updated_at`) VALUES (:nombre:, :apellido:, :email:, :password:, :rol:, :created_at:, :updated_at:)', [...], false)
 2 SYSTEMPATH\Model.php(394): CodeIgniter\Database\BaseBuilder->insert()
 3 SYSTEMPATH\BaseModel.php(839): CodeIgniter\Model->doInsert([...])
 4 SYSTEMPATH\Model.php(800): CodeIgniter\BaseModel->insert([...], true)
 5 APPPATH\Controllers\AuthController.php(29): CodeIgniter\Model->insert([...])
 6 SYSTEMPATH\CodeIgniter.php(933): App\Controllers\AuthController->register()
 7 SYSTEMPATH\CodeIgniter.php(507): CodeIgniter\CodeIgniter->runController(Object(App\Controllers\AuthController))
 8 SYSTEMPATH\CodeIgniter.php(354): CodeIgniter\CodeIgniter->handleRequest(null, Object(Config\Cache), false)
 9 SYSTEMPATH\Boot.php(334): CodeIgniter\CodeIgniter->run()
10 SYSTEMPATH\Boot.php(67): CodeIgniter\Boot::runCodeIgniter(Object(CodeIgniter\CodeIgniter))
11 FCPATH\index.php(56): CodeIgniter\Boot::bootWeb(Object(Config\Paths))
CRITICAL - 2025-05-17 03:07:15 --> [Caused by] CodeIgniter\Database\Exceptions\DatabaseException: Unknown column 'nombre' in 'field list'
in SYSTEMPATH\Database\MySQLi\Connection.php on line 332.
 1 SYSTEMPATH\Database\BaseConnection.php(738): CodeIgniter\Database\MySQLi\Connection->execute('INSERT INTO `usuarios` (`nombre`, `apellido`, `email`, `password`, `rol`, `created_at`, `updated_at`) VALUES (\'Enzo\', \'Benitez\', \'mauriciobenitezok@gmail.com\', \'$2y$10$iRaTJvSblMeWmrHBAUpmdeXq.9CaXs57XDP7JHZwm1jTWXhEPNhnW\', \'usuario\', \'2025-05-17 03:07:15\', \'2025-05-17 03:07:15\')')
 2 SYSTEMPATH\Database\BaseConnection.php(652): CodeIgniter\Database\BaseConnection->simpleQuery('INSERT INTO `usuarios` (`nombre`, `apellido`, `email`, `password`, `rol`, `created_at`, `updated_at`) VALUES (\'Enzo\', \'Benitez\', \'mauriciobenitezok@gmail.com\', \'$2y$10$iRaTJvSblMeWmrHBAUpmdeXq.9CaXs57XDP7JHZwm1jTWXhEPNhnW\', \'usuario\', \'2025-05-17 03:07:15\', \'2025-05-17 03:07:15\')')
 3 SYSTEMPATH\Database\BaseBuilder.php(2345): CodeIgniter\Database\BaseConnection->query('INSERT INTO `usuarios` (`nombre`, `apellido`, `email`, `password`, `rol`, `created_at`, `updated_at`) VALUES (:nombre:, :apellido:, :email:, :password:, :rol:, :created_at:, :updated_at:)', [...], false)
 4 SYSTEMPATH\Model.php(394): CodeIgniter\Database\BaseBuilder->insert()
 5 SYSTEMPATH\BaseModel.php(839): CodeIgniter\Model->doInsert([...])
 6 SYSTEMPATH\Model.php(800): CodeIgniter\BaseModel->insert([...], true)
 7 APPPATH\Controllers\AuthController.php(29): CodeIgniter\Model->insert([...])
 8 SYSTEMPATH\CodeIgniter.php(933): App\Controllers\AuthController->register()
 9 SYSTEMPATH\CodeIgniter.php(507): CodeIgniter\CodeIgniter->runController(Object(App\Controllers\AuthController))
10 SYSTEMPATH\CodeIgniter.php(354): CodeIgniter\CodeIgniter->handleRequest(null, Object(Config\Cache), false)
11 SYSTEMPATH\Boot.php(334): CodeIgniter\CodeIgniter->run()
12 SYSTEMPATH\Boot.php(67): CodeIgniter\Boot::runCodeIgniter(Object(CodeIgniter\CodeIgniter))
13 FCPATH\index.php(56): CodeIgniter\Boot::bootWeb(Object(Config\Paths))
CRITICAL - 2025-05-17 03:07:15 --> [Caused by] mysqli_sql_exception: Unknown column 'nombre' in 'field list'
in SYSTEMPATH\Database\MySQLi\Connection.php on line 327.
 1 SYSTEMPATH\Database\MySQLi\Connection.php(327): mysqli->query('INSERT INTO `usuarios` (`nombre`, `apellido`, `email`, `password`, `rol`, `created_at`, `updated_at`) VALUES (\'Enzo\', \'Benitez\', \'mauriciobenitezok@gmail.com\', \'$2y$10$iRaTJvSblMeWmrHBAUpmdeXq.9CaXs57XDP7JHZwm1jTWXhEPNhnW\', \'usuario\', \'2025-05-17 03:07:15\', \'2025-05-17 03:07:15\')', 0)
 2 SYSTEMPATH\Database\BaseConnection.php(738): CodeIgniter\Database\MySQLi\Connection->execute('INSERT INTO `usuarios` (`nombre`, `apellido`, `email`, `password`, `rol`, `created_at`, `updated_at`) VALUES (\'Enzo\', \'Benitez\', \'mauriciobenitezok@gmail.com\', \'$2y$10$iRaTJvSblMeWmrHBAUpmdeXq.9CaXs57XDP7JHZwm1jTWXhEPNhnW\', \'usuario\', \'2025-05-17 03:07:15\', \'2025-05-17 03:07:15\')')
 3 SYSTEMPATH\Database\BaseConnection.php(652): CodeIgniter\Database\BaseConnection->simpleQuery('INSERT INTO `usuarios` (`nombre`, `apellido`, `email`, `password`, `rol`, `created_at`, `updated_at`) VALUES (\'Enzo\', \'Benitez\', \'mauriciobenitezok@gmail.com\', \'$2y$10$iRaTJvSblMeWmrHBAUpmdeXq.9CaXs57XDP7JHZwm1jTWXhEPNhnW\', \'usuario\', \'2025-05-17 03:07:15\', \'2025-05-17 03:07:15\')')
 4 SYSTEMPATH\Database\BaseBuilder.php(2345): CodeIgniter\Database\BaseConnection->query('INSERT INTO `usuarios` (`nombre`, `apellido`, `email`, `password`, `rol`, `created_at`, `updated_at`) VALUES (:nombre:, :apellido:, :email:, :password:, :rol:, :created_at:, :updated_at:)', [...], false)
 5 SYSTEMPATH\Model.php(394): CodeIgniter\Database\BaseBuilder->insert()
 6 SYSTEMPATH\BaseModel.php(839): CodeIgniter\Model->doInsert([...])
 7 SYSTEMPATH\Model.php(800): CodeIgniter\BaseModel->insert([...], true)
 8 APPPATH\Controllers\AuthController.php(29): CodeIgniter\Model->insert([...])
 9 SYSTEMPATH\CodeIgniter.php(933): App\Controllers\AuthController->register()
10 SYSTEMPATH\CodeIgniter.php(507): CodeIgniter\CodeIgniter->runController(Object(App\Controllers\AuthController))
11 SYSTEMPATH\CodeIgniter.php(354): CodeIgniter\CodeIgniter->handleRequest(null, Object(Config\Cache), false)
12 SYSTEMPATH\Boot.php(334): CodeIgniter\CodeIgniter->run()
13 SYSTEMPATH\Boot.php(67): CodeIgniter\Boot::runCodeIgniter(Object(CodeIgniter\CodeIgniter))
14 FCPATH\index.php(56): CodeIgniter\Boot::bootWeb(Object(Config\Paths))
ERROR - 2025-05-17 03:07:41 --> mysqli_sql_exception: Unknown column 'nombre' in 'field list' in C:\xampp\htdocs\proyecto_benitez_lopez\system\Database\MySQLi\Connection.php:327
Stack trace:
#0 C:\xampp\htdocs\proyecto_benitez_lopez\system\Database\MySQLi\Connection.php(327): mysqli->query('INSERT INTO `us...', 0)
#1 C:\xampp\htdocs\proyecto_benitez_lopez\system\Database\BaseConnection.php(738): CodeIgniter\Database\MySQLi\Connection->execute('INSERT INTO `us...')
#2 C:\xampp\htdocs\proyecto_benitez_lopez\system\Database\BaseConnection.php(652): CodeIgniter\Database\BaseConnection->simpleQuery('INSERT INTO `us...')
#3 C:\xampp\htdocs\proyecto_benitez_lopez\system\Database\BaseBuilder.php(2345): CodeIgniter\Database\BaseConnection->query('INSERT INTO `us...', Array, false)
#4 C:\xampp\htdocs\proyecto_benitez_lopez\system\Model.php(394): CodeIgniter\Database\BaseBuilder->insert()
#5 C:\xampp\htdocs\proyecto_benitez_lopez\system\BaseModel.php(839): CodeIgniter\Model->doInsert(Array)
#6 C:\xampp\htdocs\proyecto_benitez_lopez\system\Model.php(800): CodeIgniter\BaseModel->insert(Array, true)
#7 C:\xampp\htdocs\proyecto_benitez_lopez\app\Controllers\AuthController.php(29): CodeIgniter\Model->insert(Array)
#8 C:\xampp\htdocs\proyecto_benitez_lopez\system\CodeIgniter.php(933): App\Controllers\AuthController->register()
#9 C:\xampp\htdocs\proyecto_benitez_lopez\system\CodeIgniter.php(507): CodeIgniter\CodeIgniter->runController(Object(App\Controllers\AuthController))
#10 C:\xampp\htdocs\proyecto_benitez_lopez\system\CodeIgniter.php(354): CodeIgniter\CodeIgniter->handleRequest(NULL, Object(Config\Cache), false)
#11 C:\xampp\htdocs\proyecto_benitez_lopez\system\Boot.php(334): CodeIgniter\CodeIgniter->run()
#12 C:\xampp\htdocs\proyecto_benitez_lopez\system\Boot.php(67): CodeIgniter\Boot::runCodeIgniter(Object(CodeIgniter\CodeIgniter))
#13 C:\xampp\htdocs\proyecto_benitez_lopez\index.php(56): CodeIgniter\Boot::bootWeb(Object(Config\Paths))
#14 {main}
CRITICAL - 2025-05-17 03:07:41 --> CodeIgniter\Database\Exceptions\DatabaseException: Unknown column 'nombre' in 'field list'
[Method: POST, Route: register]
in SYSTEMPATH\Database\BaseConnection.php on line 692.
 1 SYSTEMPATH\Database\BaseBuilder.php(2345): CodeIgniter\Database\BaseConnection->query('INSERT INTO `usuarios` (`nombre`, `apellido`, `email`, `password`, `rol`, `created_at`, `updated_at`) VALUES (:nombre:, :apellido:, :email:, :password:, :rol:, :created_at:, :updated_at:)', [...], false)
 2 SYSTEMPATH\Model.php(394): CodeIgniter\Database\BaseBuilder->insert()
 3 SYSTEMPATH\BaseModel.php(839): CodeIgniter\Model->doInsert([...])
 4 SYSTEMPATH\Model.php(800): CodeIgniter\BaseModel->insert([...], true)
 5 APPPATH\Controllers\AuthController.php(29): CodeIgniter\Model->insert([...])
 6 SYSTEMPATH\CodeIgniter.php(933): App\Controllers\AuthController->register()
 7 SYSTEMPATH\CodeIgniter.php(507): CodeIgniter\CodeIgniter->runController(Object(App\Controllers\AuthController))
 8 SYSTEMPATH\CodeIgniter.php(354): CodeIgniter\CodeIgniter->handleRequest(null, Object(Config\Cache), false)
 9 SYSTEMPATH\Boot.php(334): CodeIgniter\CodeIgniter->run()
10 SYSTEMPATH\Boot.php(67): CodeIgniter\Boot::runCodeIgniter(Object(CodeIgniter\CodeIgniter))
11 FCPATH\index.php(56): CodeIgniter\Boot::bootWeb(Object(Config\Paths))
CRITICAL - 2025-05-17 03:07:41 --> [Caused by] CodeIgniter\Database\Exceptions\DatabaseException: Unknown column 'nombre' in 'field list'
in SYSTEMPATH\Database\MySQLi\Connection.php on line 332.
 1 SYSTEMPATH\Database\BaseConnection.php(738): CodeIgniter\Database\MySQLi\Connection->execute('INSERT INTO `usuarios` (`nombre`, `apellido`, `email`, `password`, `rol`, `created_at`, `updated_at`) VALUES (\'Enzo\', \'BENITEZ\', \'mauriciobenitezok@gmail.com\', \'$2y$10$icZwmME7zP6dCMveSXZbYeS9uEcJrBvA0NPpzK9qv5mZVH9IViqpy\', \'usuario\', \'2025-05-17 03:07:41\', \'2025-05-17 03:07:41\')')
 2 SYSTEMPATH\Database\BaseConnection.php(652): CodeIgniter\Database\BaseConnection->simpleQuery('INSERT INTO `usuarios` (`nombre`, `apellido`, `email`, `password`, `rol`, `created_at`, `updated_at`) VALUES (\'Enzo\', \'BENITEZ\', \'mauriciobenitezok@gmail.com\', \'$2y$10$icZwmME7zP6dCMveSXZbYeS9uEcJrBvA0NPpzK9qv5mZVH9IViqpy\', \'usuario\', \'2025-05-17 03:07:41\', \'2025-05-17 03:07:41\')')
 3 SYSTEMPATH\Database\BaseBuilder.php(2345): CodeIgniter\Database\BaseConnection->query('INSERT INTO `usuarios` (`nombre`, `apellido`, `email`, `password`, `rol`, `created_at`, `updated_at`) VALUES (:nombre:, :apellido:, :email:, :password:, :rol:, :created_at:, :updated_at:)', [...], false)
 4 SYSTEMPATH\Model.php(394): CodeIgniter\Database\BaseBuilder->insert()
 5 SYSTEMPATH\BaseModel.php(839): CodeIgniter\Model->doInsert([...])
 6 SYSTEMPATH\Model.php(800): CodeIgniter\BaseModel->insert([...], true)
 7 APPPATH\Controllers\AuthController.php(29): CodeIgniter\Model->insert([...])
 8 SYSTEMPATH\CodeIgniter.php(933): App\Controllers\AuthController->register()
 9 SYSTEMPATH\CodeIgniter.php(507): CodeIgniter\CodeIgniter->runController(Object(App\Controllers\AuthController))
10 SYSTEMPATH\CodeIgniter.php(354): CodeIgniter\CodeIgniter->handleRequest(null, Object(Config\Cache), false)
11 SYSTEMPATH\Boot.php(334): CodeIgniter\CodeIgniter->run()
12 SYSTEMPATH\Boot.php(67): CodeIgniter\Boot::runCodeIgniter(Object(CodeIgniter\CodeIgniter))
13 FCPATH\index.php(56): CodeIgniter\Boot::bootWeb(Object(Config\Paths))
CRITICAL - 2025-05-17 03:07:41 --> [Caused by] mysqli_sql_exception: Unknown column 'nombre' in 'field list'
in SYSTEMPATH\Database\MySQLi\Connection.php on line 327.
 1 SYSTEMPATH\Database\MySQLi\Connection.php(327): mysqli->query('INSERT INTO `usuarios` (`nombre`, `apellido`, `email`, `password`, `rol`, `created_at`, `updated_at`) VALUES (\'Enzo\', \'BENITEZ\', \'mauriciobenitezok@gmail.com\', \'$2y$10$icZwmME7zP6dCMveSXZbYeS9uEcJrBvA0NPpzK9qv5mZVH9IViqpy\', \'usuario\', \'2025-05-17 03:07:41\', \'2025-05-17 03:07:41\')', 0)
 2 SYSTEMPATH\Database\BaseConnection.php(738): CodeIgniter\Database\MySQLi\Connection->execute('INSERT INTO `usuarios` (`nombre`, `apellido`, `email`, `password`, `rol`, `created_at`, `updated_at`) VALUES (\'Enzo\', \'BENITEZ\', \'mauriciobenitezok@gmail.com\', \'$2y$10$icZwmME7zP6dCMveSXZbYeS9uEcJrBvA0NPpzK9qv5mZVH9IViqpy\', \'usuario\', \'2025-05-17 03:07:41\', \'2025-05-17 03:07:41\')')
 3 SYSTEMPATH\Database\BaseConnection.php(652): CodeIgniter\Database\BaseConnection->simpleQuery('INSERT INTO `usuarios` (`nombre`, `apellido`, `email`, `password`, `rol`, `created_at`, `updated_at`) VALUES (\'Enzo\', \'BENITEZ\', \'mauriciobenitezok@gmail.com\', \'$2y$10$icZwmME7zP6dCMveSXZbYeS9uEcJrBvA0NPpzK9qv5mZVH9IViqpy\', \'usuario\', \'2025-05-17 03:07:41\', \'2025-05-17 03:07:41\')')
 4 SYSTEMPATH\Database\BaseBuilder.php(2345): CodeIgniter\Database\BaseConnection->query('INSERT INTO `usuarios` (`nombre`, `apellido`, `email`, `password`, `rol`, `created_at`, `updated_at`) VALUES (:nombre:, :apellido:, :email:, :password:, :rol:, :created_at:, :updated_at:)', [...], false)
 5 SYSTEMPATH\Model.php(394): CodeIgniter\Database\BaseBuilder->insert()
 6 SYSTEMPATH\BaseModel.php(839): CodeIgniter\Model->doInsert([...])
 7 SYSTEMPATH\Model.php(800): CodeIgniter\BaseModel->insert([...], true)
 8 APPPATH\Controllers\AuthController.php(29): CodeIgniter\Model->insert([...])
 9 SYSTEMPATH\CodeIgniter.php(933): App\Controllers\AuthController->register()
10 SYSTEMPATH\CodeIgniter.php(507): CodeIgniter\CodeIgniter->runController(Object(App\Controllers\AuthController))
11 SYSTEMPATH\CodeIgniter.php(354): CodeIgniter\CodeIgniter->handleRequest(null, Object(Config\Cache), false)
12 SYSTEMPATH\Boot.php(334): CodeIgniter\CodeIgniter->run()
13 SYSTEMPATH\Boot.php(67): CodeIgniter\Boot::runCodeIgniter(Object(CodeIgniter\CodeIgniter))
14 FCPATH\index.php(56): CodeIgniter\Boot::bootWeb(Object(Config\Paths))
CRITICAL - 2025-05-17 03:23:05 --> CodeIgniter\View\Exceptions\ViewException: Invalid file: "templates/footer.php"
[Method: GET, Route: sign]
in SYSTEMPATH\Exceptions\FrameworkException.php on line 39.
 1 SYSTEMPATH\View\View.php(212): CodeIgniter\Exceptions\FrameworkException::forInvalidFile('templates/footer.php')
 2 SYSTEMPATH\Common.php(1173): CodeIgniter\View\View->render('templates/footer', [], true)
 3 APPPATH\Views\sign.php(66): view('templates/footer')
 4 SYSTEMPATH\View\View.php(224): include('C:\\xampp\\htdocs\\proyecto_benitez_lopez\\app\\Views\\sign.php')
 5 SYSTEMPATH\View\View.php(227): CodeIgniter\View\View->CodeIgniter\View\{closure}()
 6 SYSTEMPATH\Common.php(1173): CodeIgniter\View\View->render('sign', [], true)
 7 APPPATH\Controllers\Home.php(75): view('sign')
 8 SYSTEMPATH\CodeIgniter.php(933): App\Controllers\Home->sign()
 9 SYSTEMPATH\CodeIgniter.php(507): CodeIgniter\CodeIgniter->runController(Object(App\Controllers\Home))
10 SYSTEMPATH\CodeIgniter.php(354): CodeIgniter\CodeIgniter->handleRequest(null, Object(Config\Cache), false)
11 SYSTEMPATH\Boot.php(334): CodeIgniter\CodeIgniter->run()
12 SYSTEMPATH\Boot.php(67): CodeIgniter\Boot::runCodeIgniter(Object(CodeIgniter\CodeIgniter))
13 FCPATH\index.php(56): CodeIgniter\Boot::bootWeb(Object(Config\Paths))
CRITICAL - 2025-05-17 03:23:06 --> CodeIgniter\View\Exceptions\ViewException: Invalid file: "templates/footer.php"
[Method: GET, Route: sign]
in SYSTEMPATH\Exceptions\FrameworkException.php on line 39.
 1 SYSTEMPATH\View\View.php(212): CodeIgniter\Exceptions\FrameworkException::forInvalidFile('templates/footer.php')
 2 SYSTEMPATH\Common.php(1173): CodeIgniter\View\View->render('templates/footer', [], true)
 3 APPPATH\Views\sign.php(66): view('templates/footer')
 4 SYSTEMPATH\View\View.php(224): include('C:\\xampp\\htdocs\\proyecto_benitez_lopez\\app\\Views\\sign.php')
 5 SYSTEMPATH\View\View.php(227): CodeIgniter\View\View->CodeIgniter\View\{closure}()
 6 SYSTEMPATH\Common.php(1173): CodeIgniter\View\View->render('sign', [], true)
 7 APPPATH\Controllers\Home.php(75): view('sign')
 8 SYSTEMPATH\CodeIgniter.php(933): App\Controllers\Home->sign()
 9 SYSTEMPATH\CodeIgniter.php(507): CodeIgniter\CodeIgniter->runController(Object(App\Controllers\Home))
10 SYSTEMPATH\CodeIgniter.php(354): CodeIgniter\CodeIgniter->handleRequest(null, Object(Config\Cache), false)
11 SYSTEMPATH\Boot.php(334): CodeIgniter\CodeIgniter->run()
12 SYSTEMPATH\Boot.php(67): CodeIgniter\Boot::runCodeIgniter(Object(CodeIgniter\CodeIgniter))
13 FCPATH\index.php(56): CodeIgniter\Boot::bootWeb(Object(Config\Paths))
CRITICAL - 2025-05-17 03:23:07 --> CodeIgniter\View\Exceptions\ViewException: Invalid file: "templates/footer.php"
[Method: GET, Route: sign]
in SYSTEMPATH\Exceptions\FrameworkException.php on line 39.
 1 SYSTEMPATH\View\View.php(212): CodeIgniter\Exceptions\FrameworkException::forInvalidFile('templates/footer.php')
 2 SYSTEMPATH\Common.php(1173): CodeIgniter\View\View->render('templates/footer', [], true)
 3 APPPATH\Views\sign.php(66): view('templates/footer')
 4 SYSTEMPATH\View\View.php(224): include('C:\\xampp\\htdocs\\proyecto_benitez_lopez\\app\\Views\\sign.php')
 5 SYSTEMPATH\View\View.php(227): CodeIgniter\View\View->CodeIgniter\View\{closure}()
 6 SYSTEMPATH\Common.php(1173): CodeIgniter\View\View->render('sign', [], true)
 7 APPPATH\Controllers\Home.php(75): view('sign')
 8 SYSTEMPATH\CodeIgniter.php(933): App\Controllers\Home->sign()
 9 SYSTEMPATH\CodeIgniter.php(507): CodeIgniter\CodeIgniter->runController(Object(App\Controllers\Home))
10 SYSTEMPATH\CodeIgniter.php(354): CodeIgniter\CodeIgniter->handleRequest(null, Object(Config\Cache), false)
11 SYSTEMPATH\Boot.php(334): CodeIgniter\CodeIgniter->run()
12 SYSTEMPATH\Boot.php(67): CodeIgniter\Boot::runCodeIgniter(Object(CodeIgniter\CodeIgniter))
13 FCPATH\index.php(56): CodeIgniter\Boot::bootWeb(Object(Config\Paths))
CRITICAL - 2025-05-17 03:23:07 --> CodeIgniter\View\Exceptions\ViewException: Invalid file: "templates/footer.php"
[Method: GET, Route: sign]
in SYSTEMPATH\Exceptions\FrameworkException.php on line 39.
 1 SYSTEMPATH\View\View.php(212): CodeIgniter\Exceptions\FrameworkException::forInvalidFile('templates/footer.php')
 2 SYSTEMPATH\Common.php(1173): CodeIgniter\View\View->render('templates/footer', [], true)
 3 APPPATH\Views\sign.php(66): view('templates/footer')
 4 SYSTEMPATH\View\View.php(224): include('C:\\xampp\\htdocs\\proyecto_benitez_lopez\\app\\Views\\sign.php')
 5 SYSTEMPATH\View\View.php(227): CodeIgniter\View\View->CodeIgniter\View\{closure}()
 6 SYSTEMPATH\Common.php(1173): CodeIgniter\View\View->render('sign', [], true)
 7 APPPATH\Controllers\Home.php(75): view('sign')
 8 SYSTEMPATH\CodeIgniter.php(933): App\Controllers\Home->sign()
 9 SYSTEMPATH\CodeIgniter.php(507): CodeIgniter\CodeIgniter->runController(Object(App\Controllers\Home))
10 SYSTEMPATH\CodeIgniter.php(354): CodeIgniter\CodeIgniter->handleRequest(null, Object(Config\Cache), false)
11 SYSTEMPATH\Boot.php(334): CodeIgniter\CodeIgniter->run()
12 SYSTEMPATH\Boot.php(67): CodeIgniter\Boot::runCodeIgniter(Object(CodeIgniter\CodeIgniter))
13 FCPATH\index.php(56): CodeIgniter\Boot::bootWeb(Object(Config\Paths))
CRITICAL - 2025-05-17 03:23:08 --> CodeIgniter\View\Exceptions\ViewException: Invalid file: "templates/footer.php"
[Method: GET, Route: sign]
in SYSTEMPATH\Exceptions\FrameworkException.php on line 39.
 1 SYSTEMPATH\View\View.php(212): CodeIgniter\Exceptions\FrameworkException::forInvalidFile('templates/footer.php')
 2 SYSTEMPATH\Common.php(1173): CodeIgniter\View\View->render('templates/footer', [], true)
 3 APPPATH\Views\sign.php(66): view('templates/footer')
 4 SYSTEMPATH\View\View.php(224): include('C:\\xampp\\htdocs\\proyecto_benitez_lopez\\app\\Views\\sign.php')
 5 SYSTEMPATH\View\View.php(227): CodeIgniter\View\View->CodeIgniter\View\{closure}()
 6 SYSTEMPATH\Common.php(1173): CodeIgniter\View\View->render('sign', [], true)
 7 APPPATH\Controllers\Home.php(75): view('sign')
 8 SYSTEMPATH\CodeIgniter.php(933): App\Controllers\Home->sign()
 9 SYSTEMPATH\CodeIgniter.php(507): CodeIgniter\CodeIgniter->runController(Object(App\Controllers\Home))
10 SYSTEMPATH\CodeIgniter.php(354): CodeIgniter\CodeIgniter->handleRequest(null, Object(Config\Cache), false)
11 SYSTEMPATH\Boot.php(334): CodeIgniter\CodeIgniter->run()
12 SYSTEMPATH\Boot.php(67): CodeIgniter\Boot::runCodeIgniter(Object(CodeIgniter\CodeIgniter))
13 FCPATH\index.php(56): CodeIgniter\Boot::bootWeb(Object(Config\Paths))
CRITICAL - 2025-05-17 03:23:08 --> CodeIgniter\View\Exceptions\ViewException: Invalid file: "templates/footer.php"
[Method: GET, Route: sign]
in SYSTEMPATH\Exceptions\FrameworkException.php on line 39.
 1 SYSTEMPATH\View\View.php(212): CodeIgniter\Exceptions\FrameworkException::forInvalidFile('templates/footer.php')
 2 SYSTEMPATH\Common.php(1173): CodeIgniter\View\View->render('templates/footer', [], true)
 3 APPPATH\Views\sign.php(66): view('templates/footer')
 4 SYSTEMPATH\View\View.php(224): include('C:\\xampp\\htdocs\\proyecto_benitez_lopez\\app\\Views\\sign.php')
 5 SYSTEMPATH\View\View.php(227): CodeIgniter\View\View->CodeIgniter\View\{closure}()
 6 SYSTEMPATH\Common.php(1173): CodeIgniter\View\View->render('sign', [], true)
 7 APPPATH\Controllers\Home.php(75): view('sign')
 8 SYSTEMPATH\CodeIgniter.php(933): App\Controllers\Home->sign()
 9 SYSTEMPATH\CodeIgniter.php(507): CodeIgniter\CodeIgniter->runController(Object(App\Controllers\Home))
10 SYSTEMPATH\CodeIgniter.php(354): CodeIgniter\CodeIgniter->handleRequest(null, Object(Config\Cache), false)
11 SYSTEMPATH\Boot.php(334): CodeIgniter\CodeIgniter->run()
12 SYSTEMPATH\Boot.php(67): CodeIgniter\Boot::runCodeIgniter(Object(CodeIgniter\CodeIgniter))
13 FCPATH\index.php(56): CodeIgniter\Boot::bootWeb(Object(Config\Paths))
CRITICAL - 2025-05-17 03:23:08 --> CodeIgniter\View\Exceptions\ViewException: Invalid file: "templates/footer.php"
[Method: GET, Route: sign]
in SYSTEMPATH\Exceptions\FrameworkException.php on line 39.
 1 SYSTEMPATH\View\View.php(212): CodeIgniter\Exceptions\FrameworkException::forInvalidFile('templates/footer.php')
 2 SYSTEMPATH\Common.php(1173): CodeIgniter\View\View->render('templates/footer', [], true)
 3 APPPATH\Views\sign.php(66): view('templates/footer')
 4 SYSTEMPATH\View\View.php(224): include('C:\\xampp\\htdocs\\proyecto_benitez_lopez\\app\\Views\\sign.php')
 5 SYSTEMPATH\View\View.php(227): CodeIgniter\View\View->CodeIgniter\View\{closure}()
 6 SYSTEMPATH\Common.php(1173): CodeIgniter\View\View->render('sign', [], true)
 7 APPPATH\Controllers\Home.php(75): view('sign')
 8 SYSTEMPATH\CodeIgniter.php(933): App\Controllers\Home->sign()
 9 SYSTEMPATH\CodeIgniter.php(507): CodeIgniter\CodeIgniter->runController(Object(App\Controllers\Home))
10 SYSTEMPATH\CodeIgniter.php(354): CodeIgniter\CodeIgniter->handleRequest(null, Object(Config\Cache), false)
11 SYSTEMPATH\Boot.php(334): CodeIgniter\CodeIgniter->run()
12 SYSTEMPATH\Boot.php(67): CodeIgniter\Boot::runCodeIgniter(Object(CodeIgniter\CodeIgniter))
13 FCPATH\index.php(56): CodeIgniter\Boot::bootWeb(Object(Config\Paths))
CRITICAL - 2025-05-17 03:23:08 --> CodeIgniter\View\Exceptions\ViewException: Invalid file: "templates/footer.php"
[Method: GET, Route: sign]
in SYSTEMPATH\Exceptions\FrameworkException.php on line 39.
 1 SYSTEMPATH\View\View.php(212): CodeIgniter\Exceptions\FrameworkException::forInvalidFile('templates/footer.php')
 2 SYSTEMPATH\Common.php(1173): CodeIgniter\View\View->render('templates/footer', [], true)
 3 APPPATH\Views\sign.php(66): view('templates/footer')
 4 SYSTEMPATH\View\View.php(224): include('C:\\xampp\\htdocs\\proyecto_benitez_lopez\\app\\Views\\sign.php')
 5 SYSTEMPATH\View\View.php(227): CodeIgniter\View\View->CodeIgniter\View\{closure}()
 6 SYSTEMPATH\Common.php(1173): CodeIgniter\View\View->render('sign', [], true)
 7 APPPATH\Controllers\Home.php(75): view('sign')
 8 SYSTEMPATH\CodeIgniter.php(933): App\Controllers\Home->sign()
 9 SYSTEMPATH\CodeIgniter.php(507): CodeIgniter\CodeIgniter->runController(Object(App\Controllers\Home))
10 SYSTEMPATH\CodeIgniter.php(354): CodeIgniter\CodeIgniter->handleRequest(null, Object(Config\Cache), false)
11 SYSTEMPATH\Boot.php(334): CodeIgniter\CodeIgniter->run()
12 SYSTEMPATH\Boot.php(67): CodeIgniter\Boot::runCodeIgniter(Object(CodeIgniter\CodeIgniter))
13 FCPATH\index.php(56): CodeIgniter\Boot::bootWeb(Object(Config\Paths))
CRITICAL - 2025-05-17 03:23:08 --> CodeIgniter\View\Exceptions\ViewException: Invalid file: "templates/footer.php"
[Method: GET, Route: sign]
in SYSTEMPATH\Exceptions\FrameworkException.php on line 39.
 1 SYSTEMPATH\View\View.php(212): CodeIgniter\Exceptions\FrameworkException::forInvalidFile('templates/footer.php')
 2 SYSTEMPATH\Common.php(1173): CodeIgniter\View\View->render('templates/footer', [], true)
 3 APPPATH\Views\sign.php(66): view('templates/footer')
 4 SYSTEMPATH\View\View.php(224): include('C:\\xampp\\htdocs\\proyecto_benitez_lopez\\app\\Views\\sign.php')
 5 SYSTEMPATH\View\View.php(227): CodeIgniter\View\View->CodeIgniter\View\{closure}()
 6 SYSTEMPATH\Common.php(1173): CodeIgniter\View\View->render('sign', [], true)
 7 APPPATH\Controllers\Home.php(75): view('sign')
 8 SYSTEMPATH\CodeIgniter.php(933): App\Controllers\Home->sign()
 9 SYSTEMPATH\CodeIgniter.php(507): CodeIgniter\CodeIgniter->runController(Object(App\Controllers\Home))
10 SYSTEMPATH\CodeIgniter.php(354): CodeIgniter\CodeIgniter->handleRequest(null, Object(Config\Cache), false)
11 SYSTEMPATH\Boot.php(334): CodeIgniter\CodeIgniter->run()
12 SYSTEMPATH\Boot.php(67): CodeIgniter\Boot::runCodeIgniter(Object(CodeIgniter\CodeIgniter))
13 FCPATH\index.php(56): CodeIgniter\Boot::bootWeb(Object(Config\Paths))
CRITICAL - 2025-05-17 03:23:24 --> CodeIgniter\View\Exceptions\ViewException: Invalid file: "templates/footer.php"
[Method: GET, Route: sign]
in SYSTEMPATH\Exceptions\FrameworkException.php on line 39.
 1 SYSTEMPATH\View\View.php(212): CodeIgniter\Exceptions\FrameworkException::forInvalidFile('templates/footer.php')
 2 SYSTEMPATH\Common.php(1173): CodeIgniter\View\View->render('templates/footer', [], true)
 3 APPPATH\Views\sign.php(66): view('templates/footer')
 4 SYSTEMPATH\View\View.php(224): include('C:\\xampp\\htdocs\\proyecto_benitez_lopez\\app\\Views\\sign.php')
 5 SYSTEMPATH\View\View.php(227): CodeIgniter\View\View->CodeIgniter\View\{closure}()
 6 SYSTEMPATH\Common.php(1173): CodeIgniter\View\View->render('sign', [], true)
 7 APPPATH\Controllers\Home.php(75): view('sign')
 8 SYSTEMPATH\CodeIgniter.php(933): App\Controllers\Home->sign()
 9 SYSTEMPATH\CodeIgniter.php(507): CodeIgniter\CodeIgniter->runController(Object(App\Controllers\Home))
10 SYSTEMPATH\CodeIgniter.php(354): CodeIgniter\CodeIgniter->handleRequest(null, Object(Config\Cache), false)
11 SYSTEMPATH\Boot.php(334): CodeIgniter\CodeIgniter->run()
12 SYSTEMPATH\Boot.php(67): CodeIgniter\Boot::runCodeIgniter(Object(CodeIgniter\CodeIgniter))
13 FCPATH\index.php(56): CodeIgniter\Boot::bootWeb(Object(Config\Paths))
CRITICAL - 2025-05-17 03:23:50 --> CodeIgniter\View\Exceptions\ViewException: Invalid file: "customer/auth/register.php"
[Method: GET, Route: register]
in SYSTEMPATH\Exceptions\FrameworkException.php on line 39.
 1 SYSTEMPATH\View\View.php(212): CodeIgniter\Exceptions\FrameworkException::forInvalidFile('customer/auth/register.php')
 2 SYSTEMPATH\Common.php(1173): CodeIgniter\View\View->render('customer/auth/register', [], true)
 3 APPPATH\Controllers\Customer\AuthController.php(58): view('customer/auth/register')
 4 SYSTEMPATH\CodeIgniter.php(933): App\Controllers\Customer\AuthController->register()
 5 SYSTEMPATH\CodeIgniter.php(507): CodeIgniter\CodeIgniter->runController(Object(App\Controllers\Customer\AuthController))
 6 SYSTEMPATH\CodeIgniter.php(354): CodeIgniter\CodeIgniter->handleRequest(null, Object(Config\Cache), false)
 7 SYSTEMPATH\Boot.php(334): CodeIgniter\CodeIgniter->run()
 8 SYSTEMPATH\Boot.php(67): CodeIgniter\Boot::runCodeIgniter(Object(CodeIgniter\CodeIgniter))
 9 FCPATH\index.php(56): CodeIgniter\Boot::bootWeb(Object(Config\Paths))
CRITICAL - 2025-05-17 03:24:34 --> CodeIgniter\View\Exceptions\ViewException: Invalid file: "templates/footer.php"
[Method: GET, Route: sign]
in SYSTEMPATH\Exceptions\FrameworkException.php on line 39.
 1 SYSTEMPATH\View\View.php(212): CodeIgniter\Exceptions\FrameworkException::forInvalidFile('templates/footer.php')
 2 SYSTEMPATH\Common.php(1173): CodeIgniter\View\View->render('templates/footer', [], true)
 3 APPPATH\Views\sign.php(66): view('templates/footer')
 4 SYSTEMPATH\View\View.php(224): include('C:\\xampp\\htdocs\\proyecto_benitez_lopez\\app\\Views\\sign.php')
 5 SYSTEMPATH\View\View.php(227): CodeIgniter\View\View->CodeIgniter\View\{closure}()
 6 SYSTEMPATH\Common.php(1173): CodeIgniter\View\View->render('sign', [], true)
 7 APPPATH\Controllers\Home.php(75): view('sign')
 8 SYSTEMPATH\CodeIgniter.php(933): App\Controllers\Home->sign()
 9 SYSTEMPATH\CodeIgniter.php(507): CodeIgniter\CodeIgniter->runController(Object(App\Controllers\Home))
10 SYSTEMPATH\CodeIgniter.php(354): CodeIgniter\CodeIgniter->handleRequest(null, Object(Config\Cache), false)
11 SYSTEMPATH\Boot.php(334): CodeIgniter\CodeIgniter->run()
12 SYSTEMPATH\Boot.php(67): CodeIgniter\Boot::runCodeIgniter(Object(CodeIgniter\CodeIgniter))
13 FCPATH\index.php(56): CodeIgniter\Boot::bootWeb(Object(Config\Paths))
CRITICAL - 2025-05-17 03:24:38 --> CodeIgniter\View\Exceptions\ViewException: Invalid file: "templates/footer.php"
[Method: GET, Route: sign]
in SYSTEMPATH\Exceptions\FrameworkException.php on line 39.
 1 SYSTEMPATH\View\View.php(212): CodeIgniter\Exceptions\FrameworkException::forInvalidFile('templates/footer.php')
 2 SYSTEMPATH\Common.php(1173): CodeIgniter\View\View->render('templates/footer', [], true)
 3 APPPATH\Views\sign.php(66): view('templates/footer')
 4 SYSTEMPATH\View\View.php(224): include('C:\\xampp\\htdocs\\proyecto_benitez_lopez\\app\\Views\\sign.php')
 5 SYSTEMPATH\View\View.php(227): CodeIgniter\View\View->CodeIgniter\View\{closure}()
 6 SYSTEMPATH\Common.php(1173): CodeIgniter\View\View->render('sign', [], true)
 7 APPPATH\Controllers\Home.php(75): view('sign')
 8 SYSTEMPATH\CodeIgniter.php(933): App\Controllers\Home->sign()
 9 SYSTEMPATH\CodeIgniter.php(507): CodeIgniter\CodeIgniter->runController(Object(App\Controllers\Home))
10 SYSTEMPATH\CodeIgniter.php(354): CodeIgniter\CodeIgniter->handleRequest(null, Object(Config\Cache), false)
11 SYSTEMPATH\Boot.php(334): CodeIgniter\CodeIgniter->run()
12 SYSTEMPATH\Boot.php(67): CodeIgniter\Boot::runCodeIgniter(Object(CodeIgniter\CodeIgniter))
13 FCPATH\index.php(56): CodeIgniter\Boot::bootWeb(Object(Config\Paths))
CRITICAL - 2025-05-17 03:26:20 --> CodeIgniter\View\Exceptions\ViewException: Invalid file: "customer/auth/register.php"
[Method: GET, Route: sign]
in SYSTEMPATH\Exceptions\FrameworkException.php on line 39.
 1 SYSTEMPATH\View\View.php(212): CodeIgniter\Exceptions\FrameworkException::forInvalidFile('customer/auth/register.php')
 2 SYSTEMPATH\Common.php(1173): CodeIgniter\View\View->render('customer/auth/register', [], true)
 3 APPPATH\Controllers\Customer\AuthController.php(58): view('customer/auth/register')
 4 SYSTEMPATH\CodeIgniter.php(933): App\Controllers\Customer\AuthController->register()
 5 SYSTEMPATH\CodeIgniter.php(507): CodeIgniter\CodeIgniter->runController(Object(App\Controllers\Customer\AuthController))
 6 SYSTEMPATH\CodeIgniter.php(354): CodeIgniter\CodeIgniter->handleRequest(null, Object(Config\Cache), false)
 7 SYSTEMPATH\Boot.php(334): CodeIgniter\CodeIgniter->run()
 8 SYSTEMPATH\Boot.php(67): CodeIgniter\Boot::runCodeIgniter(Object(CodeIgniter\CodeIgniter))
 9 FCPATH\index.php(56): CodeIgniter\Boot::bootWeb(Object(Config\Paths))
CRITICAL - 2025-05-17 03:26:21 --> CodeIgniter\View\Exceptions\ViewException: Invalid file: "customer/auth/register.php"
[Method: GET, Route: sign]
in SYSTEMPATH\Exceptions\FrameworkException.php on line 39.
 1 SYSTEMPATH\View\View.php(212): CodeIgniter\Exceptions\FrameworkException::forInvalidFile('customer/auth/register.php')
 2 SYSTEMPATH\Common.php(1173): CodeIgniter\View\View->render('customer/auth/register', [], true)
 3 APPPATH\Controllers\Customer\AuthController.php(58): view('customer/auth/register')
 4 SYSTEMPATH\CodeIgniter.php(933): App\Controllers\Customer\AuthController->register()
 5 SYSTEMPATH\CodeIgniter.php(507): CodeIgniter\CodeIgniter->runController(Object(App\Controllers\Customer\AuthController))
 6 SYSTEMPATH\CodeIgniter.php(354): CodeIgniter\CodeIgniter->handleRequest(null, Object(Config\Cache), false)
 7 SYSTEMPATH\Boot.php(334): CodeIgniter\CodeIgniter->run()
 8 SYSTEMPATH\Boot.php(67): CodeIgniter\Boot::runCodeIgniter(Object(CodeIgniter\CodeIgniter))
 9 FCPATH\index.php(56): CodeIgniter\Boot::bootWeb(Object(Config\Paths))
CRITICAL - 2025-05-17 03:26:21 --> CodeIgniter\View\Exceptions\ViewException: Invalid file: "customer/auth/register.php"
[Method: GET, Route: sign]
in SYSTEMPATH\Exceptions\FrameworkException.php on line 39.
 1 SYSTEMPATH\View\View.php(212): CodeIgniter\Exceptions\FrameworkException::forInvalidFile('customer/auth/register.php')
 2 SYSTEMPATH\Common.php(1173): CodeIgniter\View\View->render('customer/auth/register', [], true)
 3 APPPATH\Controllers\Customer\AuthController.php(58): view('customer/auth/register')
 4 SYSTEMPATH\CodeIgniter.php(933): App\Controllers\Customer\AuthController->register()
 5 SYSTEMPATH\CodeIgniter.php(507): CodeIgniter\CodeIgniter->runController(Object(App\Controllers\Customer\AuthController))
 6 SYSTEMPATH\CodeIgniter.php(354): CodeIgniter\CodeIgniter->handleRequest(null, Object(Config\Cache), false)
 7 SYSTEMPATH\Boot.php(334): CodeIgniter\CodeIgniter->run()
 8 SYSTEMPATH\Boot.php(67): CodeIgniter\Boot::runCodeIgniter(Object(CodeIgniter\CodeIgniter))
 9 FCPATH\index.php(56): CodeIgniter\Boot::bootWeb(Object(Config\Paths))
CRITICAL - 2025-05-17 03:26:21 --> CodeIgniter\View\Exceptions\ViewException: Invalid file: "customer/auth/register.php"
[Method: GET, Route: sign]
in SYSTEMPATH\Exceptions\FrameworkException.php on line 39.
 1 SYSTEMPATH\View\View.php(212): CodeIgniter\Exceptions\FrameworkException::forInvalidFile('customer/auth/register.php')
 2 SYSTEMPATH\Common.php(1173): CodeIgniter\View\View->render('customer/auth/register', [], true)
 3 APPPATH\Controllers\Customer\AuthController.php(58): view('customer/auth/register')
 4 SYSTEMPATH\CodeIgniter.php(933): App\Controllers\Customer\AuthController->register()
 5 SYSTEMPATH\CodeIgniter.php(507): CodeIgniter\CodeIgniter->runController(Object(App\Controllers\Customer\AuthController))
 6 SYSTEMPATH\CodeIgniter.php(354): CodeIgniter\CodeIgniter->handleRequest(null, Object(Config\Cache), false)
 7 SYSTEMPATH\Boot.php(334): CodeIgniter\CodeIgniter->run()
 8 SYSTEMPATH\Boot.php(67): CodeIgniter\Boot::runCodeIgniter(Object(CodeIgniter\CodeIgniter))
 9 FCPATH\index.php(56): CodeIgniter\Boot::bootWeb(Object(Config\Paths))
CRITICAL - 2025-05-17 03:26:21 --> CodeIgniter\View\Exceptions\ViewException: Invalid file: "customer/auth/register.php"
[Method: GET, Route: sign]
in SYSTEMPATH\Exceptions\FrameworkException.php on line 39.
 1 SYSTEMPATH\View\View.php(212): CodeIgniter\Exceptions\FrameworkException::forInvalidFile('customer/auth/register.php')
 2 SYSTEMPATH\Common.php(1173): CodeIgniter\View\View->render('customer/auth/register', [], true)
 3 APPPATH\Controllers\Customer\AuthController.php(58): view('customer/auth/register')
 4 SYSTEMPATH\CodeIgniter.php(933): App\Controllers\Customer\AuthController->register()
 5 SYSTEMPATH\CodeIgniter.php(507): CodeIgniter\CodeIgniter->runController(Object(App\Controllers\Customer\AuthController))
 6 SYSTEMPATH\CodeIgniter.php(354): CodeIgniter\CodeIgniter->handleRequest(null, Object(Config\Cache), false)
 7 SYSTEMPATH\Boot.php(334): CodeIgniter\CodeIgniter->run()
 8 SYSTEMPATH\Boot.php(67): CodeIgniter\Boot::runCodeIgniter(Object(CodeIgniter\CodeIgniter))
 9 FCPATH\index.php(56): CodeIgniter\Boot::bootWeb(Object(Config\Paths))
CRITICAL - 2025-05-17 03:26:21 --> CodeIgniter\View\Exceptions\ViewException: Invalid file: "customer/auth/register.php"
[Method: GET, Route: sign]
in SYSTEMPATH\Exceptions\FrameworkException.php on line 39.
 1 SYSTEMPATH\View\View.php(212): CodeIgniter\Exceptions\FrameworkException::forInvalidFile('customer/auth/register.php')
 2 SYSTEMPATH\Common.php(1173): CodeIgniter\View\View->render('customer/auth/register', [], true)
 3 APPPATH\Controllers\Customer\AuthController.php(58): view('customer/auth/register')
 4 SYSTEMPATH\CodeIgniter.php(933): App\Controllers\Customer\AuthController->register()
 5 SYSTEMPATH\CodeIgniter.php(507): CodeIgniter\CodeIgniter->runController(Object(App\Controllers\Customer\AuthController))
 6 SYSTEMPATH\CodeIgniter.php(354): CodeIgniter\CodeIgniter->handleRequest(null, Object(Config\Cache), false)
 7 SYSTEMPATH\Boot.php(334): CodeIgniter\CodeIgniter->run()
 8 SYSTEMPATH\Boot.php(67): CodeIgniter\Boot::runCodeIgniter(Object(CodeIgniter\CodeIgniter))
 9 FCPATH\index.php(56): CodeIgniter\Boot::bootWeb(Object(Config\Paths))
CRITICAL - 2025-05-17 03:26:21 --> CodeIgniter\View\Exceptions\ViewException: Invalid file: "customer/auth/register.php"
[Method: GET, Route: sign]
in SYSTEMPATH\Exceptions\FrameworkException.php on line 39.
 1 SYSTEMPATH\View\View.php(212): CodeIgniter\Exceptions\FrameworkException::forInvalidFile('customer/auth/register.php')
 2 SYSTEMPATH\Common.php(1173): CodeIgniter\View\View->render('customer/auth/register', [], true)
 3 APPPATH\Controllers\Customer\AuthController.php(58): view('customer/auth/register')
 4 SYSTEMPATH\CodeIgniter.php(933): App\Controllers\Customer\AuthController->register()
 5 SYSTEMPATH\CodeIgniter.php(507): CodeIgniter\CodeIgniter->runController(Object(App\Controllers\Customer\AuthController))
 6 SYSTEMPATH\CodeIgniter.php(354): CodeIgniter\CodeIgniter->handleRequest(null, Object(Config\Cache), false)
 7 SYSTEMPATH\Boot.php(334): CodeIgniter\CodeIgniter->run()
 8 SYSTEMPATH\Boot.php(67): CodeIgniter\Boot::runCodeIgniter(Object(CodeIgniter\CodeIgniter))
 9 FCPATH\index.php(56): CodeIgniter\Boot::bootWeb(Object(Config\Paths))
CRITICAL - 2025-05-17 03:26:22 --> CodeIgniter\View\Exceptions\ViewException: Invalid file: "customer/auth/register.php"
[Method: GET, Route: sign]
in SYSTEMPATH\Exceptions\FrameworkException.php on line 39.
 1 SYSTEMPATH\View\View.php(212): CodeIgniter\Exceptions\FrameworkException::forInvalidFile('customer/auth/register.php')
 2 SYSTEMPATH\Common.php(1173): CodeIgniter\View\View->render('customer/auth/register', [], true)
 3 APPPATH\Controllers\Customer\AuthController.php(58): view('customer/auth/register')
 4 SYSTEMPATH\CodeIgniter.php(933): App\Controllers\Customer\AuthController->register()
 5 SYSTEMPATH\CodeIgniter.php(507): CodeIgniter\CodeIgniter->runController(Object(App\Controllers\Customer\AuthController))
 6 SYSTEMPATH\CodeIgniter.php(354): CodeIgniter\CodeIgniter->handleRequest(null, Object(Config\Cache), false)
 7 SYSTEMPATH\Boot.php(334): CodeIgniter\CodeIgniter->run()
 8 SYSTEMPATH\Boot.php(67): CodeIgniter\Boot::runCodeIgniter(Object(CodeIgniter\CodeIgniter))
 9 FCPATH\index.php(56): CodeIgniter\Boot::bootWeb(Object(Config\Paths))
CRITICAL - 2025-05-17 03:26:22 --> CodeIgniter\View\Exceptions\ViewException: Invalid file: "customer/auth/register.php"
[Method: GET, Route: sign]
in SYSTEMPATH\Exceptions\FrameworkException.php on line 39.
 1 SYSTEMPATH\View\View.php(212): CodeIgniter\Exceptions\FrameworkException::forInvalidFile('customer/auth/register.php')
 2 SYSTEMPATH\Common.php(1173): CodeIgniter\View\View->render('customer/auth/register', [], true)
 3 APPPATH\Controllers\Customer\AuthController.php(58): view('customer/auth/register')
 4 SYSTEMPATH\CodeIgniter.php(933): App\Controllers\Customer\AuthController->register()
 5 SYSTEMPATH\CodeIgniter.php(507): CodeIgniter\CodeIgniter->runController(Object(App\Controllers\Customer\AuthController))
 6 SYSTEMPATH\CodeIgniter.php(354): CodeIgniter\CodeIgniter->handleRequest(null, Object(Config\Cache), false)
 7 SYSTEMPATH\Boot.php(334): CodeIgniter\CodeIgniter->run()
 8 SYSTEMPATH\Boot.php(67): CodeIgniter\Boot::runCodeIgniter(Object(CodeIgniter\CodeIgniter))
 9 FCPATH\index.php(56): CodeIgniter\Boot::bootWeb(Object(Config\Paths))
CRITICAL - 2025-05-17 03:26:22 --> CodeIgniter\View\Exceptions\ViewException: Invalid file: "customer/auth/register.php"
[Method: GET, Route: sign]
in SYSTEMPATH\Exceptions\FrameworkException.php on line 39.
 1 SYSTEMPATH\View\View.php(212): CodeIgniter\Exceptions\FrameworkException::forInvalidFile('customer/auth/register.php')
 2 SYSTEMPATH\Common.php(1173): CodeIgniter\View\View->render('customer/auth/register', [], true)
 3 APPPATH\Controllers\Customer\AuthController.php(58): view('customer/auth/register')
 4 SYSTEMPATH\CodeIgniter.php(933): App\Controllers\Customer\AuthController->register()
 5 SYSTEMPATH\CodeIgniter.php(507): CodeIgniter\CodeIgniter->runController(Object(App\Controllers\Customer\AuthController))
 6 SYSTEMPATH\CodeIgniter.php(354): CodeIgniter\CodeIgniter->handleRequest(null, Object(Config\Cache), false)
 7 SYSTEMPATH\Boot.php(334): CodeIgniter\CodeIgniter->run()
 8 SYSTEMPATH\Boot.php(67): CodeIgniter\Boot::runCodeIgniter(Object(CodeIgniter\CodeIgniter))
 9 FCPATH\index.php(56): CodeIgniter\Boot::bootWeb(Object(Config\Paths))
CRITICAL - 2025-05-17 03:26:22 --> CodeIgniter\View\Exceptions\ViewException: Invalid file: "customer/auth/register.php"
[Method: GET, Route: sign]
in SYSTEMPATH\Exceptions\FrameworkException.php on line 39.
 1 SYSTEMPATH\View\View.php(212): CodeIgniter\Exceptions\FrameworkException::forInvalidFile('customer/auth/register.php')
 2 SYSTEMPATH\Common.php(1173): CodeIgniter\View\View->render('customer/auth/register', [], true)
 3 APPPATH\Controllers\Customer\AuthController.php(58): view('customer/auth/register')
 4 SYSTEMPATH\CodeIgniter.php(933): App\Controllers\Customer\AuthController->register()
 5 SYSTEMPATH\CodeIgniter.php(507): CodeIgniter\CodeIgniter->runController(Object(App\Controllers\Customer\AuthController))
 6 SYSTEMPATH\CodeIgniter.php(354): CodeIgniter\CodeIgniter->handleRequest(null, Object(Config\Cache), false)
 7 SYSTEMPATH\Boot.php(334): CodeIgniter\CodeIgniter->run()
 8 SYSTEMPATH\Boot.php(67): CodeIgniter\Boot::runCodeIgniter(Object(CodeIgniter\CodeIgniter))
 9 FCPATH\index.php(56): CodeIgniter\Boot::bootWeb(Object(Config\Paths))
CRITICAL - 2025-05-17 03:26:22 --> CodeIgniter\View\Exceptions\ViewException: Invalid file: "customer/auth/register.php"
[Method: GET, Route: sign]
in SYSTEMPATH\Exceptions\FrameworkException.php on line 39.
 1 SYSTEMPATH\View\View.php(212): CodeIgniter\Exceptions\FrameworkException::forInvalidFile('customer/auth/register.php')
 2 SYSTEMPATH\Common.php(1173): CodeIgniter\View\View->render('customer/auth/register', [], true)
 3 APPPATH\Controllers\Customer\AuthController.php(58): view('customer/auth/register')
 4 SYSTEMPATH\CodeIgniter.php(933): App\Controllers\Customer\AuthController->register()
 5 SYSTEMPATH\CodeIgniter.php(507): CodeIgniter\CodeIgniter->runController(Object(App\Controllers\Customer\AuthController))
 6 SYSTEMPATH\CodeIgniter.php(354): CodeIgniter\CodeIgniter->handleRequest(null, Object(Config\Cache), false)
 7 SYSTEMPATH\Boot.php(334): CodeIgniter\CodeIgniter->run()
 8 SYSTEMPATH\Boot.php(67): CodeIgniter\Boot::runCodeIgniter(Object(CodeIgniter\CodeIgniter))
 9 FCPATH\index.php(56): CodeIgniter\Boot::bootWeb(Object(Config\Paths))
CRITICAL - 2025-05-17 03:26:22 --> CodeIgniter\View\Exceptions\ViewException: Invalid file: "customer/auth/register.php"
[Method: GET, Route: sign]
in SYSTEMPATH\Exceptions\FrameworkException.php on line 39.
 1 SYSTEMPATH\View\View.php(212): CodeIgniter\Exceptions\FrameworkException::forInvalidFile('customer/auth/register.php')
 2 SYSTEMPATH\Common.php(1173): CodeIgniter\View\View->render('customer/auth/register', [], true)
 3 APPPATH\Controllers\Customer\AuthController.php(58): view('customer/auth/register')
 4 SYSTEMPATH\CodeIgniter.php(933): App\Controllers\Customer\AuthController->register()
 5 SYSTEMPATH\CodeIgniter.php(507): CodeIgniter\CodeIgniter->runController(Object(App\Controllers\Customer\AuthController))
 6 SYSTEMPATH\CodeIgniter.php(354): CodeIgniter\CodeIgniter->handleRequest(null, Object(Config\Cache), false)
 7 SYSTEMPATH\Boot.php(334): CodeIgniter\CodeIgniter->run()
 8 SYSTEMPATH\Boot.php(67): CodeIgniter\Boot::runCodeIgniter(Object(CodeIgniter\CodeIgniter))
 9 FCPATH\index.php(56): CodeIgniter\Boot::bootWeb(Object(Config\Paths))
CRITICAL - 2025-05-17 03:26:23 --> CodeIgniter\View\Exceptions\ViewException: Invalid file: "customer/auth/register.php"
[Method: GET, Route: sign]
in SYSTEMPATH\Exceptions\FrameworkException.php on line 39.
 1 SYSTEMPATH\View\View.php(212): CodeIgniter\Exceptions\FrameworkException::forInvalidFile('customer/auth/register.php')
 2 SYSTEMPATH\Common.php(1173): CodeIgniter\View\View->render('customer/auth/register', [], true)
 3 APPPATH\Controllers\Customer\AuthController.php(58): view('customer/auth/register')
 4 SYSTEMPATH\CodeIgniter.php(933): App\Controllers\Customer\AuthController->register()
 5 SYSTEMPATH\CodeIgniter.php(507): CodeIgniter\CodeIgniter->runController(Object(App\Controllers\Customer\AuthController))
 6 SYSTEMPATH\CodeIgniter.php(354): CodeIgniter\CodeIgniter->handleRequest(null, Object(Config\Cache), false)
 7 SYSTEMPATH\Boot.php(334): CodeIgniter\CodeIgniter->run()
 8 SYSTEMPATH\Boot.php(67): CodeIgniter\Boot::runCodeIgniter(Object(CodeIgniter\CodeIgniter))
 9 FCPATH\index.php(56): CodeIgniter\Boot::bootWeb(Object(Config\Paths))
CRITICAL - 2025-05-17 03:26:23 --> CodeIgniter\View\Exceptions\ViewException: Invalid file: "customer/auth/register.php"
[Method: GET, Route: sign]
in SYSTEMPATH\Exceptions\FrameworkException.php on line 39.
 1 SYSTEMPATH\View\View.php(212): CodeIgniter\Exceptions\FrameworkException::forInvalidFile('customer/auth/register.php')
 2 SYSTEMPATH\Common.php(1173): CodeIgniter\View\View->render('customer/auth/register', [], true)
 3 APPPATH\Controllers\Customer\AuthController.php(58): view('customer/auth/register')
 4 SYSTEMPATH\CodeIgniter.php(933): App\Controllers\Customer\AuthController->register()
 5 SYSTEMPATH\CodeIgniter.php(507): CodeIgniter\CodeIgniter->runController(Object(App\Controllers\Customer\AuthController))
 6 SYSTEMPATH\CodeIgniter.php(354): CodeIgniter\CodeIgniter->handleRequest(null, Object(Config\Cache), false)
 7 SYSTEMPATH\Boot.php(334): CodeIgniter\CodeIgniter->run()
 8 SYSTEMPATH\Boot.php(67): CodeIgniter\Boot::runCodeIgniter(Object(CodeIgniter\CodeIgniter))
 9 FCPATH\index.php(56): CodeIgniter\Boot::bootWeb(Object(Config\Paths))
CRITICAL - 2025-05-17 03:26:23 --> CodeIgniter\View\Exceptions\ViewException: Invalid file: "customer/auth/register.php"
[Method: GET, Route: sign]
in SYSTEMPATH\Exceptions\FrameworkException.php on line 39.
 1 SYSTEMPATH\View\View.php(212): CodeIgniter\Exceptions\FrameworkException::forInvalidFile('customer/auth/register.php')
 2 SYSTEMPATH\Common.php(1173): CodeIgniter\View\View->render('customer/auth/register', [], true)
 3 APPPATH\Controllers\Customer\AuthController.php(58): view('customer/auth/register')
 4 SYSTEMPATH\CodeIgniter.php(933): App\Controllers\Customer\AuthController->register()
 5 SYSTEMPATH\CodeIgniter.php(507): CodeIgniter\CodeIgniter->runController(Object(App\Controllers\Customer\AuthController))
 6 SYSTEMPATH\CodeIgniter.php(354): CodeIgniter\CodeIgniter->handleRequest(null, Object(Config\Cache), false)
 7 SYSTEMPATH\Boot.php(334): CodeIgniter\CodeIgniter->run()
 8 SYSTEMPATH\Boot.php(67): CodeIgniter\Boot::runCodeIgniter(Object(CodeIgniter\CodeIgniter))
 9 FCPATH\index.php(56): CodeIgniter\Boot::bootWeb(Object(Config\Paths))
CRITICAL - 2025-05-17 03:26:23 --> CodeIgniter\View\Exceptions\ViewException: Invalid file: "customer/auth/register.php"
[Method: GET, Route: sign]
in SYSTEMPATH\Exceptions\FrameworkException.php on line 39.
 1 SYSTEMPATH\View\View.php(212): CodeIgniter\Exceptions\FrameworkException::forInvalidFile('customer/auth/register.php')
 2 SYSTEMPATH\Common.php(1173): CodeIgniter\View\View->render('customer/auth/register', [], true)
 3 APPPATH\Controllers\Customer\AuthController.php(58): view('customer/auth/register')
 4 SYSTEMPATH\CodeIgniter.php(933): App\Controllers\Customer\AuthController->register()
 5 SYSTEMPATH\CodeIgniter.php(507): CodeIgniter\CodeIgniter->runController(Object(App\Controllers\Customer\AuthController))
 6 SYSTEMPATH\CodeIgniter.php(354): CodeIgniter\CodeIgniter->handleRequest(null, Object(Config\Cache), false)
 7 SYSTEMPATH\Boot.php(334): CodeIgniter\CodeIgniter->run()
 8 SYSTEMPATH\Boot.php(67): CodeIgniter\Boot::runCodeIgniter(Object(CodeIgniter\CodeIgniter))
 9 FCPATH\index.php(56): CodeIgniter\Boot::bootWeb(Object(Config\Paths))
CRITICAL - 2025-05-17 03:26:23 --> CodeIgniter\View\Exceptions\ViewException: Invalid file: "customer/auth/register.php"
[Method: GET, Route: sign]
in SYSTEMPATH\Exceptions\FrameworkException.php on line 39.
 1 SYSTEMPATH\View\View.php(212): CodeIgniter\Exceptions\FrameworkException::forInvalidFile('customer/auth/register.php')
 2 SYSTEMPATH\Common.php(1173): CodeIgniter\View\View->render('customer/auth/register', [], true)
 3 APPPATH\Controllers\Customer\AuthController.php(58): view('customer/auth/register')
 4 SYSTEMPATH\CodeIgniter.php(933): App\Controllers\Customer\AuthController->register()
 5 SYSTEMPATH\CodeIgniter.php(507): CodeIgniter\CodeIgniter->runController(Object(App\Controllers\Customer\AuthController))
 6 SYSTEMPATH\CodeIgniter.php(354): CodeIgniter\CodeIgniter->handleRequest(null, Object(Config\Cache), false)
 7 SYSTEMPATH\Boot.php(334): CodeIgniter\CodeIgniter->run()
 8 SYSTEMPATH\Boot.php(67): CodeIgniter\Boot::runCodeIgniter(Object(CodeIgniter\CodeIgniter))
 9 FCPATH\index.php(56): CodeIgniter\Boot::bootWeb(Object(Config\Paths))
CRITICAL - 2025-05-17 03:46:47 --> CodeIgniter\View\Exceptions\ViewException: Invalid file: "customer/productos/index.php"
[Method: GET, Route: /]
in SYSTEMPATH\Exceptions\FrameworkException.php on line 39.
 1 SYSTEMPATH\View\View.php(212): CodeIgniter\Exceptions\FrameworkException::forInvalidFile('customer/productos/index.php')
 2 SYSTEMPATH\Common.php(1173): CodeIgniter\View\View->render('customer/productos/index', [], true)
 3 APPPATH\Controllers\Customer\ProductoController.php(25): view('customer/productos/index', [...])
 4 SYSTEMPATH\CodeIgniter.php(933): App\Controllers\Customer\ProductoController->index()
 5 SYSTEMPATH\CodeIgniter.php(507): CodeIgniter\CodeIgniter->runController(Object(App\Controllers\Customer\ProductoController))
 6 SYSTEMPATH\CodeIgniter.php(354): CodeIgniter\CodeIgniter->handleRequest(null, Object(Config\Cache), false)
 7 SYSTEMPATH\Boot.php(334): CodeIgniter\CodeIgniter->run()
 8 SYSTEMPATH\Boot.php(67): CodeIgniter\Boot::runCodeIgniter(Object(CodeIgniter\CodeIgniter))
 9 FCPATH\index.php(56): CodeIgniter\Boot::bootWeb(Object(Config\Paths))
CRITICAL - 2025-05-17 03:46:49 --> CodeIgniter\View\Exceptions\ViewException: Invalid file: "customer/productos/index.php"
[Method: GET, Route: /]
in SYSTEMPATH\Exceptions\FrameworkException.php on line 39.
 1 SYSTEMPATH\View\View.php(212): CodeIgniter\Exceptions\FrameworkException::forInvalidFile('customer/productos/index.php')
 2 SYSTEMPATH\Common.php(1173): CodeIgniter\View\View->render('customer/productos/index', [], true)
 3 APPPATH\Controllers\Customer\ProductoController.php(25): view('customer/productos/index', [...])
 4 SYSTEMPATH\CodeIgniter.php(933): App\Controllers\Customer\ProductoController->index()
 5 SYSTEMPATH\CodeIgniter.php(507): CodeIgniter\CodeIgniter->runController(Object(App\Controllers\Customer\ProductoController))
 6 SYSTEMPATH\CodeIgniter.php(354): CodeIgniter\CodeIgniter->handleRequest(null, Object(Config\Cache), false)
 7 SYSTEMPATH\Boot.php(334): CodeIgniter\CodeIgniter->run()
 8 SYSTEMPATH\Boot.php(67): CodeIgniter\Boot::runCodeIgniter(Object(CodeIgniter\CodeIgniter))
 9 FCPATH\index.php(56): CodeIgniter\Boot::bootWeb(Object(Config\Paths))
CRITICAL - 2025-05-17 03:48:05 --> CodeIgniter\View\Exceptions\ViewException: Invalid file: "customer/productos/index.php"
[Method: GET, Route: /]
in SYSTEMPATH\Exceptions\FrameworkException.php on line 39.
 1 SYSTEMPATH\View\View.php(212): CodeIgniter\Exceptions\FrameworkException::forInvalidFile('customer/productos/index.php')
 2 SYSTEMPATH\Common.php(1173): CodeIgniter\View\View->render('customer/productos/index', [], true)
 3 APPPATH\Controllers\Customer\ProductoController.php(25): view('customer/productos/index', [...])
 4 SYSTEMPATH\CodeIgniter.php(933): App\Controllers\Customer\ProductoController->index()
 5 SYSTEMPATH\CodeIgniter.php(507): CodeIgniter\CodeIgniter->runController(Object(App\Controllers\Customer\ProductoController))
 6 SYSTEMPATH\CodeIgniter.php(354): CodeIgniter\CodeIgniter->handleRequest(null, Object(Config\Cache), false)
 7 SYSTEMPATH\Boot.php(334): CodeIgniter\CodeIgniter->run()
 8 SYSTEMPATH\Boot.php(67): CodeIgniter\Boot::runCodeIgniter(Object(CodeIgniter\CodeIgniter))
 9 FCPATH\index.php(56): CodeIgniter\Boot::bootWeb(Object(Config\Paths))
CRITICAL - 2025-05-17 03:48:06 --> CodeIgniter\View\Exceptions\ViewException: Invalid file: "customer/productos/index.php"
[Method: GET, Route: /]
in SYSTEMPATH\Exceptions\FrameworkException.php on line 39.
 1 SYSTEMPATH\View\View.php(212): CodeIgniter\Exceptions\FrameworkException::forInvalidFile('customer/productos/index.php')
 2 SYSTEMPATH\Common.php(1173): CodeIgniter\View\View->render('customer/productos/index', [], true)
 3 APPPATH\Controllers\Customer\ProductoController.php(25): view('customer/productos/index', [...])
 4 SYSTEMPATH\CodeIgniter.php(933): App\Controllers\Customer\ProductoController->index()
 5 SYSTEMPATH\CodeIgniter.php(507): CodeIgniter\CodeIgniter->runController(Object(App\Controllers\Customer\ProductoController))
 6 SYSTEMPATH\CodeIgniter.php(354): CodeIgniter\CodeIgniter->handleRequest(null, Object(Config\Cache), false)
 7 SYSTEMPATH\Boot.php(334): CodeIgniter\CodeIgniter->run()
 8 SYSTEMPATH\Boot.php(67): CodeIgniter\Boot::runCodeIgniter(Object(CodeIgniter\CodeIgniter))
 9 FCPATH\index.php(56): CodeIgniter\Boot::bootWeb(Object(Config\Paths))
CRITICAL - 2025-05-17 03:48:06 --> CodeIgniter\View\Exceptions\ViewException: Invalid file: "customer/productos/index.php"
[Method: GET, Route: /]
in SYSTEMPATH\Exceptions\FrameworkException.php on line 39.
 1 SYSTEMPATH\View\View.php(212): CodeIgniter\Exceptions\FrameworkException::forInvalidFile('customer/productos/index.php')
 2 SYSTEMPATH\Common.php(1173): CodeIgniter\View\View->render('customer/productos/index', [], true)
 3 APPPATH\Controllers\Customer\ProductoController.php(25): view('customer/productos/index', [...])
 4 SYSTEMPATH\CodeIgniter.php(933): App\Controllers\Customer\ProductoController->index()
 5 SYSTEMPATH\CodeIgniter.php(507): CodeIgniter\CodeIgniter->runController(Object(App\Controllers\Customer\ProductoController))
 6 SYSTEMPATH\CodeIgniter.php(354): CodeIgniter\CodeIgniter->handleRequest(null, Object(Config\Cache), false)
 7 SYSTEMPATH\Boot.php(334): CodeIgniter\CodeIgniter->run()
 8 SYSTEMPATH\Boot.php(67): CodeIgniter\Boot::runCodeIgniter(Object(CodeIgniter\CodeIgniter))
 9 FCPATH\index.php(56): CodeIgniter\Boot::bootWeb(Object(Config\Paths))
CRITICAL - 2025-05-17 03:48:06 --> CodeIgniter\View\Exceptions\ViewException: Invalid file: "customer/productos/index.php"
[Method: GET, Route: /]
in SYSTEMPATH\Exceptions\FrameworkException.php on line 39.
 1 SYSTEMPATH\View\View.php(212): CodeIgniter\Exceptions\FrameworkException::forInvalidFile('customer/productos/index.php')
 2 SYSTEMPATH\Common.php(1173): CodeIgniter\View\View->render('customer/productos/index', [], true)
 3 APPPATH\Controllers\Customer\ProductoController.php(25): view('customer/productos/index', [...])
 4 SYSTEMPATH\CodeIgniter.php(933): App\Controllers\Customer\ProductoController->index()
 5 SYSTEMPATH\CodeIgniter.php(507): CodeIgniter\CodeIgniter->runController(Object(App\Controllers\Customer\ProductoController))
 6 SYSTEMPATH\CodeIgniter.php(354): CodeIgniter\CodeIgniter->handleRequest(null, Object(Config\Cache), false)
 7 SYSTEMPATH\Boot.php(334): CodeIgniter\CodeIgniter->run()
 8 SYSTEMPATH\Boot.php(67): CodeIgniter\Boot::runCodeIgniter(Object(CodeIgniter\CodeIgniter))
 9 FCPATH\index.php(56): CodeIgniter\Boot::bootWeb(Object(Config\Paths))
CRITICAL - 2025-05-17 03:48:07 --> CodeIgniter\View\Exceptions\ViewException: Invalid file: "customer/productos/index.php"
[Method: GET, Route: /]
in SYSTEMPATH\Exceptions\FrameworkException.php on line 39.
 1 SYSTEMPATH\View\View.php(212): CodeIgniter\Exceptions\FrameworkException::forInvalidFile('customer/productos/index.php')
 2 SYSTEMPATH\Common.php(1173): CodeIgniter\View\View->render('customer/productos/index', [], true)
 3 APPPATH\Controllers\Customer\ProductoController.php(25): view('customer/productos/index', [...])
 4 SYSTEMPATH\CodeIgniter.php(933): App\Controllers\Customer\ProductoController->index()
 5 SYSTEMPATH\CodeIgniter.php(507): CodeIgniter\CodeIgniter->runController(Object(App\Controllers\Customer\ProductoController))
 6 SYSTEMPATH\CodeIgniter.php(354): CodeIgniter\CodeIgniter->handleRequest(null, Object(Config\Cache), false)
 7 SYSTEMPATH\Boot.php(334): CodeIgniter\CodeIgniter->run()
 8 SYSTEMPATH\Boot.php(67): CodeIgniter\Boot::runCodeIgniter(Object(CodeIgniter\CodeIgniter))
 9 FCPATH\index.php(56): CodeIgniter\Boot::bootWeb(Object(Config\Paths))
CRITICAL - 2025-05-17 03:48:07 --> CodeIgniter\View\Exceptions\ViewException: Invalid file: "customer/productos/index.php"
[Method: GET, Route: /]
in SYSTEMPATH\Exceptions\FrameworkException.php on line 39.
 1 SYSTEMPATH\View\View.php(212): CodeIgniter\Exceptions\FrameworkException::forInvalidFile('customer/productos/index.php')
 2 SYSTEMPATH\Common.php(1173): CodeIgniter\View\View->render('customer/productos/index', [], true)
 3 APPPATH\Controllers\Customer\ProductoController.php(25): view('customer/productos/index', [...])
 4 SYSTEMPATH\CodeIgniter.php(933): App\Controllers\Customer\ProductoController->index()
 5 SYSTEMPATH\CodeIgniter.php(507): CodeIgniter\CodeIgniter->runController(Object(App\Controllers\Customer\ProductoController))
 6 SYSTEMPATH\CodeIgniter.php(354): CodeIgniter\CodeIgniter->handleRequest(null, Object(Config\Cache), false)
 7 SYSTEMPATH\Boot.php(334): CodeIgniter\CodeIgniter->run()
 8 SYSTEMPATH\Boot.php(67): CodeIgniter\Boot::runCodeIgniter(Object(CodeIgniter\CodeIgniter))
 9 FCPATH\index.php(56): CodeIgniter\Boot::bootWeb(Object(Config\Paths))
CRITICAL - 2025-05-17 03:48:08 --> CodeIgniter\View\Exceptions\ViewException: Invalid file: "customer/productos/index.php"
[Method: GET, Route: /]
in SYSTEMPATH\Exceptions\FrameworkException.php on line 39.
 1 SYSTEMPATH\View\View.php(212): CodeIgniter\Exceptions\FrameworkException::forInvalidFile('customer/productos/index.php')
 2 SYSTEMPATH\Common.php(1173): CodeIgniter\View\View->render('customer/productos/index', [], true)
 3 APPPATH\Controllers\Customer\ProductoController.php(25): view('customer/productos/index', [...])
 4 SYSTEMPATH\CodeIgniter.php(933): App\Controllers\Customer\ProductoController->index()
 5 SYSTEMPATH\CodeIgniter.php(507): CodeIgniter\CodeIgniter->runController(Object(App\Controllers\Customer\ProductoController))
 6 SYSTEMPATH\CodeIgniter.php(354): CodeIgniter\CodeIgniter->handleRequest(null, Object(Config\Cache), false)
 7 SYSTEMPATH\Boot.php(334): CodeIgniter\CodeIgniter->run()
 8 SYSTEMPATH\Boot.php(67): CodeIgniter\Boot::runCodeIgniter(Object(CodeIgniter\CodeIgniter))
 9 FCPATH\index.php(56): CodeIgniter\Boot::bootWeb(Object(Config\Paths))
CRITICAL - 2025-05-17 03:48:09 --> CodeIgniter\View\Exceptions\ViewException: Invalid file: "customer/productos/index.php"
[Method: GET, Route: /]
in SYSTEMPATH\Exceptions\FrameworkException.php on line 39.
 1 SYSTEMPATH\View\View.php(212): CodeIgniter\Exceptions\FrameworkException::forInvalidFile('customer/productos/index.php')
 2 SYSTEMPATH\Common.php(1173): CodeIgniter\View\View->render('customer/productos/index', [], true)
 3 APPPATH\Controllers\Customer\ProductoController.php(25): view('customer/productos/index', [...])
 4 SYSTEMPATH\CodeIgniter.php(933): App\Controllers\Customer\ProductoController->index()
 5 SYSTEMPATH\CodeIgniter.php(507): CodeIgniter\CodeIgniter->runController(Object(App\Controllers\Customer\ProductoController))
 6 SYSTEMPATH\CodeIgniter.php(354): CodeIgniter\CodeIgniter->handleRequest(null, Object(Config\Cache), false)
 7 SYSTEMPATH\Boot.php(334): CodeIgniter\CodeIgniter->run()
 8 SYSTEMPATH\Boot.php(67): CodeIgniter\Boot::runCodeIgniter(Object(CodeIgniter\CodeIgniter))
 9 FCPATH\index.php(56): CodeIgniter\Boot::bootWeb(Object(Config\Paths))
CRITICAL - 2025-05-17 03:48:12 --> CodeIgniter\View\Exceptions\ViewException: Invalid file: "customer/productos/index.php"
[Method: GET, Route: /]
in SYSTEMPATH\Exceptions\FrameworkException.php on line 39.
 1 SYSTEMPATH\View\View.php(212): CodeIgniter\Exceptions\FrameworkException::forInvalidFile('customer/productos/index.php')
 2 SYSTEMPATH\Common.php(1173): CodeIgniter\View\View->render('customer/productos/index', [], true)
 3 APPPATH\Controllers\Customer\ProductoController.php(25): view('customer/productos/index', [...])
 4 SYSTEMPATH\CodeIgniter.php(933): App\Controllers\Customer\ProductoController->index()
 5 SYSTEMPATH\CodeIgniter.php(507): CodeIgniter\CodeIgniter->runController(Object(App\Controllers\Customer\ProductoController))
 6 SYSTEMPATH\CodeIgniter.php(354): CodeIgniter\CodeIgniter->handleRequest(null, Object(Config\Cache), false)
 7 SYSTEMPATH\Boot.php(334): CodeIgniter\CodeIgniter->run()
 8 SYSTEMPATH\Boot.php(67): CodeIgniter\Boot::runCodeIgniter(Object(CodeIgniter\CodeIgniter))
 9 FCPATH\index.php(56): CodeIgniter\Boot::bootWeb(Object(Config\Paths))
CRITICAL - 2025-05-17 03:49:11 --> CodeIgniter\View\Exceptions\ViewException: Invalid file: "templates/footer.php"
[Method: GET, Route: sign]
in SYSTEMPATH\Exceptions\FrameworkException.php on line 39.
 1 SYSTEMPATH\View\View.php(212): CodeIgniter\Exceptions\FrameworkException::forInvalidFile('templates/footer.php')
 2 SYSTEMPATH\Common.php(1173): CodeIgniter\View\View->render('templates/footer', [], true)
 3 APPPATH\Views\sign.php(66): view('templates/footer')
 4 SYSTEMPATH\View\View.php(224): include('C:\\xampp\\htdocs\\proyecto_benitez_lopez\\app\\Views\\sign.php')
 5 SYSTEMPATH\View\View.php(227): CodeIgniter\View\View->CodeIgniter\View\{closure}()
 6 SYSTEMPATH\Common.php(1173): CodeIgniter\View\View->render('sign', [], true)
 7 APPPATH\Controllers\Home.php(75): view('sign')
 8 SYSTEMPATH\CodeIgniter.php(933): App\Controllers\Home->sign()
 9 SYSTEMPATH\CodeIgniter.php(507): CodeIgniter\CodeIgniter->runController(Object(App\Controllers\Home))
10 SYSTEMPATH\CodeIgniter.php(354): CodeIgniter\CodeIgniter->handleRequest(null, Object(Config\Cache), false)
11 SYSTEMPATH\Boot.php(334): CodeIgniter\CodeIgniter->run()
12 SYSTEMPATH\Boot.php(67): CodeIgniter\Boot::runCodeIgniter(Object(CodeIgniter\CodeIgniter))
13 FCPATH\index.php(56): CodeIgniter\Boot::bootWeb(Object(Config\Paths))
CRITICAL - 2025-05-17 03:50:07 --> CodeIgniter\View\Exceptions\ViewException: Invalid file: "templates/footer.php"
[Method: GET, Route: sign]
in SYSTEMPATH\Exceptions\FrameworkException.php on line 39.
 1 SYSTEMPATH\View\View.php(212): CodeIgniter\Exceptions\FrameworkException::forInvalidFile('templates/footer.php')
 2 SYSTEMPATH\Common.php(1173): CodeIgniter\View\View->render('templates/footer', [], true)
 3 APPPATH\Views\sign.php(66): view('templates/footer')
 4 SYSTEMPATH\View\View.php(224): include('C:\\xampp\\htdocs\\proyecto_benitez_lopez\\app\\Views\\sign.php')
 5 SYSTEMPATH\View\View.php(227): CodeIgniter\View\View->CodeIgniter\View\{closure}()
 6 SYSTEMPATH\Common.php(1173): CodeIgniter\View\View->render('sign', [], true)
 7 APPPATH\Controllers\Home.php(75): view('sign')
 8 SYSTEMPATH\CodeIgniter.php(933): App\Controllers\Home->sign()
 9 SYSTEMPATH\CodeIgniter.php(507): CodeIgniter\CodeIgniter->runController(Object(App\Controllers\Home))
10 SYSTEMPATH\CodeIgniter.php(354): CodeIgniter\CodeIgniter->handleRequest(null, Object(Config\Cache), false)
11 SYSTEMPATH\Boot.php(334): CodeIgniter\CodeIgniter->run()
12 SYSTEMPATH\Boot.php(67): CodeIgniter\Boot::runCodeIgniter(Object(CodeIgniter\CodeIgniter))
13 FCPATH\index.php(56): CodeIgniter\Boot::bootWeb(Object(Config\Paths))
CRITICAL - 2025-05-17 03:56:24 --> CodeIgniter\View\Exceptions\ViewException: Invalid file: "templates/footer.php"
[Method: GET, Route: sign]
in SYSTEMPATH\Exceptions\FrameworkException.php on line 39.
 1 SYSTEMPATH\View\View.php(212): CodeIgniter\Exceptions\FrameworkException::forInvalidFile('templates/footer.php')
 2 SYSTEMPATH\Common.php(1173): CodeIgniter\View\View->render('templates/footer', [], true)
 3 APPPATH\Views\sign.php(66): view('templates/footer')
 4 SYSTEMPATH\View\View.php(224): include('C:\\xampp\\htdocs\\proyecto_benitez_lopez\\app\\Views\\sign.php')
 5 SYSTEMPATH\View\View.php(227): CodeIgniter\View\View->CodeIgniter\View\{closure}()
 6 SYSTEMPATH\Common.php(1173): CodeIgniter\View\View->render('sign', [], true)
 7 APPPATH\Controllers\Home.php(75): view('sign')
 8 SYSTEMPATH\CodeIgniter.php(933): App\Controllers\Home->sign()
 9 SYSTEMPATH\CodeIgniter.php(507): CodeIgniter\CodeIgniter->runController(Object(App\Controllers\Home))
10 SYSTEMPATH\CodeIgniter.php(354): CodeIgniter\CodeIgniter->handleRequest(null, Object(Config\Cache), false)
11 SYSTEMPATH\Boot.php(334): CodeIgniter\CodeIgniter->run()
12 SYSTEMPATH\Boot.php(67): CodeIgniter\Boot::runCodeIgniter(Object(CodeIgniter\CodeIgniter))
13 FCPATH\index.php(56): CodeIgniter\Boot::bootWeb(Object(Config\Paths))
CRITICAL - 2025-05-17 03:56:25 --> CodeIgniter\View\Exceptions\ViewException: Invalid file: "templates/footer.php"
[Method: GET, Route: sign]
in SYSTEMPATH\Exceptions\FrameworkException.php on line 39.
 1 SYSTEMPATH\View\View.php(212): CodeIgniter\Exceptions\FrameworkException::forInvalidFile('templates/footer.php')
 2 SYSTEMPATH\Common.php(1173): CodeIgniter\View\View->render('templates/footer', [], true)
 3 APPPATH\Views\sign.php(66): view('templates/footer')
 4 SYSTEMPATH\View\View.php(224): include('C:\\xampp\\htdocs\\proyecto_benitez_lopez\\app\\Views\\sign.php')
 5 SYSTEMPATH\View\View.php(227): CodeIgniter\View\View->CodeIgniter\View\{closure}()
 6 SYSTEMPATH\Common.php(1173): CodeIgniter\View\View->render('sign', [], true)
 7 APPPATH\Controllers\Home.php(75): view('sign')
 8 SYSTEMPATH\CodeIgniter.php(933): App\Controllers\Home->sign()
 9 SYSTEMPATH\CodeIgniter.php(507): CodeIgniter\CodeIgniter->runController(Object(App\Controllers\Home))
10 SYSTEMPATH\CodeIgniter.php(354): CodeIgniter\CodeIgniter->handleRequest(null, Object(Config\Cache), false)
11 SYSTEMPATH\Boot.php(334): CodeIgniter\CodeIgniter->run()
12 SYSTEMPATH\Boot.php(67): CodeIgniter\Boot::runCodeIgniter(Object(CodeIgniter\CodeIgniter))
13 FCPATH\index.php(56): CodeIgniter\Boot::bootWeb(Object(Config\Paths))
CRITICAL - 2025-05-17 03:56:35 --> CodeIgniter\View\Exceptions\ViewException: Invalid file: "templates/header.php"
[Method: GET, Route: register]
in SYSTEMPATH\Exceptions\FrameworkException.php on line 39.
 1 SYSTEMPATH\View\View.php(212): CodeIgniter\Exceptions\FrameworkException::forInvalidFile('templates/header.php')
 2 SYSTEMPATH\Common.php(1173): CodeIgniter\View\View->render('templates/header', [], true)
 3 APPPATH\Views\customer\auth\register.php(1): view('templates/header')
 4 SYSTEMPATH\View\View.php(224): include('C:\\xampp\\htdocs\\proyecto_benitez_lopez\\app\\Views\\customer\\auth\\register.php')
 5 SYSTEMPATH\View\View.php(227): CodeIgniter\View\View->CodeIgniter\View\{closure}()
 6 SYSTEMPATH\Common.php(1173): CodeIgniter\View\View->render('customer/auth/register', [], true)
 7 APPPATH\Controllers\Customer\AuthController.php(83): view('customer/auth/register')
 8 SYSTEMPATH\CodeIgniter.php(933): App\Controllers\Customer\AuthController->register()
 9 SYSTEMPATH\CodeIgniter.php(507): CodeIgniter\CodeIgniter->runController(Object(App\Controllers\Customer\AuthController))
10 SYSTEMPATH\CodeIgniter.php(354): CodeIgniter\CodeIgniter->handleRequest(null, Object(Config\Cache), false)
11 SYSTEMPATH\Boot.php(334): CodeIgniter\CodeIgniter->run()
12 SYSTEMPATH\Boot.php(67): CodeIgniter\Boot::runCodeIgniter(Object(CodeIgniter\CodeIgniter))
13 FCPATH\index.php(56): CodeIgniter\Boot::bootWeb(Object(Config\Paths))
CRITICAL - 2025-05-17 03:58:41 --> CodeIgniter\View\Exceptions\ViewException: Invalid file: "templates/header.php"
[Method: GET, Route: register]
in SYSTEMPATH\Exceptions\FrameworkException.php on line 39.
 1 SYSTEMPATH\View\View.php(212): CodeIgniter\Exceptions\FrameworkException::forInvalidFile('templates/header.php')
 2 SYSTEMPATH\Common.php(1173): CodeIgniter\View\View->render('templates/header', [], true)
 3 APPPATH\Views\customer\auth\register.php(1): view('templates/header')
 4 SYSTEMPATH\View\View.php(224): include('C:\\xampp\\htdocs\\proyecto_benitez_lopez\\app\\Views\\customer\\auth\\register.php')
 5 SYSTEMPATH\View\View.php(227): CodeIgniter\View\View->CodeIgniter\View\{closure}()
 6 SYSTEMPATH\Common.php(1173): CodeIgniter\View\View->render('customer/auth/register', [], true)
 7 APPPATH\Controllers\Customer\AuthController.php(83): view('customer/auth/register')
 8 SYSTEMPATH\CodeIgniter.php(933): App\Controllers\Customer\AuthController->register()
 9 SYSTEMPATH\CodeIgniter.php(507): CodeIgniter\CodeIgniter->runController(Object(App\Controllers\Customer\AuthController))
10 SYSTEMPATH\CodeIgniter.php(354): CodeIgniter\CodeIgniter->handleRequest(null, Object(Config\Cache), false)
11 SYSTEMPATH\Boot.php(334): CodeIgniter\CodeIgniter->run()
12 SYSTEMPATH\Boot.php(67): CodeIgniter\Boot::runCodeIgniter(Object(CodeIgniter\CodeIgniter))
13 FCPATH\index.php(56): CodeIgniter\Boot::bootWeb(Object(Config\Paths))
CRITICAL - 2025-05-17 03:58:57 --> CodeIgniter\View\Exceptions\ViewException: Invalid file: "templates/footer.php"
[Method: GET, Route: sign]
in SYSTEMPATH\Exceptions\FrameworkException.php on line 39.
 1 SYSTEMPATH\View\View.php(212): CodeIgniter\Exceptions\FrameworkException::forInvalidFile('templates/footer.php')
 2 SYSTEMPATH\Common.php(1173): CodeIgniter\View\View->render('templates/footer', [], true)
 3 APPPATH\Views\sign.php(66): view('templates/footer')
 4 SYSTEMPATH\View\View.php(224): include('C:\\xampp\\htdocs\\proyecto_benitez_lopez\\app\\Views\\sign.php')
 5 SYSTEMPATH\View\View.php(227): CodeIgniter\View\View->CodeIgniter\View\{closure}()
 6 SYSTEMPATH\Common.php(1173): CodeIgniter\View\View->render('sign', [], true)
 7 APPPATH\Controllers\Home.php(75): view('sign')
 8 SYSTEMPATH\CodeIgniter.php(933): App\Controllers\Home->sign()
 9 SYSTEMPATH\CodeIgniter.php(507): CodeIgniter\CodeIgniter->runController(Object(App\Controllers\Home))
10 SYSTEMPATH\CodeIgniter.php(354): CodeIgniter\CodeIgniter->handleRequest(null, Object(Config\Cache), false)
11 SYSTEMPATH\Boot.php(334): CodeIgniter\CodeIgniter->run()
12 SYSTEMPATH\Boot.php(67): CodeIgniter\Boot::runCodeIgniter(Object(CodeIgniter\CodeIgniter))
13 FCPATH\index.php(56): CodeIgniter\Boot::bootWeb(Object(Config\Paths))
CRITICAL - 2025-05-17 15:38:15 --> CodeIgniter\View\Exceptions\ViewException: Invalid file: "customer/productos/index.php"
[Method: GET, Route: /]
in SYSTEMPATH\Exceptions\FrameworkException.php on line 39.
 1 SYSTEMPATH\View\View.php(212): CodeIgniter\Exceptions\FrameworkException::forInvalidFile('customer/productos/index.php')
 2 SYSTEMPATH\Common.php(1173): CodeIgniter\View\View->render('customer/productos/index', [], true)
 3 APPPATH\Controllers\Customer\ProductoController.php(25): view('customer/productos/index', [...])
 4 SYSTEMPATH\CodeIgniter.php(933): App\Controllers\Customer\ProductoController->index()
 5 SYSTEMPATH\CodeIgniter.php(507): CodeIgniter\CodeIgniter->runController(Object(App\Controllers\Customer\ProductoController))
 6 SYSTEMPATH\CodeIgniter.php(354): CodeIgniter\CodeIgniter->handleRequest(null, Object(Config\Cache), false)
 7 SYSTEMPATH\Boot.php(334): CodeIgniter\CodeIgniter->run()
 8 SYSTEMPATH\Boot.php(67): CodeIgniter\Boot::runCodeIgniter(Object(CodeIgniter\CodeIgniter))
 9 FCPATH\index.php(56): CodeIgniter\Boot::bootWeb(Object(Config\Paths))
CRITICAL - 2025-05-17 15:38:20 --> CodeIgniter\View\Exceptions\ViewException: Invalid file: "customer/productos/index.php"
[Method: GET, Route: /]
in SYSTEMPATH\Exceptions\FrameworkException.php on line 39.
 1 SYSTEMPATH\View\View.php(212): CodeIgniter\Exceptions\FrameworkException::forInvalidFile('customer/productos/index.php')
 2 SYSTEMPATH\Common.php(1173): CodeIgniter\View\View->render('customer/productos/index', [], true)
 3 APPPATH\Controllers\Customer\ProductoController.php(25): view('customer/productos/index', [...])
 4 SYSTEMPATH\CodeIgniter.php(933): App\Controllers\Customer\ProductoController->index()
 5 SYSTEMPATH\CodeIgniter.php(507): CodeIgniter\CodeIgniter->runController(Object(App\Controllers\Customer\ProductoController))
 6 SYSTEMPATH\CodeIgniter.php(354): CodeIgniter\CodeIgniter->handleRequest(null, Object(Config\Cache), false)
 7 SYSTEMPATH\Boot.php(334): CodeIgniter\CodeIgniter->run()
 8 SYSTEMPATH\Boot.php(67): CodeIgniter\Boot::runCodeIgniter(Object(CodeIgniter\CodeIgniter))
 9 FCPATH\index.php(56): CodeIgniter\Boot::bootWeb(Object(Config\Paths))
